Archive member included to satisfy reference by file (symbol)

/usr/lib/gcc/arm-none-eabi/13.2.1/thumb/v6-m/nofp/libgcc.a(_dvmd_tls.o)
                              CMakeFiles/galton_board.dir/home/vagner/pico/pico-sdk/src/rp2_common/pico_divider/divider_hardware.S.o (__aeabi_idiv0)
/usr/lib/gcc/arm-none-eabi/13.2.1/../../../arm-none-eabi/lib/thumb/v6-m/nofp/libg.a(libc_a-rand.o)
                              CMakeFiles/galton_board.dir/galton_board.c.o (srand)
/usr/lib/gcc/arm-none-eabi/13.2.1/../../../arm-none-eabi/lib/thumb/v6-m/nofp/libg.a(libc_a-itoa.o)
                              CMakeFiles/galton_board.dir/galton_board.c.o (itoa)
/usr/lib/gcc/arm-none-eabi/13.2.1/../../../arm-none-eabi/lib/thumb/v6-m/nofp/libg.a(libc_a-calloc.o)
                              CMakeFiles/galton_board.dir/home/vagner/pico/pico-sdk/src/rp2_common/pico_malloc/malloc.c.o (calloc)
/usr/lib/gcc/arm-none-eabi/13.2.1/../../../arm-none-eabi/lib/thumb/v6-m/nofp/libg.a(libc_a-impure.o)
                              /usr/lib/gcc/arm-none-eabi/13.2.1/../../../arm-none-eabi/lib/thumb/v6-m/nofp/libg.a(libc_a-rand.o) (_impure_ptr)
/usr/lib/gcc/arm-none-eabi/13.2.1/../../../arm-none-eabi/lib/thumb/v6-m/nofp/libg.a(libc_a-utoa.o)
                              /usr/lib/gcc/arm-none-eabi/13.2.1/../../../arm-none-eabi/lib/thumb/v6-m/nofp/libg.a(libc_a-itoa.o) (__utoa)
/usr/lib/gcc/arm-none-eabi/13.2.1/../../../arm-none-eabi/lib/thumb/v6-m/nofp/libg.a(libc_a-callocr.o)
                              /usr/lib/gcc/arm-none-eabi/13.2.1/../../../arm-none-eabi/lib/thumb/v6-m/nofp/libg.a(libc_a-calloc.o) (_calloc_r)
/usr/lib/gcc/arm-none-eabi/13.2.1/../../../arm-none-eabi/lib/thumb/v6-m/nofp/libg.a(libc_a-realloc.o)
                              CMakeFiles/galton_board.dir/home/vagner/pico/pico-sdk/src/rp2_common/pico_malloc/malloc.c.o (realloc)
/usr/lib/gcc/arm-none-eabi/13.2.1/../../../arm-none-eabi/lib/thumb/v6-m/nofp/libg.a(libc_a-mallocr.o)
                              /usr/lib/gcc/arm-none-eabi/13.2.1/../../../arm-none-eabi/lib/thumb/v6-m/nofp/libg.a(libc_a-callocr.o) (_malloc_r)
/usr/lib/gcc/arm-none-eabi/13.2.1/../../../arm-none-eabi/lib/thumb/v6-m/nofp/libg.a(libc_a-freer.o)
                              /usr/lib/gcc/arm-none-eabi/13.2.1/../../../arm-none-eabi/lib/thumb/v6-m/nofp/libg.a(libc_a-mallocr.o) (_free_r)
/usr/lib/gcc/arm-none-eabi/13.2.1/../../../arm-none-eabi/lib/thumb/v6-m/nofp/libg.a(libc_a-memcmp.o)
                              CMakeFiles/galton_board.dir/home/vagner/pico/pico-sdk/src/rp2_common/pico_atomic/atomic.c.o (memcmp)
/usr/lib/gcc/arm-none-eabi/13.2.1/../../../arm-none-eabi/lib/thumb/v6-m/nofp/libg.a(libc_a-malloc.o)
                              CMakeFiles/galton_board.dir/home/vagner/pico/pico-sdk/src/rp2_common/pico_malloc/malloc.c.o (malloc)
/usr/lib/gcc/arm-none-eabi/13.2.1/../../../arm-none-eabi/lib/thumb/v6-m/nofp/libg.a(libc_a-sysconf.o)
                              /usr/lib/gcc/arm-none-eabi/13.2.1/../../../arm-none-eabi/lib/thumb/v6-m/nofp/libg.a(libc_a-mallocr.o) (sysconf)
/usr/lib/gcc/arm-none-eabi/13.2.1/../../../arm-none-eabi/lib/thumb/v6-m/nofp/libg.a(libc_a-init.o)
                              /usr/lib/gcc/arm-none-eabi/13.2.1/../../../arm-none-eabi/lib/thumb/v6-m/nofp/crt0.o (__libc_init_array)
/usr/lib/gcc/arm-none-eabi/13.2.1/../../../arm-none-eabi/lib/thumb/v6-m/nofp/libg.a(libc_a-reallocr.o)
                              /usr/lib/gcc/arm-none-eabi/13.2.1/../../../arm-none-eabi/lib/thumb/v6-m/nofp/libg.a(libc_a-realloc.o) (_realloc_r)
/usr/lib/gcc/arm-none-eabi/13.2.1/../../../arm-none-eabi/lib/thumb/v6-m/nofp/libg.a(libc_a-mktime.o)
                              CMakeFiles/galton_board.dir/home/vagner/pico/pico-sdk/src/common/pico_util/datetime.c.o (mktime)
/usr/lib/gcc/arm-none-eabi/13.2.1/../../../arm-none-eabi/lib/thumb/v6-m/nofp/libg.a(libc_a-mlock.o)
                              /usr/lib/gcc/arm-none-eabi/13.2.1/../../../arm-none-eabi/lib/thumb/v6-m/nofp/libg.a(libc_a-mallocr.o) (__malloc_lock)
/usr/lib/gcc/arm-none-eabi/13.2.1/../../../arm-none-eabi/lib/thumb/v6-m/nofp/libg.a(libc_a-findfp.o)
                              /usr/lib/gcc/arm-none-eabi/13.2.1/../../../arm-none-eabi/lib/thumb/v6-m/nofp/libg.a(libc_a-impure.o) (__sf)
/usr/lib/gcc/arm-none-eabi/13.2.1/../../../arm-none-eabi/lib/thumb/v6-m/nofp/libg.a(libc_a-tzlock.o)
                              /usr/lib/gcc/arm-none-eabi/13.2.1/../../../arm-none-eabi/lib/thumb/v6-m/nofp/libg.a(libc_a-mktime.o) (__tz_lock)
/usr/lib/gcc/arm-none-eabi/13.2.1/../../../arm-none-eabi/lib/thumb/v6-m/nofp/libg.a(libc_a-atexit.o)
                              /usr/lib/gcc/arm-none-eabi/13.2.1/../../../arm-none-eabi/lib/thumb/v6-m/nofp/crt0.o (atexit)
/usr/lib/gcc/arm-none-eabi/13.2.1/../../../arm-none-eabi/lib/thumb/v6-m/nofp/libg.a(libc_a-lcltime_r.o)
                              CMakeFiles/galton_board.dir/home/vagner/pico/pico-sdk/src/common/pico_util/datetime.c.o (localtime_r)
[...]
Memory Configuration

Name             Origin             Length             Attributes
FLASH            0x10000000         0x00200000         xr
RAM              0x20000000         0x00040000         xrw
SCRATCH_X        0x20040000         0x00001000         xrw
SCRATCH_Y        0x20041000         0x00001000         xrw
*default*        0x00000000         0xffffffff

Linker script and memory map

LOAD /usr/lib/gcc/arm-none-eabi/13.2.1/thumb/v6-m/nofp/crti.o
LOAD /usr/lib/gcc/arm-none-eabi/13.2.1/thumb/v6-m/nofp/crtbegin.o
LOAD /usr/lib/gcc/arm-none-eabi/13.2.1/../../../arm-none-eabi/lib/thumb/v6-m/nofp/crt0.o

.flash_begin    0x10000000        0x0
                0x10000000                        __flash_binary_start = .

.boot2          0x10000000      0x100
                0x10000000                        __boot2_start__ = .
 *(.boot2)
 .boot2         0x10000000      0x100 pico-sdk/src/rp2040/boot_stage2/CMakeFiles/bs2_default_library.dir/bs2_default_padded_checksummed.S.o
                0x10000100                        __boot2_end__ = .
                0x00000001                        ASSERT (((__boot2_end__ - __boot2_start__) == 0x100), ERROR: Pico second stage bootloader must be 256 bytes in size)

.text           0x10000100     0x7370
                0x10000100                        __logical_binary_start = .
 *(.vectors)
 .vectors       0x10000100       0xd4 CMakeFiles/galton_board.dir/home/vagner/pico/pico-sdk/src/rp2_common/pico_crt0/crt0.S.o
                0x10000100                __vectors
                0x10000100                __VECTOR_TABLE
                0x100001c0                isr_invalid
                0x100001c0                __default_isrs_start
                0x100001c2                isr_nmi
                0x100001c4                isr_hardfault
                0x100001c6                isr_svcall
                0x100001c8                isr_pendsv
                0x100001ca                isr_systick
                0x100001cc                isr_irq30
                0x100001cc                __unhandled_user_irq
                0x100001cc                isr_irq13
                0x100001cc                isr_irq27
                0x100001cc                isr_irq31
                0x100001cc                isr_irq5
                0x100001cc                isr_irq11
                0x100001cc                isr_irq23
                0x100001cc                isr_irq18
                0x100001cc                isr_irq28
                0x100001cc                isr_irq19
                0x100001cc                isr_irq0
                0x100001cc                isr_irq6
                0x100001cc                isr_irq22
                0x100001cc                isr_irq17
                0x100001cc                isr_irq14
                0x100001cc                isr_irq2
                0x100001cc                isr_irq10
                0x100001cc                isr_irq8
                0x100001cc                isr_irq24
                0x100001cc                isr_irq1
                0x100001cc                isr_irq7
                0x100001cc                isr_irq21
                0x100001cc                isr_irq20
                0x100001cc                isr_irq15
                0x100001cc                isr_irq25
                0x100001cc                isr_irq4
                0x100001cc                isr_irq16
                0x100001cc                isr_irq29
                0x100001cc                isr_irq26
                0x100001cc                __default_isrs_end
                0x100001cc                isr_irq3
                0x100001cc                isr_irq12
                0x100001cc                isr_irq9
                0x100001d2                unhandled_user_irq_num_in_r0
 *(.binary_info_header)
 .binary_info_header
                0x100001d4       0x14 CMakeFiles/galton_board.dir/home/vagner/pico/pico-sdk/src/rp2_common/pico_crt0/crt0.S.o
                0x100001e8                        __binary_info_header_end = .
 *(.embedded_block)
                0x100001e8                        __embedded_block_end = .
 *(.reset)
 .reset         0x100001e8       0x9c CMakeFiles/galton_board.dir/home/vagner/pico/pico-sdk/src/rp2_common/pico_crt0/crt0.S.o
                0x100001e8                _entry_point
 *(.init)
 .init          0x10000284        0x4 /usr/lib/gcc/arm-none-eabi/13.2.1/thumb/v6-m/nofp/crti.o
                0x10000284                _init
 *(EXCLUDE_FILE(*libm.a: *libc.a:*lib_a-mem*.o *libgcc.a:) .text*)
 .text          0x10000288       0x98 /usr/lib/gcc/arm-none-eabi/13.2.1/thumb/v6-m/nofp/crtbegin.o
 .text.btn_callback
                0x10000320        0xc CMakeFiles/galton_board.dir/galton_board.c.o
                0x10000320                btn_callback
 .text.adc_gpio_init
                0x1000032c       0x20 CMakeFiles/galton_board.dir/galton_board.c.o
 .text.inicializa_IO
                0x1000034c       0x1c CMakeFiles/galton_board.dir/galton_board.c.o
                0x1000034c                inicializa_IO
 .text.startup.main
                0x10000368      0x868 CMakeFiles/galton_board.dir/galton_board.c.o
                0x10000368                main
 .text.ssd1306_init
                0x10000bd0       0x34 CMakeFiles/galton_board.dir/inc/ssd1306.c.o
                0x10000bd0                ssd1306_init
 .text.ssd1306_config
                0x10000c04      0x1d0 CMakeFiles/galton_board.dir/inc/ssd1306.c.o
                0x10000c04                ssd1306_config
 .text.ssd1306_send_data
                0x10000dd4       0x8c CMakeFiles/galton_board.dir/inc/ssd1306.c.o
                0x10000dd4                ssd1306_send_data
 .text.ssd1306_fill
                0x10000e60       0x80 CMakeFiles/galton_board.dir/inc/ssd1306.c.o
                0x10000e60                ssd1306_fill
 .text.ssd1306_rect
                0x10000ee0      0x28c CMakeFiles/galton_board.dir/inc/ssd1306.c.o
                0x10000ee0                ssd1306_rect
 .text.ssd1306_draw_char
                0x1000116c      0x254 CMakeFiles/galton_board.dir/inc/ssd1306.c.o
                0x1000116c                ssd1306_draw_char
 .text.ssd1306_draw_string
                0x100013c0       0x40 CMakeFiles/galton_board.dir/inc/ssd1306.c.o
                0x100013c0                ssd1306_draw_string
 .text.gpio_default_irq_handler
                0x10001400      0x274 CMakeFiles/galton_board.dir/home/vagner/pico/pico-sdk/src/rp2_common/hardware_gpio/gpio.c.o
 .text.gpio_set_function
                0x10001674       0x34 CMakeFiles/galton_board.dir/home/vagner/pico/pico-sdk/src/rp2_common/hardware_gpio/gpio.c.o
                0x10001674                gpio_set_function
 .text.gpio_set_pulls
                0x100016a8       0x28 CMakeFiles/galton_board.dir/home/vagner/pico/pico-sdk/src/rp2_common/hardware_gpio/gpio.c.o
                0x100016a8                gpio_set_pulls
 .text.gpio_set_irq_enabled_with_callback
                0x100016d0       0xd0 CMakeFiles/galton_board.dir/home/vagner/pico/pico-sdk/src/rp2_common/hardware_gpio/gpio.c.o
                0x100016d0                gpio_set_irq_enabled_with_callback
 .text.gpio_set_input_enabled
                0x100017a0       0x28 CMakeFiles/galton_board.dir/home/vagner/pico/pico-sdk/src/rp2_common/hardware_gpio/gpio.c.o
                0x100017a0                gpio_set_input_enabled
 .text.gpio_init
                0x100017c8       0x40 CMakeFiles/galton_board.dir/home/vagner/pico/pico-sdk/src/rp2_common/hardware_gpio/gpio.c.o
                0x100017c8                gpio_init
 .text.rp2040_chip_version
                0x10001808        0xc CMakeFiles/galton_board.dir/home/vagner/pico/pico-sdk/src/rp2040/pico_platform/platform.c.o
                0x10001808                rp2040_chip_version
 .text.panic    0x10001814       0x30 CMakeFiles/galton_board.dir/home/vagner/pico/pico-sdk/src/rp2_common/pico_platform_panic/panic.c.o
                0x10001814                panic
 .text.hw_claim_or_assert
                0x10001844       0x44 CMakeFiles/galton_board.dir/home/vagner/pico/pico-sdk/src/common/hardware_claim/claim.c.o
                0x10001844                hw_claim_or_assert
 .text.hw_claim_unused_from_range
                0x10001888       0x9c CMakeFiles/galton_board.dir/home/vagner/pico/pico-sdk/src/common/hardware_claim/claim.c.o
                0x10001888                hw_claim_unused_from_range
 .text.next_striped_spin_lock_num
                0x10001924       0x18 CMakeFiles/galton_board.dir/home/vagner/pico/pico-sdk/src/rp2_common/hardware_sync/sync.c.o
                0x10001924                next_striped_spin_lock_num
 .text.spin_lock_claim_unused
                0x1000193c       0x24 CMakeFiles/galton_board.dir/home/vagner/pico/pico-sdk/src/rp2_common/hardware_sync/sync.c.o
                0x1000193c                spin_lock_claim_unused
 .text.spin_locks_reset
                0x10001960       0x1c CMakeFiles/galton_board.dir/home/vagner/pico/pico-sdk/src/rp2_common/hardware_sync_spin_lock/sync_spin_lock.c.o
                0x10001960                spin_locks_reset
 .text.runtime_init_per_core_irq_priorities
                0x1000197c       0x24 CMakeFiles/galton_board.dir/home/vagner/pico/pico-sdk/src/rp2_common/hardware_irq/irq.c.o
                0x1000197c                runtime_init_per_core_irq_priorities
 .text.irq_set_enabled
                0x100019a0       0x24 CMakeFiles/galton_board.dir/home/vagner/pico/pico-sdk/src/rp2_common/hardware_irq/irq.c.o
                0x100019a0                irq_set_enabled
 .text.irq_is_enabled
                0x100019c4       0x18 CMakeFiles/galton_board.dir/home/vagner/pico/pico-sdk/src/rp2_common/hardware_irq/irq.c.o
                0x100019c4                irq_is_enabled
 .text.irq_set_pending
                0x100019dc       0x10 CMakeFiles/galton_board.dir/home/vagner/pico/pico-sdk/src/rp2_common/hardware_irq/irq.c.o
                0x100019dc                irq_set_pending
 .text.irq_has_shared_handler
                0x100019ec       0x2c CMakeFiles/galton_board.dir/home/vagner/pico/pico-sdk/src/rp2_common/hardware_irq/irq.c.o
                0x100019ec                irq_has_shared_handler
 .text.irq_set_exclusive_handler
                0x10001a18       0x54 CMakeFiles/galton_board.dir/home/vagner/pico/pico-sdk/src/rp2_common/hardware_irq/irq.c.o
                0x10001a18                irq_set_exclusive_handler
 .text.irq_add_shared_handler
                0x10001a6c      0x1f4 CMakeFiles/galton_board.dir/home/vagner/pico/pico-sdk/src/rp2_common/hardware_irq/irq.c.o
                0x10001a6c                irq_add_shared_handler
 .text.irq_remove_handler
                0x10001c60      0x1d4 CMakeFiles/galton_board.dir/home/vagner/pico/pico-sdk/src/rp2_common/hardware_irq/irq.c.o
                0x10001c60                irq_remove_handler
 .text.irq_add_tail_to_free_list
                0x10001e34       0xb4 CMakeFiles/galton_board.dir/home/vagner/pico/pico-sdk/src/rp2_common/hardware_irq/irq.c.o
                0x10001e34                irq_add_tail_to_free_list
 .text.user_irq_claim_unused
                0x10001ee8       0x2c CMakeFiles/galton_board.dir/home/vagner/pico/pico-sdk/src/rp2_common/hardware_irq/irq.c.o
                0x10001ee8                user_irq_claim_unused
 .text.lock_init
                0x10001f14       0x10 CMakeFiles/galton_board.dir/home/vagner/pico/pico-sdk/src/common/pico_sync/lock_core.c.o
                0x10001f14                lock_init
 .text.runtime_init_mutex
                0x10001f24       0x50 CMakeFiles/galton_board.dir/home/vagner/pico/pico-sdk/src/common/pico_sync/mutex.c.o
                0x10001f24                runtime_init_mutex
 .text.mutex_init
                0x10001f74       0x1c CMakeFiles/galton_board.dir/home/vagner/pico/pico-sdk/src/common/pico_sync/mutex.c.o
                0x10001f74                mutex_init
 .text.critical_section_init
                0x10001f90       0x1c CMakeFiles/galton_board.dir/home/vagner/pico/pico-sdk/src/common/pico_sync/critical_section.c.o
                0x10001f90                critical_section_init
 .text.critical_section_init_with_lock_num
                0x10001fac       0x14 CMakeFiles/galton_board.dir/home/vagner/pico/pico-sdk/src/common/pico_sync/critical_section.c.o
                0x10001fac                critical_section_init_with_lock_num
 .text.sleep_until_callback
                0x10001fc0       0x30 CMakeFiles/galton_board.dir/home/vagner/pico/pico-sdk/src/common/pico_time/time.c.o
 .text.alarm_pool_irq_handler
                0x10001ff0      0x2fc CMakeFiles/galton_board.dir/home/vagner/pico/pico-sdk/src/common/pico_time/time.c.o
 .text.runtime_init_default_alarm_pool
                0x100022ec       0xdc CMakeFiles/galton_board.dir/home/vagner/pico/pico-sdk/src/common/pico_time/time.c.o
                0x100022ec                runtime_init_default_alarm_pool
 .text.alarm_pool_get_default
                0x100023c8        0x8 CMakeFiles/galton_board.dir/home/vagner/pico/pico-sdk/src/common/pico_time/time.c.o
                0x100023c8                alarm_pool_get_default
 .text.alarm_pool_add_alarm_at
                0x100023d0       0xd4 CMakeFiles/galton_board.dir/home/vagner/pico/pico-sdk/src/common/pico_time/time.c.o
                0x100023d0                alarm_pool_add_alarm_at
 .text.alarm_pool_add_alarm_at_force_in_context
                0x100024a4       0xb0 CMakeFiles/galton_board.dir/home/vagner/pico/pico-sdk/src/common/pico_time/time.c.o
                0x100024a4                alarm_pool_add_alarm_at_force_in_context
 .text.alarm_pool_cancel_alarm
                0x10002554       0x74 CMakeFiles/galton_board.dir/home/vagner/pico/pico-sdk/src/common/pico_time/time.c.o
                0x10002554                alarm_pool_cancel_alarm
 .text.alarm_pool_core_num
                0x100025c8        0x4 CMakeFiles/galton_board.dir/home/vagner/pico/pico-sdk/src/common/pico_time/time.c.o
                0x100025c8                alarm_pool_core_num
 .text.sleep_until
                0x100025cc       0xd8 CMakeFiles/galton_board.dir/home/vagner/pico/pico-sdk/src/common/pico_time/time.c.o
                0x100025cc                sleep_until
 .text.sleep_ms
                0x100026a4       0x38 CMakeFiles/galton_board.dir/home/vagner/pico/pico-sdk/src/common/pico_time/time.c.o
                0x100026a4                sleep_ms
 .text.best_effort_wfe_or_timeout
                0x100026dc       0xe0 CMakeFiles/galton_board.dir/home/vagner/pico/pico-sdk/src/common/pico_time/time.c.o
                0x100026dc                best_effort_wfe_or_timeout
 .text.timer_hardware_alarm_claim
                0x100027bc       0x14 CMakeFiles/galton_board.dir/home/vagner/pico/pico-sdk/src/rp2_common/hardware_timer/timer.c.o
                0x100027bc                timer_hardware_alarm_claim
 .text.timer_time_us_64
                0x100027d0       0x10 CMakeFiles/galton_board.dir/home/vagner/pico/pico-sdk/src/rp2_common/hardware_timer/timer.c.o
                0x100027d0                timer_time_us_64
 .text.time_us_64
                0x100027e0       0x14 CMakeFiles/galton_board.dir/home/vagner/pico/pico-sdk/src/rp2_common/hardware_timer/timer.c.o
                0x100027e0                time_us_64
 .text.busy_wait_until
                0x100027f4       0x20 CMakeFiles/galton_board.dir/home/vagner/pico/pico-sdk/src/rp2_common/hardware_timer/timer.c.o
                0x100027f4                busy_wait_until
 .text.clock_configure_int_divider
                0x10002814       0xf4 CMakeFiles/galton_board.dir/home/vagner/pico/pico-sdk/src/rp2_common/hardware_clocks/clocks.c.o
                0x10002814                clock_configure_int_divider
 .text.clock_configure_undivided
                0x10002908       0xe8 CMakeFiles/galton_board.dir/home/vagner/pico/pico-sdk/src/rp2_common/hardware_clocks/clocks.c.o
                0x10002908                clock_configure_undivided
 .text.clock_get_hz
                0x100029f0        0xc CMakeFiles/galton_board.dir/home/vagner/pico/pico-sdk/src/rp2_common/hardware_clocks/clocks.c.o
                0x100029f0                clock_get_hz
 .text.pll_init
                0x100029fc       0xa4 CMakeFiles/galton_board.dir/home/vagner/pico/pico-sdk/src/rp2_common/hardware_pll/pll.c.o
                0x100029fc                pll_init
 .text.watchdog_reboot
                0x10002aa0       0x9c CMakeFiles/galton_board.dir/home/vagner/pico/pico-sdk/src/rp2_common/hardware_watchdog/watchdog.c.o
                0x10002aa0                watchdog_reboot
 .text.tick_start
                0x10002b3c       0x10 CMakeFiles/galton_board.dir/home/vagner/pico/pico-sdk/src/rp2_common/hardware_ticks/ticks.c.o
                0x10002b3c                tick_start
 .text.rom_func_lookup
                0x10002b4c       0x10 CMakeFiles/galton_board.dir/home/vagner/pico/pico-sdk/src/rp2_common/pico_bootrom/bootrom.c.o
                0x10002b4c                rom_func_lookup
 .text.rom_data_lookup
                0x10002b5c       0x10 CMakeFiles/galton_board.dir/home/vagner/pico/pico-sdk/src/rp2_common/pico_bootrom/bootrom.c.o
                0x10002b5c                rom_data_lookup
 .text.rom_funcs_lookup
                0x10002b6c       0x44 CMakeFiles/galton_board.dir/home/vagner/pico/pico-sdk/src/rp2_common/pico_bootrom/bootrom.c.o
                0x10002b6c                rom_funcs_lookup
 .text.rom_reset_usb_boot_extra
                0x10002bb0       0x28 CMakeFiles/galton_board.dir/home/vagner/pico/pico-sdk/src/rp2_common/pico_bootrom/bootrom.c.o
                0x10002bb0                rom_reset_usb_boot_extra
 .text.xosc_init
                0x10002bd8       0x28 CMakeFiles/galton_board.dir/home/vagner/pico/pico-sdk/src/rp2_common/hardware_xosc/xosc.c.o
                0x10002bd8                xosc_init
 .text.first_per_core_initializer
                0x10002c00        0x4 CMakeFiles/galton_board.dir/home/vagner/pico/pico-sdk/src/rp2_common/pico_runtime/runtime.c.o
 .text.hard_assertion_failure
                0x10002c04        0xc CMakeFiles/galton_board.dir/home/vagner/pico/pico-sdk/src/rp2_common/pico_runtime/runtime.c.o
                0x10002c04                hard_assertion_failure
 .text.runtime_run_initializers
                0x10002c10       0x28 CMakeFiles/galton_board.dir/home/vagner/pico/pico-sdk/src/rp2_common/pico_runtime/runtime.c.o
                0x10002c10                runtime_run_initializers
 .text.runtime_init_early_resets
                0x10002c38       0x2c CMakeFiles/galton_board.dir/home/vagner/pico/pico-sdk/src/rp2_common/pico_runtime_init/runtime_init.c.o
                0x10002c38                runtime_init_early_resets
 .text.runtime_init_usb_power_down
                0x10002c64       0x1c CMakeFiles/galton_board.dir/home/vagner/pico/pico-sdk/src/rp2_common/pico_runtime_init/runtime_init.c.o
                0x10002c64                runtime_init_usb_power_down
 .text.runtime_init_post_clock_resets
                0x10002c80       0x20 CMakeFiles/galton_board.dir/home/vagner/pico/pico-sdk/src/rp2_common/pico_runtime_init/runtime_init.c.o
                0x10002c80                runtime_init_post_clock_resets
 .text.runtime_init_rp2040_gpio_ie_disable
                0x10002ca0       0x14 CMakeFiles/galton_board.dir/home/vagner/pico/pico-sdk/src/rp2_common/pico_runtime_init/runtime_init.c.o
                0x10002ca0                runtime_init_rp2040_gpio_ie_disable
 .text.runtime_init_spin_locks_reset
                0x10002cb4        0x8 CMakeFiles/galton_board.dir/home/vagner/pico/pico-sdk/src/rp2_common/pico_runtime_init/runtime_init.c.o
                0x10002cb4                runtime_init_spin_locks_reset
 .text.runtime_init_install_ram_vector_table
                0x10002cbc       0x1c CMakeFiles/galton_board.dir/home/vagner/pico/pico-sdk/src/rp2_common/pico_runtime_init/runtime_init.c.o
                0x10002cbc                runtime_init_install_ram_vector_table
 .text.runtime_init_clocks
                0x10002cd8       0xd8 CMakeFiles/galton_board.dir/home/vagner/pico/pico-sdk/src/rp2_common/pico_runtime_init/runtime_init_clocks.c.o
                0x10002cd8                runtime_init_clocks
 .text          0x10002db0       0x10 CMakeFiles/galton_board.dir/home/vagner/pico/pico-sdk/src/rp2_common/pico_bit_ops/bit_ops_aeabi.S.o
 .text.__wrap___aeabi_idiv
                0x10002dc0       0x50 CMakeFiles/galton_board.dir/home/vagner/pico/pico-sdk/src/rp2_common/pico_divider/divider_hardware.S.o
                0x10002dc0                __wrap___aeabi_idivmod
                0x10002dc0                divmod_s32s32
                0x10002dc0                div_s32s32
                0x10002dc0                __wrap___aeabi_idiv
                0x10002dc8                divmod_s32s32_unsafe
                0x10002df4                divmod_s32s32_savestate
 .text.__wrap___aeabi_uidiv
                0x10002e10       0x4c CMakeFiles/galton_board.dir/home/vagner/pico/pico-sdk/src/rp2_common/pico_divider/divider_hardware.S.o
                0x10002e10                __wrap___aeabi_uidiv
                0x10002e10                __wrap___aeabi_uidivmod
                0x10002e10                div_u32u32
                0x10002e10                divmod_u32u32
                0x10002e18                divmod_u32u32_unsafe
                0x10002e40                divmod_u32u32_savestate
 .text.__wrap___aeabi_ldiv
                0x10002e5c      0x424 CMakeFiles/galton_board.dir/home/vagner/pico/pico-sdk/src/rp2_common/pico_divider/divider_hardware.S.o
                0x10002e5c                div_s64s64
                0x10002e5c                divmod_s64s64
                0x10002e5c                __wrap___aeabi_ldivmod
                0x10002e8c                div_u64u64
                0x10002e8c                divmod_u64u64
                0x10002e8c                __wrap___aeabi_uldivmod
                0x10002e9c                divmod_u64u64_savestate
                0x10002ebc                divmod_s64s64_unsafe
                0x10002f44                divmod_u64u64_unsafe
 .text.__wrap___aeabi_darithmetic
                0x10003280       0x80 CMakeFiles/galton_board.dir/home/vagner/pico/pico-sdk/src/rp2_common/pico_double/double_aeabi_rp2040.S.o
                0x10003280                __wrap___aeabi_drsub
                0x10003286                __wrap___aeabi_dsub
                0x10003298                __wrap___aeabi_dadd
                0x100032aa                __wrap___aeabi_ddiv
                0x100032e6                __wrap___aeabi_dmul
 .text.__wrap___aeabi_cdcmple
                0x10003300       0x6c CMakeFiles/galton_board.dir/home/vagner/pico/pico-sdk/src/rp2_common/pico_double/double_aeabi_rp2040.S.o
                0x10003300                __wrap___aeabi_cdrcmple
                0x10003310                __wrap___aeabi_cdcmple
                0x10003310                __wrap___aeabi_cdcmpeq
 .text.__wrap___aeabi_dcmpgt
                0x1000336c        0xa CMakeFiles/galton_board.dir/home/vagner/pico/pico-sdk/src/rp2_common/pico_double/double_aeabi_rp2040.S.o
                0x1000336c                __wrap___aeabi_dcmpgt
 *fill*         0x10003376        0x2 
 .text.__wrap___aeabi_i2d
                0x10003378       0x38 CMakeFiles/galton_board.dir/home/vagner/pico/pico-sdk/src/rp2_common/pico_double/double_aeabi_rp2040.S.o
                0x10003378                __wrap___aeabi_ui2d
                0x10003380                __wrap___aeabi_i2d
 .text.__aeabi_double_init
                0x100033b0       0xa4 CMakeFiles/galton_board.dir/home/vagner/pico/pico-sdk/src/rp2_common/pico_double/double_init_rom_rp2040.c.o
                0x100033b0                __aeabi_double_init
 .text.double_table_shim_on_use_helper
                0x10003454       0x2c CMakeFiles/galton_board.dir/home/vagner/pico/pico-sdk/src/rp2_common/pico_double/double_v1_rom_shim_rp2040.S.o
                0x10003454                double_table_shim_on_use_helper
 .text.__wrap___aeabi_dsub
                0x10003480       0x10 CMakeFiles/galton_board.dir/home/vagner/pico/pico-sdk/src/rp2_common/pico_double/double_v1_rom_shim_rp2040.S.o
                0x10003480                drsub_shim
                0x10003486                dsub_shim
 .text.dadd_shim
                0x10003490      0x15c CMakeFiles/galton_board.dir/home/vagner/pico/pico-sdk/src/rp2_common/pico_double/double_v1_rom_shim_rp2040.S.o
                0x10003490                dadd_shim
 .text.dmul_shim
                0x100035ec      0x15c CMakeFiles/galton_board.dir/home/vagner/pico/pico-sdk/src/rp2_common/pico_double/double_v1_rom_shim_rp2040.S.o
                0x100035ec                dmul_shim
 .text.ddiv_shim
                0x10003748      0x1b0 CMakeFiles/galton_board.dir/home/vagner/pico/pico-sdk/src/rp2_common/pico_double/double_v1_rom_shim_rp2040.S.o
                0x10003748                ddiv_shim
 .text.__aeabi_lmul
                0x100038f8       0x32 CMakeFiles/galton_board.dir/home/vagner/pico/pico-sdk/src/rp2_common/pico_int64_ops/pico_int64_ops_aeabi.S.o
                0x100038f8                __wrap___aeabi_lmul
 *fill*         0x1000392a        0x2 
 .text.__aeabi_float_init
                0x1000392c       0x64 CMakeFiles/galton_board.dir/home/vagner/pico/pico-sdk/src/rp2_common/pico_float/float_init_rom_rp2040.c.o
                0x1000392c                __aeabi_float_init
 .text.float_table_shim_on_use_helper
                0x10003990       0x2c CMakeFiles/galton_board.dir/home/vagner/pico/pico-sdk/src/rp2_common/pico_float/float_v1_rom_shim_rp2040.S.o
                0x10003990                float_table_shim_on_use_helper
 .text.__wrap_calloc
                0x100039bc       0x28 CMakeFiles/galton_board.dir/home/vagner/pico/pico-sdk/src/rp2_common/pico_malloc/malloc.c.o
                0x100039bc                __wrap_calloc
 .text          0x100039e4       0x10 CMakeFiles/galton_board.dir/home/vagner/pico/pico-sdk/src/rp2_common/pico_mem_ops/mem_ops_aeabi.S.o
                0x100039e4                __aeabi_mem_init
 .text.memset   0x100039f4        0xc CMakeFiles/galton_board.dir/home/vagner/pico/pico-sdk/src/rp2_common/pico_mem_ops/mem_ops_aeabi.S.o
                0x100039f4                __wrap_memset
 .text.memcpy   0x10003a00        0xc CMakeFiles/galton_board.dir/home/vagner/pico/pico-sdk/src/rp2_common/pico_mem_ops/mem_ops_aeabi.S.o
                0x10003a00                __wrap___aeabi_memcpy
                0x10003a00                __wrap_memcpy
 .text._out_char
                0x10003a0c       0x10 CMakeFiles/galton_board.dir/home/vagner/pico/pico-sdk/src/rp2_common/pico_printf/printf.c.o
 .text.weak_raw_vprintf
                0x10003a1c       0x30 CMakeFiles/galton_board.dir/home/vagner/pico/pico-sdk/src/rp2_common/pico_printf/printf.c.o
                0x10003a1c                weak_raw_vprintf
 .text._exit    0x10003a4c        0x4 CMakeFiles/galton_board.dir/home/vagner/pico/pico-sdk/src/rp2_common/pico_clib_interface/newlib_interface.c.o
                0x10003a4c                _exit
 .text._sbrk    0x10003a50       0x34 CMakeFiles/galton_board.dir/home/vagner/pico/pico-sdk/src/rp2_common/pico_clib_interface/newlib_interface.c.o
                0x10003a50                _sbrk
 .text._gettimeofday
                0x10003a84       0x30 CMakeFiles/galton_board.dir/home/vagner/pico/pico-sdk/src/rp2_common/pico_clib_interface/newlib_interface.c.o
                0x10003a84                _gettimeofday
 .text.exit     0x10003ab4        0x8 CMakeFiles/galton_board.dir/home/vagner/pico/pico-sdk/src/rp2_common/pico_clib_interface/newlib_interface.c.o
                0x10003ab4                exit
 .text.runtime_init
                0x10003abc       0x2c CMakeFiles/galton_board.dir/home/vagner/pico/pico-sdk/src/rp2_common/pico_clib_interface/newlib_interface.c.o
                0x10003abc                runtime_init
 .text.stdio_out_chars_no_crlf
                0x10003ae8       0x10 CMakeFiles/galton_board.dir/home/vagner/pico/pico-sdk/src/rp2_common/pico_stdio/stdio.c.o
 .text.stdio_out_chars_crlf
                0x10003af8       0x94 CMakeFiles/galton_board.dir/home/vagner/pico/pico-sdk/src/rp2_common/pico_stdio/stdio.c.o
 .text.stdio_put_string
                0x10003b8c      0x100 CMakeFiles/galton_board.dir/home/vagner/pico/pico-sdk/src/rp2_common/pico_stdio/stdio.c.o
                0x10003b8c                stdio_put_string
 .text.stdio_set_driver_enabled
                0x10003c8c       0x30 CMakeFiles/galton_board.dir/home/vagner/pico/pico-sdk/src/rp2_common/pico_stdio/stdio.c.o
                0x10003c8c                stdio_set_driver_enabled
 .text.stdio_init_all
                0x10003cbc        0x8 CMakeFiles/galton_board.dir/home/vagner/pico/pico-sdk/src/rp2_common/pico_stdio/stdio.c.o
                0x10003cbc                stdio_init_all
 .text.__wrap_putchar
                0x10003cc4       0x98 CMakeFiles/galton_board.dir/home/vagner/pico/pico-sdk/src/rp2_common/pico_stdio/stdio.c.o
                0x10003cc4                stdio_putchar
                0x10003cc4                __wrap_putchar
 .text.__wrap_puts
                0x10003d5c       0x3c CMakeFiles/galton_board.dir/home/vagner/pico/pico-sdk/src/rp2_common/pico_stdio/stdio.c.o
                0x10003d5c                __wrap_puts
                0x10003d5c                stdio_puts
 .text.resetd_init
                0x10003d98        0x4 CMakeFiles/galton_board.dir/home/vagner/pico/pico-sdk/src/rp2_common/pico_stdio_usb/reset_interface.c.o
 .text.resetd_reset
                0x10003d9c        0xc CMakeFiles/galton_board.dir/home/vagner/pico/pico-sdk/src/rp2_common/pico_stdio_usb/reset_interface.c.o
 .text.resetd_open
                0x10003da8       0x28 CMakeFiles/galton_board.dir/home/vagner/pico/pico-sdk/src/rp2_common/pico_stdio_usb/reset_interface.c.o
 .text.resetd_xfer_cb
                0x10003dd0        0x4 CMakeFiles/galton_board.dir/home/vagner/pico/pico-sdk/src/rp2_common/pico_stdio_usb/reset_interface.c.o
 .text.resetd_control_xfer_cb
                0x10003dd4       0x5c CMakeFiles/galton_board.dir/home/vagner/pico/pico-sdk/src/rp2_common/pico_stdio_usb/reset_interface.c.o
 .text.tud_descriptor_bos_cb
                0x10003e30        0x8 CMakeFiles/galton_board.dir/home/vagner/pico/pico-sdk/src/rp2_common/pico_stdio_usb/reset_interface.c.o
                0x10003e30                tud_descriptor_bos_cb
 .text.tud_vendor_control_xfer_cb
                0x10003e38       0x34 CMakeFiles/galton_board.dir/home/vagner/pico/pico-sdk/src/rp2_common/pico_stdio_usb/reset_interface.c.o
                0x10003e38                tud_vendor_control_xfer_cb
 .text.usbd_app_driver_get_cb
                0x10003e6c        0xc CMakeFiles/galton_board.dir/home/vagner/pico/pico-sdk/src/rp2_common/pico_stdio_usb/reset_interface.c.o
                0x10003e6c                usbd_app_driver_get_cb
 .text.tud_cdc_line_coding_cb
                0x10003e78       0x2c CMakeFiles/galton_board.dir/home/vagner/pico/pico-sdk/src/rp2_common/pico_stdio_usb/reset_interface.c.o
                0x10003e78                tud_cdc_line_coding_cb
 .text.stdio_usb_set_chars_available_callback
                0x10003ea4       0x14 CMakeFiles/galton_board.dir/home/vagner/pico/pico-sdk/src/rp2_common/pico_stdio_usb/stdio_usb.c.o
                0x10003ea4                stdio_usb_set_chars_available_callback
 .text.usb_irq  0x10003eb8       0x10 CMakeFiles/galton_board.dir/home/vagner/pico/pico-sdk/src/rp2_common/pico_stdio_usb/stdio_usb.c.o
 .text.timer_task
                0x10003ec8       0x64 CMakeFiles/galton_board.dir/home/vagner/pico/pico-sdk/src/rp2_common/pico_stdio_usb/stdio_usb.c.o
 .text.stdio_usb_in_chars
                0x10003f2c       0x90 CMakeFiles/galton_board.dir/home/vagner/pico/pico-sdk/src/rp2_common/pico_stdio_usb/stdio_usb.c.o
                0x10003f2c                stdio_usb_in_chars
 .text.stdio_usb_out_flush
                0x10003fbc       0x50 CMakeFiles/galton_board.dir/home/vagner/pico/pico-sdk/src/rp2_common/pico_stdio_usb/stdio_usb.c.o
 .text.stdio_usb_out_chars
                0x1000400c      0x104 CMakeFiles/galton_board.dir/home/vagner/pico/pico-sdk/src/rp2_common/pico_stdio_usb/stdio_usb.c.o
 .text.low_priority_worker_irq
                0x10004110       0xcc CMakeFiles/galton_board.dir/home/vagner/pico/pico-sdk/src/rp2_common/pico_stdio_usb/stdio_usb.c.o
 .text.stdio_usb_init
                0x100041dc       0xe8 CMakeFiles/galton_board.dir/home/vagner/pico/pico-sdk/src/rp2_common/pico_stdio_usb/stdio_usb.c.o
                0x100041dc                stdio_usb_init
 .text.tud_descriptor_device_cb
                0x100042c4        0x8 CMakeFiles/galton_board.dir/home/vagner/pico/pico-sdk/src/rp2_common/pico_stdio_usb/stdio_usb_descriptors.c.o
                0x100042c4                tud_descriptor_device_cb
 .text.tud_descriptor_configuration_cb
                0x100042cc        0x8 CMakeFiles/galton_board.dir/home/vagner/pico/pico-sdk/src/rp2_common/pico_stdio_usb/stdio_usb_descriptors.c.o
                0x100042cc                tud_descriptor_configuration_cb
 .text.tud_descriptor_string_cb
                0x100042d4       0x78 CMakeFiles/galton_board.dir/home/vagner/pico/pico-sdk/src/rp2_common/pico_stdio_usb/stdio_usb_descriptors.c.o
                0x100042d4                tud_descriptor_string_cb
 .text.startup._retrieve_unique_id_on_boot
                0x1000434c       0x10 CMakeFiles/galton_board.dir/home/vagner/pico/pico-sdk/src/rp2_common/pico_unique_id/unique_id.c.o
 .text.pico_get_unique_board_id_string
                0x1000435c      0x1a8 CMakeFiles/galton_board.dir/home/vagner/pico/pico-sdk/src/rp2_common/pico_unique_id/unique_id.c.o
                0x1000435c                pico_get_unique_board_id_string
 .text.flash_get_unique_id
                0x10004504       0x3c CMakeFiles/galton_board.dir/home/vagner/pico/pico-sdk/src/rp2_common/hardware_flash/flash.c.o
                0x10004504                flash_get_unique_id
 .text.dcd_init
                0x10004540       0x8c CMakeFiles/galton_board.dir/home/vagner/pico/pico-sdk/lib/tinyusb/src/portable/raspberrypi/rp2040/dcd_rp2040.c.o
                0x10004540                dcd_init
 .text.dcd_int_enable
                0x100045cc        0xc CMakeFiles/galton_board.dir/home/vagner/pico/pico-sdk/lib/tinyusb/src/portable/raspberrypi/rp2040/dcd_rp2040.c.o
                0x100045cc                dcd_int_enable
 .text.dcd_set_address
                0x100045d8       0x14 CMakeFiles/galton_board.dir/home/vagner/pico/pico-sdk/lib/tinyusb/src/portable/raspberrypi/rp2040/dcd_rp2040.c.o
                0x100045d8                dcd_set_address
 .text.dcd_sof_enable
                0x100045ec       0x1c CMakeFiles/galton_board.dir/home/vagner/pico/pico-sdk/lib/tinyusb/src/portable/raspberrypi/rp2040/dcd_rp2040.c.o
                0x100045ec                dcd_sof_enable
 .text.dcd_edpt0_status_complete
                0x10004608       0x1c CMakeFiles/galton_board.dir/home/vagner/pico/pico-sdk/lib/tinyusb/src/portable/raspberrypi/rp2040/dcd_rp2040.c.o
                0x10004608                dcd_edpt0_status_complete
 .text.dcd_edpt_open
                0x10004624      0x108 CMakeFiles/galton_board.dir/home/vagner/pico/pico-sdk/lib/tinyusb/src/portable/raspberrypi/rp2040/dcd_rp2040.c.o
                0x10004624                dcd_edpt_open
 .text.dcd_edpt_close_all
                0x1000472c        0x8 CMakeFiles/galton_board.dir/home/vagner/pico/pico-sdk/lib/tinyusb/src/portable/raspberrypi/rp2040/dcd_rp2040.c.o
                0x1000472c                dcd_edpt_close_all
 .text.dcd_edpt_xfer
                0x10004734       0x24 CMakeFiles/galton_board.dir/home/vagner/pico/pico-sdk/lib/tinyusb/src/portable/raspberrypi/rp2040/dcd_rp2040.c.o
                0x10004734                dcd_edpt_xfer
 .text.dcd_edpt_stall
                0x10004758       0x34 CMakeFiles/galton_board.dir/home/vagner/pico/pico-sdk/lib/tinyusb/src/portable/raspberrypi/rp2040/dcd_rp2040.c.o
                0x10004758                dcd_edpt_stall
 .text.dcd_edpt_clear_stall
                0x1000478c       0x30 CMakeFiles/galton_board.dir/home/vagner/pico/pico-sdk/lib/tinyusb/src/portable/raspberrypi/rp2040/dcd_rp2040.c.o
                0x1000478c                dcd_edpt_clear_stall
 .text.rp2040_usb_init
                0x100047bc       0x40 CMakeFiles/galton_board.dir/home/vagner/pico/pico-sdk/lib/tinyusb/src/portable/raspberrypi/rp2040/rp2040_usb.c.o
                0x100047bc                rp2040_usb_init
 .text.hw_endpoint_xfer_start
                0x100047fc       0x40 CMakeFiles/galton_board.dir/home/vagner/pico/pico-sdk/lib/tinyusb/src/portable/raspberrypi/rp2040/rp2040_usb.c.o
                0x100047fc                hw_endpoint_xfer_start
 .text.tud_event_hook_cb
                0x1000483c        0x4 CMakeFiles/galton_board.dir/home/vagner/pico/pico-sdk/lib/tinyusb/src/device/usbd.c.o
                0x1000483c                tud_event_hook_cb
 .text.tud_sof_cb
                0x10004840        0x4 CMakeFiles/galton_board.dir/home/vagner/pico/pico-sdk/lib/tinyusb/src/device/usbd.c.o
                0x10004840                tud_sof_cb
 .text.tud_descriptor_device_qualifier_cb
                0x10004844        0x4 CMakeFiles/galton_board.dir/home/vagner/pico/pico-sdk/lib/tinyusb/src/device/usbd.c.o
                0x10004844                tud_descriptor_device_qualifier_cb
 .text.tud_descriptor_other_speed_configuration_cb
                0x10004848        0x4 CMakeFiles/galton_board.dir/home/vagner/pico/pico-sdk/lib/tinyusb/src/device/usbd.c.o
                0x10004848                tud_descriptor_other_speed_configuration_cb
 .text.tud_mount_cb
                0x1000484c        0x4 CMakeFiles/galton_board.dir/home/vagner/pico/pico-sdk/lib/tinyusb/src/device/usbd.c.o
                0x1000484c                tud_mount_cb
 .text.tud_umount_cb
                0x10004850        0x4 CMakeFiles/galton_board.dir/home/vagner/pico/pico-sdk/lib/tinyusb/src/device/usbd.c.o
                0x10004850                tud_umount_cb
 .text.tud_suspend_cb
                0x10004854        0x4 CMakeFiles/galton_board.dir/home/vagner/pico/pico-sdk/lib/tinyusb/src/device/usbd.c.o
                0x10004854                tud_suspend_cb
 .text.tud_resume_cb
                0x10004858        0x4 CMakeFiles/galton_board.dir/home/vagner/pico/pico-sdk/lib/tinyusb/src/device/usbd.c.o
                0x10004858                tud_resume_cb
 .text.tud_mounted
                0x1000485c       0x10 CMakeFiles/galton_board.dir/home/vagner/pico/pico-sdk/lib/tinyusb/src/device/usbd.c.o
                0x1000485c                tud_mounted
 .text.tud_suspended
                0x1000486c       0x10 CMakeFiles/galton_board.dir/home/vagner/pico/pico-sdk/lib/tinyusb/src/device/usbd.c.o
                0x1000486c                tud_suspended
 .text.tud_init
                0x1000487c       0xe4 CMakeFiles/galton_board.dir/home/vagner/pico/pico-sdk/lib/tinyusb/src/device/usbd.c.o
                0x1000487c                tud_init
 .text.tud_task_ext
                0x10004960      0x800 CMakeFiles/galton_board.dir/home/vagner/pico/pico-sdk/lib/tinyusb/src/device/usbd.c.o
                0x10004960                tud_task_ext
 .text.usbd_open_edpt_pair
                0x10005160       0x9c CMakeFiles/galton_board.dir/home/vagner/pico/pico-sdk/lib/tinyusb/src/device/usbd.c.o
                0x10005160                usbd_open_edpt_pair
 .text.usbd_edpt_open
                0x100051fc       0x34 CMakeFiles/galton_board.dir/home/vagner/pico/pico-sdk/lib/tinyusb/src/device/usbd.c.o
                0x100051fc                usbd_edpt_open
 .text.usbd_edpt_claim
                0x10005230       0x28 CMakeFiles/galton_board.dir/home/vagner/pico/pico-sdk/lib/tinyusb/src/device/usbd.c.o
                0x10005230                usbd_edpt_claim
 .text.usbd_edpt_release
                0x10005258       0x28 CMakeFiles/galton_board.dir/home/vagner/pico/pico-sdk/lib/tinyusb/src/device/usbd.c.o
                0x10005258                usbd_edpt_release
 .text.usbd_edpt_xfer
                0x10005280       0x4c CMakeFiles/galton_board.dir/home/vagner/pico/pico-sdk/lib/tinyusb/src/device/usbd.c.o
                0x10005280                usbd_edpt_xfer
 .text.tud_control_status
                0x100052cc       0x2c CMakeFiles/galton_board.dir/home/vagner/pico/pico-sdk/lib/tinyusb/src/device/usbd_control.c.o
                0x100052cc                tud_control_status
 .text.tud_control_xfer
                0x100052f8       0xac CMakeFiles/galton_board.dir/home/vagner/pico/pico-sdk/lib/tinyusb/src/device/usbd_control.c.o
                0x100052f8                tud_control_xfer
 .text.usbd_control_reset
                0x100053a4       0x14 CMakeFiles/galton_board.dir/home/vagner/pico/pico-sdk/lib/tinyusb/src/device/usbd_control.c.o
                0x100053a4                usbd_control_reset
 .text.usbd_control_set_complete_callback
                0x100053b8        0xc CMakeFiles/galton_board.dir/home/vagner/pico/pico-sdk/lib/tinyusb/src/device/usbd_control.c.o
                0x100053b8                usbd_control_set_complete_callback
 .text.usbd_control_set_request
                0x100053c4       0x1c CMakeFiles/galton_board.dir/home/vagner/pico/pico-sdk/lib/tinyusb/src/device/usbd_control.c.o
                0x100053c4                usbd_control_set_request
 .text.usbd_control_xfer_cb
                0x100053e0       0xec CMakeFiles/galton_board.dir/home/vagner/pico/pico-sdk/lib/tinyusb/src/device/usbd_control.c.o
                0x100053e0                usbd_control_xfer_cb
 .text._prep_out_transaction.isra.0
                0x100054cc       0x5c CMakeFiles/galton_board.dir/home/vagner/pico/pico-sdk/lib/tinyusb/src/class/cdc/cdc_device.c.o
 .text.tud_cdc_n_connected
                0x10005528       0x30 CMakeFiles/galton_board.dir/home/vagner/pico/pico-sdk/lib/tinyusb/src/class/cdc/cdc_device.c.o
                0x10005528                tud_cdc_n_connected
 .text.tud_cdc_n_available
                0x10005558       0x18 CMakeFiles/galton_board.dir/home/vagner/pico/pico-sdk/lib/tinyusb/src/class/cdc/cdc_device.c.o
                0x10005558                tud_cdc_n_available
 .text.tud_cdc_n_read
                0x10005570       0x98 CMakeFiles/galton_board.dir/home/vagner/pico/pico-sdk/lib/tinyusb/src/class/cdc/cdc_device.c.o
                0x10005570                tud_cdc_n_read
 .text.tud_cdc_n_write_flush
                0x10005608       0x78 CMakeFiles/galton_board.dir/home/vagner/pico/pico-sdk/lib/tinyusb/src/class/cdc/cdc_device.c.o
                0x10005608                tud_cdc_n_write_flush
 .text.tud_cdc_n_write
                0x10005680       0x40 CMakeFiles/galton_board.dir/home/vagner/pico/pico-sdk/lib/tinyusb/src/class/cdc/cdc_device.c.o
                0x10005680                tud_cdc_n_write
 .text.tud_cdc_n_write_available
                0x100056c0       0x18 CMakeFiles/galton_board.dir/home/vagner/pico/pico-sdk/lib/tinyusb/src/class/cdc/cdc_device.c.o
                0x100056c0                tud_cdc_n_write_available
 .text.cdcd_init
                0x100056d8       0x7c CMakeFiles/galton_board.dir/home/vagner/pico/pico-sdk/lib/tinyusb/src/class/cdc/cdc_device.c.o
                0x100056d8                cdcd_init
 .text.cdcd_deinit
                0x10005754       0x34 CMakeFiles/galton_board.dir/home/vagner/pico/pico-sdk/lib/tinyusb/src/class/cdc/cdc_device.c.o
                0x10005754                cdcd_deinit
 .text.cdcd_reset
                0x10005788       0x4c CMakeFiles/galton_board.dir/home/vagner/pico/pico-sdk/lib/tinyusb/src/class/cdc/cdc_device.c.o
                0x10005788                cdcd_reset
 .text.cdcd_open
                0x100057d4       0xb0 CMakeFiles/galton_board.dir/home/vagner/pico/pico-sdk/lib/tinyusb/src/class/cdc/cdc_device.c.o
                0x100057d4                cdcd_open
 .text.cdcd_control_xfer_cb
                0x10005884       0xe4 CMakeFiles/galton_board.dir/home/vagner/pico/pico-sdk/lib/tinyusb/src/class/cdc/cdc_device.c.o
                0x10005884                cdcd_control_xfer_cb
 .text.cdcd_xfer_cb
                0x10005968      0x100 CMakeFiles/galton_board.dir/home/vagner/pico/pico-sdk/lib/tinyusb/src/class/cdc/cdc_device.c.o
                0x10005968                cdcd_xfer_cb
 .text.vendord_init
                0x10005a68       0x5c CMakeFiles/galton_board.dir/home/vagner/pico/pico-sdk/lib/tinyusb/src/class/vendor/vendor_device.c.o
                0x10005a68                vendord_init
 .text.vendord_deinit
                0x10005ac4       0x1c CMakeFiles/galton_board.dir/home/vagner/pico/pico-sdk/lib/tinyusb/src/class/vendor/vendor_device.c.o
                0x10005ac4                vendord_deinit
 .text.vendord_reset
                0x10005ae0       0x20 CMakeFiles/galton_board.dir/home/vagner/pico/pico-sdk/lib/tinyusb/src/class/vendor/vendor_device.c.o
                0x10005ae0                vendord_reset
 .text.vendord_open
                0x10005b00      0x138 CMakeFiles/galton_board.dir/home/vagner/pico/pico-sdk/lib/tinyusb/src/class/vendor/vendor_device.c.o
                0x10005b00                vendord_open
 .text.vendord_xfer_cb
                0x10005c38       0x9c CMakeFiles/galton_board.dir/home/vagner/pico/pico-sdk/lib/tinyusb/src/class/vendor/vendor_device.c.o
                0x10005c38                vendord_xfer_cb
 .text.tusb_init
                0x10005cd4        0xc CMakeFiles/galton_board.dir/home/vagner/pico/pico-sdk/lib/tinyusb/src/tusb.c.o
                0x10005cd4                tusb_init
 .text.tu_edpt_claim
                0x10005ce0       0x50 CMakeFiles/galton_board.dir/home/vagner/pico/pico-sdk/lib/tinyusb/src/tusb.c.o
                0x10005ce0                tu_edpt_claim
 .text.tu_edpt_release
                0x10005d30       0x38 CMakeFiles/galton_board.dir/home/vagner/pico/pico-sdk/lib/tinyusb/src/tusb.c.o
                0x10005d30                tu_edpt_release
 .text.tu_edpt_validate
                0x10005d68       0x7c CMakeFiles/galton_board.dir/home/vagner/pico/pico-sdk/lib/tinyusb/src/tusb.c.o
                0x10005d68                tu_edpt_validate
 .text.tu_edpt_bind_driver
                0x10005de4       0x34 CMakeFiles/galton_board.dir/home/vagner/pico/pico-sdk/lib/tinyusb/src/tusb.c.o
                0x10005de4                tu_edpt_bind_driver
 .text.tu_edpt_stream_init
                0x10005e18       0x6c CMakeFiles/galton_board.dir/home/vagner/pico/pico-sdk/lib/tinyusb/src/tusb.c.o
                0x10005e18                tu_edpt_stream_init
 .text.tu_edpt_stream_deinit
                0x10005e84        0x4 CMakeFiles/galton_board.dir/home/vagner/pico/pico-sdk/lib/tinyusb/src/tusb.c.o
                0x10005e84                tu_edpt_stream_deinit
 .text.tu_edpt_stream_write_zlp_if_needed
                0x10005e88       0x68 CMakeFiles/galton_board.dir/home/vagner/pico/pico-sdk/lib/tinyusb/src/tusb.c.o
                0x10005e88                tu_edpt_stream_write_zlp_if_needed
 .text.tu_edpt_stream_write_xfer
                0x10005ef0       0x64 CMakeFiles/galton_board.dir/home/vagner/pico/pico-sdk/lib/tinyusb/src/tusb.c.o
                0x10005ef0                tu_edpt_stream_write_xfer
 .text.tu_edpt_stream_read_xfer
                0x10005f54       0xdc CMakeFiles/galton_board.dir/home/vagner/pico/pico-sdk/lib/tinyusb/src/tusb.c.o
                0x10005f54                tu_edpt_stream_read_xfer
 .text.tu_fifo_config
                0x10006030       0x6c CMakeFiles/galton_board.dir/home/vagner/pico/pico-sdk/lib/tinyusb/src/common/tusb_fifo.c.o
                0x10006030                tu_fifo_config
 .text.tu_fifo_count
                0x1000609c       0x2c CMakeFiles/galton_board.dir/home/vagner/pico/pico-sdk/lib/tinyusb/src/common/tusb_fifo.c.o
                0x1000609c                tu_fifo_count
 .text.tu_fifo_empty
                0x100060c8       0x10 CMakeFiles/galton_board.dir/home/vagner/pico/pico-sdk/lib/tinyusb/src/common/tusb_fifo.c.o
                0x100060c8                tu_fifo_empty
 .text.tu_fifo_remaining
                0x100060d8       0x2c CMakeFiles/galton_board.dir/home/vagner/pico/pico-sdk/lib/tinyusb/src/common/tusb_fifo.c.o
                0x100060d8                tu_fifo_remaining
 .text.tu_fifo_read
                0x10006104       0x9c CMakeFiles/galton_board.dir/home/vagner/pico/pico-sdk/lib/tinyusb/src/common/tusb_fifo.c.o
                0x10006104                tu_fifo_read
 .text.tu_fifo_read_n
                0x100061a0       0xe8 CMakeFiles/galton_board.dir/home/vagner/pico/pico-sdk/lib/tinyusb/src/common/tusb_fifo.c.o
                0x100061a0                tu_fifo_read_n
 .text.tu_fifo_write
                0x10006288       0xa8 CMakeFiles/galton_board.dir/home/vagner/pico/pico-sdk/lib/tinyusb/src/common/tusb_fifo.c.o
                0x10006288                tu_fifo_write
 .text.tu_fifo_write_n
                0x10006330      0x178 CMakeFiles/galton_board.dir/home/vagner/pico/pico-sdk/lib/tinyusb/src/common/tusb_fifo.c.o
                0x10006330                tu_fifo_write_n
 .text.tu_fifo_clear
                0x100064a8       0x40 CMakeFiles/galton_board.dir/home/vagner/pico/pico-sdk/lib/tinyusb/src/common/tusb_fifo.c.o
                0x100064a8                tu_fifo_clear
 .text.tu_fifo_set_overwritable
                0x100064e8       0x48 CMakeFiles/galton_board.dir/home/vagner/pico/pico-sdk/lib/tinyusb/src/common/tusb_fifo.c.o
                0x100064e8                tu_fifo_set_overwritable
 .text.i2c_write_blocking_internal.constprop.0
                0x10006530       0xd0 CMakeFiles/galton_board.dir/home/vagner/pico/pico-sdk/src/rp2_common/hardware_i2c/i2c.c.o
 .text.i2c_set_baudrate
                0x10006600       0xc0 CMakeFiles/galton_board.dir/home/vagner/pico/pico-sdk/src/rp2_common/hardware_i2c/i2c.c.o
                0x10006600                i2c_set_baudrate
 .text.i2c_init
                0x100066c0       0x50 CMakeFiles/galton_board.dir/home/vagner/pico/pico-sdk/src/rp2_common/hardware_i2c/i2c.c.o
                0x100066c0                i2c_init
 .text.i2c_write_blocking
                0x10006710       0x14 CMakeFiles/galton_board.dir/home/vagner/pico/pico-sdk/src/rp2_common/hardware_i2c/i2c.c.o
                0x10006710                i2c_write_blocking
 .text.adc_init
                0x10006724       0x38 CMakeFiles/galton_board.dir/home/vagner/pico/pico-sdk/src/rp2_common/hardware_adc/adc.c.o
                0x10006724                adc_init
 .text          0x1000675c       0x48 /usr/lib/gcc/arm-none-eabi/13.2.1/../../../arm-none-eabi/lib/thumb/v6-m/nofp/libg.a(libc_a-rand.o)
                0x1000675c                srand
                0x10006770                rand
 .text          0x100067a4       0x60 /usr/lib/gcc/arm-none-eabi/13.2.1/../../../arm-none-eabi/lib/thumb/v6-m/nofp/libg.a(libc_a-itoa.o)
                0x100067a4                __itoa
                0x100067d4                itoa
 .text          0x10006804       0x18 /usr/lib/gcc/arm-none-eabi/13.2.1/../../../arm-none-eabi/lib/thumb/v6-m/nofp/libg.a(libc_a-calloc.o)
                0x10006804                calloc
 .text          0x1000681c       0x88 /usr/lib/gcc/arm-none-eabi/13.2.1/../../../arm-none-eabi/lib/thumb/v6-m/nofp/libg.a(libc_a-utoa.o)
                0x1000681c                __utoa
                0x1000689c                utoa
 .text          0x100068a4       0xa8 /usr/lib/gcc/arm-none-eabi/13.2.1/../../../arm-none-eabi/lib/thumb/v6-m/nofp/libg.a(libc_a-callocr.o)
                0x100068a4                _calloc_r
 .text          0x1000694c      0x5b4 /usr/lib/gcc/arm-none-eabi/13.2.1/../../../arm-none-eabi/lib/thumb/v6-m/nofp/libg.a(libc_a-mallocr.o)
                0x1000694c                _malloc_r
 .text          0x10006f00      0x288 /usr/lib/gcc/arm-none-eabi/13.2.1/../../../arm-none-eabi/lib/thumb/v6-m/nofp/libg.a(libc_a-freer.o)
                0x10006f00                _malloc_trim_r
                0x10006fb4                _free_r
 .text          0x10007188       0x1c /usr/lib/gcc/arm-none-eabi/13.2.1/../../../arm-none-eabi/lib/thumb/v6-m/nofp/libg.a(libc_a-sysconf.o)
                0x10007188                sysconf
 .text          0x100071a4        0x8 /usr/lib/gcc/arm-none-eabi/13.2.1/../../../arm-none-eabi/lib/thumb/v6-m/nofp/libg.a(libc_a-mlock.o)
                0x100071a4                __malloc_lock
                0x100071a8                __malloc_unlock
 .text          0x100071ac       0x10 /usr/lib/gcc/arm-none-eabi/13.2.1/../../../arm-none-eabi/lib/thumb/v6-m/nofp/libg.a(libc_a-atexit.o)
                0x100071ac                atexit
 .text          0x100071bc       0x5c /usr/lib/gcc/arm-none-eabi/13.2.1/../../../arm-none-eabi/lib/thumb/v6-m/nofp/libg.a(libc_a-strlen-stub.o)
                0x100071bc                strlen
 .text          0x10007218       0x24 /usr/lib/gcc/arm-none-eabi/13.2.1/../../../arm-none-eabi/lib/thumb/v6-m/nofp/libg.a(libc_a-sbrkr.o)
                0x10007218                _sbrk_r
 .text          0x1000723c       0x38 /usr/lib/gcc/arm-none-eabi/13.2.1/../../../arm-none-eabi/lib/thumb/v6-m/nofp/libg.a(libc_a-time.o)
                0x1000723c                time
 .text          0x10007274       0x28 /usr/lib/gcc/arm-none-eabi/13.2.1/../../../arm-none-eabi/lib/thumb/v6-m/nofp/libg.a(libc_a-fini.o)
                0x10007274                __libc_fini_array
 .text          0x1000729c        0xc /usr/lib/gcc/arm-none-eabi/13.2.1/../../../arm-none-eabi/lib/thumb/v6-m/nofp/libg.a(libc_a-errno.o)
                0x1000729c                __errno
 .text          0x100072a8       0x28 /usr/lib/gcc/arm-none-eabi/13.2.1/../../../arm-none-eabi/lib/thumb/v6-m/nofp/libg.a(libc_a-gettimeofdayr.o)
                0x100072a8                _gettimeofday_r
 .text          0x100072d0       0x78 /usr/lib/gcc/arm-none-eabi/13.2.1/../../../arm-none-eabi/lib/thumb/v6-m/nofp/libg.a(libc_a-__atexit.o)
                0x100072d0                __register_exitproc
 .text.startup  0x10007348       0x18 /usr/lib/gcc/arm-none-eabi/13.2.1/../../../arm-none-eabi/lib/thumb/v6-m/nofp/libg.a(libc_a-__call_atexit.o)
 *(.fini)
 .fini          0x10007360        0x4 /usr/lib/gcc/arm-none-eabi/13.2.1/thumb/v6-m/nofp/crti.o
                0x10007360                _fini
 *fill*         0x10007364        0x4 
 .fini.__stub   0x10007368       0xc0 linker stubs
 *crtbegin.o(.ctors)
 *crtbegin?.o(.ctors)
 *(EXCLUDE_FILE(*crtend.o *crtend?.o) .ctors)
 *(SORT_BY_NAME(.ctors.*))
 *(.ctors)
 *crtbegin.o(.dtors)
 *crtbegin?.o(.dtors)
 *(EXCLUDE_FILE(*crtend.o *crtend?.o) .dtors)
 *(SORT_BY_NAME(.dtors.*))
 *(.dtors)
                0x10007428                        . = ALIGN (0x4)
                0x10007428                        PROVIDE (__preinit_array_start = .)
 *(SORT_BY_NAME(.preinit_array.*))
 .preinit_array.00100
                0x10007428        0x4 CMakeFiles/galton_board.dir/home/vagner/pico/pico-sdk/src/rp2_common/pico_runtime_init/runtime_init.c.o
                0x10007428                __pre_init_runtime_init_early_resets
 .preinit_array.00101
                0x1000742c        0x4 CMakeFiles/galton_board.dir/home/vagner/pico/pico-sdk/src/rp2_common/pico_runtime_init/runtime_init.c.o
                0x1000742c                __pre_init_runtime_init_usb_power_down
 .preinit_array.00275
                0x10007430        0x4 CMakeFiles/galton_board.dir/home/vagner/pico/pico-sdk/src/rp2_common/pico_bit_ops/bit_ops_aeabi.S.o
 .preinit_array.00300
                0x10007434        0x4 CMakeFiles/galton_board.dir/home/vagner/pico/pico-sdk/src/rp2_common/pico_mem_ops/mem_ops_aeabi.S.o
 .preinit_array.00350
                0x10007438        0x4 CMakeFiles/galton_board.dir/home/vagner/pico/pico-sdk/src/rp2_common/pico_double/double_aeabi_rp2040.S.o
 .preinit_array.00350
                0x1000743c        0x4 CMakeFiles/galton_board.dir/home/vagner/pico/pico-sdk/src/rp2_common/pico_float/float_aeabi_rp2040.S.o
 .preinit_array.00500
                0x10007440        0x4 CMakeFiles/galton_board.dir/home/vagner/pico/pico-sdk/src/rp2_common/pico_runtime_init/runtime_init.c.o
                0x10007440                __pre_init_runtime_init_clocks
 .preinit_array.00600
                0x10007444        0x4 CMakeFiles/galton_board.dir/home/vagner/pico/pico-sdk/src/rp2_common/pico_runtime_init/runtime_init.c.o
                0x10007444                __pre_init_runtime_init_post_clock_resets
 .preinit_array.00700
                0x10007448        0x4 CMakeFiles/galton_board.dir/home/vagner/pico/pico-sdk/src/rp2_common/pico_runtime_init/runtime_init.c.o
                0x10007448                __pre_init_runtime_init_rp2040_gpio_ie_disable
 .preinit_array.01000
                0x1000744c        0x4 CMakeFiles/galton_board.dir/home/vagner/pico/pico-sdk/src/rp2_common/pico_runtime_init/runtime_init.c.o
                0x1000744c                __pre_init_runtime_init_spin_locks_reset
 .preinit_array.01100
                0x10007450        0x4 CMakeFiles/galton_board.dir/home/vagner/pico/pico-sdk/src/common/pico_sync/mutex.c.o
                0x10007450                __pre_init_runtime_init_mutex
 .preinit_array.10080
                0x10007454        0x4 CMakeFiles/galton_board.dir/home/vagner/pico/pico-sdk/src/rp2_common/pico_runtime_init/runtime_init.c.o
                0x10007454                __pre_init_runtime_init_install_ram_vector_table
 .preinit_array.11000
                0x10007458        0x4 CMakeFiles/galton_board.dir/home/vagner/pico/pico-sdk/src/common/pico_time/time.c.o
                0x10007458                __pre_init_runtime_init_default_alarm_pool
 .preinit_array.YYYYY
                0x1000745c        0x4 CMakeFiles/galton_board.dir/home/vagner/pico/pico-sdk/src/rp2_common/pico_runtime/runtime.c.o
                0x1000745c                __pre_init_first_per_core_initializer
 .preinit_array.ZZZZZ.01200
                0x10007460        0x4 CMakeFiles/galton_board.dir/home/vagner/pico/pico-sdk/src/rp2_common/hardware_irq/irq.c.o
                0x10007460                __pre_init_runtime_init_per_core_irq_priorities
 *(.preinit_array)
                0x10007464                        PROVIDE (__preinit_array_end = .)
                0x10007464                        . = ALIGN (0x4)
                0x10007464                        PROVIDE (__init_array_start = .)
 *(SORT_BY_NAME(.init_array.*))
 .init_array.00000
                0x10007464        0x4 /usr/lib/gcc/arm-none-eabi/13.2.1/../../../arm-none-eabi/lib/thumb/v6-m/nofp/libg.a(libc_a-__call_atexit.o)
 *(.init_array)
 .init_array    0x10007468        0x4 /usr/lib/gcc/arm-none-eabi/13.2.1/thumb/v6-m/nofp/crtbegin.o
 .init_array    0x1000746c        0x4 CMakeFiles/galton_board.dir/home/vagner/pico/pico-sdk/src/rp2_common/pico_unique_id/unique_id.c.o
                0x10007470                        PROVIDE (__init_array_end = .)
                0x10007470                        . = ALIGN (0x4)
                0x10007470                        PROVIDE (__fini_array_start = .)
 *(SORT_BY_NAME(.fini_array.*))
 *(.fini_array)
                0x10007470                        PROVIDE (__fini_array_end = .)
 *(.eh_frame*)
 .eh_frame      0x10007470        0x0 /usr/lib/gcc/arm-none-eabi/13.2.1/thumb/v6-m/nofp/crtbegin.o
                0x10007470                        . = ALIGN (0x4)

.glue_7         0x10007470        0x0
 .glue_7        0x10007470        0x0 linker stubs

.glue_7t        0x10007470        0x0
 .glue_7t       0x10007470        0x0 linker stubs

.vfp11_veneer   0x10007470        0x0
 .vfp11_veneer  0x10007470        0x0 linker stubs

.v4_bx          0x10007470        0x0
 .v4_bx         0x10007470        0x0 linker stubs

.iplt           0x10007470        0x0
 .iplt          0x10007470        0x0 /usr/lib/gcc/arm-none-eabi/13.2.1/thumb/v6-m/nofp/crtbegin.o

.rodata         0x10007470      0x5a0
 *(EXCLUDE_FILE(*libm.a: *libc.a:*lib_a-mem*.o *libgcc.a:) .rodata*)
 .rodata.main.str1.4
                0x10007470      0x1bd CMakeFiles/galton_board.dir/galton_board.c.o
                                 0x2a (size before relaxing)
 *fill*         0x1000762d        0x3 
 .rodata.font   0x10007630      0x128 CMakeFiles/galton_board.dir/inc/ssd1306.c.o
 .rodata.panic.str1.4
                0x10007758       0x12 CMakeFiles/galton_board.dir/home/vagner/pico/pico-sdk/src/rp2_common/pico_platform_panic/panic.c.o
 .rodata.spin_lock_claim_unused.str1.4
                0x10007758       0x1b CMakeFiles/galton_board.dir/home/vagner/pico/pico-sdk/src/rp2_common/hardware_sync/sync.c.o
 .rodata.user_irq_claim_unused.str1.4
                0x10007758       0x1b CMakeFiles/galton_board.dir/home/vagner/pico/pico-sdk/src/rp2_common/hardware_irq/irq.c.o
 .rodata.timer_hardware_alarm_claim.str1.4
                0x10007758       0x22 CMakeFiles/galton_board.dir/home/vagner/pico/pico-sdk/src/rp2_common/hardware_timer/timer.c.o
 .rodata.hard_assertion_failure.str1.4
                0x10007758        0xc CMakeFiles/galton_board.dir/home/vagner/pico/pico-sdk/src/rp2_common/pico_runtime/runtime.c.o
 .rodata.__wrap_malloc.str1.4
                0x10007758        0xe CMakeFiles/galton_board.dir/home/vagner/pico/pico-sdk/src/rp2_common/pico_malloc/malloc.c.o
 .rodata.str1.4
                0x10007758       0x44 CMakeFiles/galton_board.dir/home/vagner/pico/pico-sdk/src/rp2_common/pico_standard_binary_info/standard_binary_info.c.o
 .rodata.__bi_84
                0x10007758        0xc CMakeFiles/galton_board.dir/home/vagner/pico/pico-sdk/src/rp2_common/pico_standard_binary_info/standard_binary_info.c.o
 .rodata.__bi_78
                0x10007764        0xc CMakeFiles/galton_board.dir/home/vagner/pico/pico-sdk/src/rp2_common/pico_standard_binary_info/standard_binary_info.c.o
 .rodata.__bi_54
                0x10007770        0xc CMakeFiles/galton_board.dir/home/vagner/pico/pico-sdk/src/rp2_common/pico_standard_binary_info/standard_binary_info.c.o
 .rodata.__bi_48
                0x1000777c        0xc CMakeFiles/galton_board.dir/home/vagner/pico/pico-sdk/src/rp2_common/pico_standard_binary_info/standard_binary_info.c.o
 .rodata.__bi_42
                0x10007788        0xc CMakeFiles/galton_board.dir/home/vagner/pico/pico-sdk/src/rp2_common/pico_standard_binary_info/standard_binary_info.c.o
 .rodata.__bi_34
                0x10007794        0xc CMakeFiles/galton_board.dir/home/vagner/pico/pico-sdk/src/rp2_common/pico_standard_binary_info/standard_binary_info.c.o
 .rodata.__bi_26
                0x100077a0        0xc CMakeFiles/galton_board.dir/home/vagner/pico/pico-sdk/src/rp2_common/pico_standard_binary_info/standard_binary_info.c.o
 .rodata.crlf_str.0
                0x100077ac        0x2 CMakeFiles/galton_board.dir/home/vagner/pico/pico-sdk/src/rp2_common/pico_stdio/stdio.c.o
 *fill*         0x100077ae        0x2 
 .rodata._resetd_driver
                0x100077b0       0x20 CMakeFiles/galton_board.dir/home/vagner/pico/pico-sdk/src/rp2_common/pico_stdio_usb/reset_interface.c.o
 .rodata.desc_ms_os_20
                0x100077d0       0xa6 CMakeFiles/galton_board.dir/home/vagner/pico/pico-sdk/src/rp2_common/pico_stdio_usb/reset_interface.c.o
 *fill*         0x10007876        0x2 
 .rodata.desc_bos
                0x10007878       0x21 CMakeFiles/galton_board.dir/home/vagner/pico/pico-sdk/src/rp2_common/pico_stdio_usb/reset_interface.c.o
                0x10007878                desc_bos
 .rodata.str1.4
                0x10007899       0x13 CMakeFiles/galton_board.dir/home/vagner/pico/pico-sdk/src/rp2_common/pico_stdio_usb/stdio_usb.c.o
 *fill*         0x10007899        0x3 
 .rodata.__bi_197.0
                0x1000789c        0xc CMakeFiles/galton_board.dir/home/vagner/pico/pico-sdk/src/rp2_common/pico_stdio_usb/stdio_usb.c.o
 .rodata.str1.4
                0x100078a8       0x2a CMakeFiles/galton_board.dir/home/vagner/pico/pico-sdk/src/rp2_common/pico_stdio_usb/stdio_usb_descriptors.c.o
 .rodata.usbd_desc_str
                0x100078a8       0x18 CMakeFiles/galton_board.dir/home/vagner/pico/pico-sdk/src/rp2_common/pico_stdio_usb/stdio_usb_descriptors.c.o
 .rodata.usbd_desc_cfg
                0x100078c0       0x54 CMakeFiles/galton_board.dir/home/vagner/pico/pico-sdk/src/rp2_common/pico_stdio_usb/stdio_usb_descriptors.c.o
 .rodata.usbd_desc_device
                0x10007914       0x12 CMakeFiles/galton_board.dir/home/vagner/pico/pico-sdk/src/rp2_common/pico_stdio_usb/stdio_usb_descriptors.c.o
 .rodata.str1.4
                0x10007926       0x14 CMakeFiles/galton_board.dir/home/vagner/pico/pico-sdk/lib/tinyusb/src/portable/raspberrypi/rp2040/dcd_rp2040.c.o
 .rodata.str1.4
                0x10007926       0x48 CMakeFiles/galton_board.dir/home/vagner/pico/pico-sdk/lib/tinyusb/src/portable/raspberrypi/rp2040/rp2040_usb.c.o
 *fill*         0x10007926        0x2 
 .rodata.tud_task_ext
                0x10007928       0x8c CMakeFiles/galton_board.dir/home/vagner/pico/pico-sdk/lib/tinyusb/src/device/usbd.c.o
 .rodata        0x100079b4       0x1c CMakeFiles/galton_board.dir/home/vagner/pico/pico-sdk/lib/tinyusb/src/device/usbd.c.o
 .rodata._usbd_driver
                0x100079d0       0x40 CMakeFiles/galton_board.dir/home/vagner/pico/pico-sdk/lib/tinyusb/src/device/usbd.c.o
 .rodata.str1.4
                0x10007a10       0x25 /usr/lib/gcc/arm-none-eabi/13.2.1/../../../arm-none-eabi/lib/thumb/v6-m/nofp/libg.a(libc_a-utoa.o)
                0x10007a38                        . = ALIGN (0x4)
 *(SORT_BY_ALIGNMENT(SORT_BY_NAME(.flashdata*)))
                0x10007a38                        . = ALIGN (0x4)

.ARM.extab
 *(.ARM.extab* .gnu.linkonce.armextab.*)
                0x10007a10                        __exidx_start = .

.ARM.exidx
 *(.ARM.exidx* .gnu.linkonce.armexidx.*)
                0x10007a10                        __exidx_end = .
                0x10007a38                        . = ALIGN (0x4)
                0x10007a10                        __binary_info_start = .

.binary_info    0x10007a10       0x20
 *(.binary_info.keep.*)
 .binary_info.keep.__bi_ptr84
                0x10007a10        0x4 CMakeFiles/galton_board.dir/home/vagner/pico/pico-sdk/src/rp2_common/pico_standard_binary_info/standard_binary_info.c.o
 .binary_info.keep.__bi_ptr78
                0x10007a14        0x4 CMakeFiles/galton_board.dir/home/vagner/pico/pico-sdk/src/rp2_common/pico_standard_binary_info/standard_binary_info.c.o
 .binary_info.keep.__bi_ptr54
                0x10007a18        0x4 CMakeFiles/galton_board.dir/home/vagner/pico/pico-sdk/src/rp2_common/pico_standard_binary_info/standard_binary_info.c.o
 .binary_info.keep.__bi_ptr48
                0x10007a1c        0x4 CMakeFiles/galton_board.dir/home/vagner/pico/pico-sdk/src/rp2_common/pico_standard_binary_info/standard_binary_info.c.o
 .binary_info.keep.__bi_ptr42
                0x10007a20        0x4 CMakeFiles/galton_board.dir/home/vagner/pico/pico-sdk/src/rp2_common/pico_standard_binary_info/standard_binary_info.c.o
 .binary_info.keep.__bi_ptr34
                0x10007a24        0x4 CMakeFiles/galton_board.dir/home/vagner/pico/pico-sdk/src/rp2_common/pico_standard_binary_info/standard_binary_info.c.o
 .binary_info.keep.__bi_ptr26
                0x10007a28        0x4 CMakeFiles/galton_board.dir/home/vagner/pico/pico-sdk/src/rp2_common/pico_standard_binary_info/standard_binary_info.c.o
 *(.binary_info.*)
 .binary_info.__bi_ptr197
                0x10007a2c        0x4 CMakeFiles/galton_board.dir/home/vagner/pico/pico-sdk/src/rp2_common/pico_stdio_usb/stdio_usb.c.o
                0x10007a30                        __binary_info_end = .

.rel.dyn        0x10007a30        0x0
 .rel.iplt      0x10007a30        0x0 /usr/lib/gcc/arm-none-eabi/13.2.1/thumb/v6-m/nofp/crtbegin.o
                0x10007a30                        . = ALIGN (0x4)

.ram_vector_table
                0x20000000       0xc0
 *(.ram_vector_table)
 .ram_vector_table
                0x20000000       0xc0 CMakeFiles/galton_board.dir/home/vagner/pico/pico-sdk/src/rp2_common/pico_runtime_init/runtime_init.c.o
                0x20000000                ram_vector_table

.uninitialized_data
                0x200000c0        0x0
                0x200000c0                        . = ALIGN (0x4)
 *(.uninitialized_data*)

.data           0x200000c0     0x14f8 load address 0x10007a30
                0x200000c0                        __data_start__ = .
 *(vtable)
 *(.time_critical*)
 .time_critical.mutex_try_enter
                0x200000c0       0x40 CMakeFiles/galton_board.dir/home/vagner/pico/pico-sdk/src/common/pico_sync/mutex.c.o
                0x200000c0                mutex_try_enter
 .time_critical.mutex_try_enter_block_until
                0x20000100       0x9c CMakeFiles/galton_board.dir/home/vagner/pico/pico-sdk/src/common/pico_sync/mutex.c.o
                0x20000100                mutex_try_enter_block_until
 .time_critical.mutex_enter_timeout_ms
                0x2000019c       0x90 CMakeFiles/galton_board.dir/home/vagner/pico/pico-sdk/src/common/pico_sync/mutex.c.o
                0x2000019c                mutex_enter_timeout_ms
 .time_critical.mutex_exit
                0x2000022c       0x28 CMakeFiles/galton_board.dir/home/vagner/pico/pico-sdk/src/common/pico_sync/mutex.c.o
                0x2000022c                mutex_exit
 .time_critical.flash_init_boot2_copyout
                0x20000254       0x30 CMakeFiles/galton_board.dir/home/vagner/pico/pico-sdk/src/rp2_common/hardware_flash/flash.c.o
 .time_critical.flash_enable_xip_via_boot2
                0x20000284        0xc CMakeFiles/galton_board.dir/home/vagner/pico/pico-sdk/src/rp2_common/hardware_flash/flash.c.o
 .time_critical.flash_cs_force
                0x20000290       0x38 CMakeFiles/galton_board.dir/home/vagner/pico/pico-sdk/src/rp2_common/hardware_flash/flash.c.o
 .time_critical.flash_do_cmd
                0x200002c8       0xc0 CMakeFiles/galton_board.dir/home/vagner/pico/pico-sdk/src/rp2_common/hardware_flash/flash.c.o
                0x200002c8                flash_do_cmd
 .time_critical.reset_non_control_endpoints
                0x20000388       0x68 CMakeFiles/galton_board.dir/home/vagner/pico/pico-sdk/lib/tinyusb/src/portable/raspberrypi/rp2040/dcd_rp2040.c.o
 .time_critical.hw_handle_buff_status
                0x200003f0       0xb0 CMakeFiles/galton_board.dir/home/vagner/pico/pico-sdk/lib/tinyusb/src/portable/raspberrypi/rp2040/dcd_rp2040.c.o
 .time_critical.dcd_rp2040_irq
                0x200004a0      0x578 CMakeFiles/galton_board.dir/home/vagner/pico/pico-sdk/lib/tinyusb/src/portable/raspberrypi/rp2040/dcd_rp2040.c.o
 .time_critical.prepare_ep_buffer
                0x20000a18       0xe0 CMakeFiles/galton_board.dir/home/vagner/pico/pico-sdk/lib/tinyusb/src/portable/raspberrypi/rp2040/rp2040_usb.c.o
 .time_critical.sync_ep_buffer
                0x20000af8       0xa8 CMakeFiles/galton_board.dir/home/vagner/pico/pico-sdk/lib/tinyusb/src/portable/raspberrypi/rp2040/rp2040_usb.c.o
 .time_critical._hw_endpoint_xfer_sync
                0x20000ba0       0x28 CMakeFiles/galton_board.dir/home/vagner/pico/pico-sdk/lib/tinyusb/src/portable/raspberrypi/rp2040/rp2040_usb.c.o
 .time_critical.e15_is_bulkin_ep
                0x20000bc8       0x28 CMakeFiles/galton_board.dir/home/vagner/pico/pico-sdk/lib/tinyusb/src/portable/raspberrypi/rp2040/rp2040_usb.c.o
 .time_critical.e15_is_critical_frame_period
                0x20000bf0       0x34 CMakeFiles/galton_board.dir/home/vagner/pico/pico-sdk/lib/tinyusb/src/portable/raspberrypi/rp2040/rp2040_usb.c.o
 .time_critical.hw_endpoint_reset_transfer
                0x20000c24        0xc CMakeFiles/galton_board.dir/home/vagner/pico/pico-sdk/lib/tinyusb/src/portable/raspberrypi/rp2040/rp2040_usb.c.o
                0x20000c24                hw_endpoint_reset_transfer
 .time_critical._hw_endpoint_buffer_control_update32
                0x20000c30       0x50 CMakeFiles/galton_board.dir/home/vagner/pico/pico-sdk/lib/tinyusb/src/portable/raspberrypi/rp2040/rp2040_usb.c.o
                0x20000c30                _hw_endpoint_buffer_control_update32
 .time_critical.hw_endpoint_start_next_buffer
                0x20000c80       0x6c CMakeFiles/galton_board.dir/home/vagner/pico/pico-sdk/lib/tinyusb/src/portable/raspberrypi/rp2040/rp2040_usb.c.o
                0x20000c80                hw_endpoint_start_next_buffer
 .time_critical.hw_endpoint_xfer_continue
                0x20000cec       0x40 CMakeFiles/galton_board.dir/home/vagner/pico/pico-sdk/lib/tinyusb/src/portable/raspberrypi/rp2040/rp2040_usb.c.o
                0x20000cec                hw_endpoint_xfer_continue
 .time_critical.tinyusb
                0x20000d2c      0x1e4 CMakeFiles/galton_board.dir/home/vagner/pico/pico-sdk/lib/tinyusb/src/device/usbd.c.o
                0x20000d2c                dcd_event_handler
 *(.text*)
 .text          0x20000f10        0x4 /usr/lib/gcc/arm-none-eabi/13.2.1/thumb/v6-m/nofp/libgcc.a(_dvmd_tls.o)
                0x20000f10                __aeabi_ldiv0
                0x20000f10                __aeabi_idiv0
 *fill*         0x20000f14        0x4 
 .text.__stub   0x20000f18       0x80 linker stubs
                0x20000f98                        . = ALIGN (0x4)
 *(.rodata*)
                0x20000f98                        . = ALIGN (0x4)
 *(.data*)
 .data.linhas   0x20000f98        0x4 CMakeFiles/galton_board.dir/galton_board.c.o
                0x20000f98                linhas
 .data.colunas  0x20000f9c        0x4 CMakeFiles/galton_board.dir/galton_board.c.o
                0x20000f9c                colunas
 .data.Bolas    0x20000fa0        0x4 CMakeFiles/galton_board.dir/galton_board.c.o
                0x20000fa0                Bolas
 .data.cor      0x20000fa4        0x1 CMakeFiles/galton_board.dir/galton_board.c.o
                0x20000fa4                cor
 .data.striped_spin_lock_num
                0x20000fa5        0x1 CMakeFiles/galton_board.dir/home/vagner/pico/pico-sdk/src/rp2_common/hardware_sync/sync.c.o
 *fill*         0x20000fa6        0x2 
 .data          0x20000fa8       0x48 CMakeFiles/galton_board.dir/home/vagner/pico/pico-sdk/src/rp2_common/hardware_irq/irq_handler_chain.S.o
                0x20000fa8                irq_handler_chain_slots
                0x20000fd8                irq_handler_chain_first_slot
                0x20000fe2                irq_handler_chain_remove_tail
 .data.default_alarm_pool
                0x20000ff0       0x18 CMakeFiles/galton_board.dir/home/vagner/pico/pico-sdk/src/common/pico_time/time.c.o
 *fill*         0x20001008        0x8 
 .data.aeabi_bits_funcs
                0x20001010       0x10 CMakeFiles/galton_board.dir/home/vagner/pico/pico-sdk/src/rp2_common/pico_bit_ops/bit_ops_aeabi.S.o
                0x20001010                aeabi_bits_funcs
                0x20001020                aeabi_bits_funcs_end
 .data.aeabi_mem_funcs
                0x20001020       0x10 CMakeFiles/galton_board.dir/home/vagner/pico/pico-sdk/src/rp2_common/pico_mem_ops/mem_ops_aeabi.S.o
                0x20001020                aeabi_mem_funcs
                0x20001030                aeabi_mem_funcs_end
 .data.stdio_usb
                0x20001030       0x18 CMakeFiles/galton_board.dir/home/vagner/pico/pico-sdk/src/rp2_common/pico_stdio_usb/stdio_usb.c.o
                0x20001030                stdio_usb
 .data._usbd_qdef
                0x20001048       0x1c CMakeFiles/galton_board.dir/home/vagner/pico/pico-sdk/lib/tinyusb/src/device/usbd.c.o
                0x20001048                _usbd_qdef
 .data._usbd_rhport
                0x20001064        0x1 CMakeFiles/galton_board.dir/home/vagner/pico/pico-sdk/lib/tinyusb/src/device/usbd.c.o
 *fill*         0x20001065        0x3 
 .data.i2c1_inst
                0x20001068        0x8 CMakeFiles/galton_board.dir/home/vagner/pico/pico-sdk/src/rp2_common/hardware_i2c/i2c.c.o
                0x20001068                i2c1_inst
 .data.i2c0_inst
                0x20001070        0x8 CMakeFiles/galton_board.dir/home/vagner/pico/pico-sdk/src/rp2_common/hardware_i2c/i2c.c.o
                0x20001070                i2c0_inst
 .data          0x20001078      0x128 /usr/lib/gcc/arm-none-eabi/13.2.1/../../../arm-none-eabi/lib/thumb/v6-m/nofp/libg.a(libc_a-impure.o)
                0x20001078                _impure_ptr
                0x20001080                _impure_data
 .data          0x200011a0      0x410 /usr/lib/gcc/arm-none-eabi/13.2.1/../../../arm-none-eabi/lib/thumb/v6-m/nofp/libg.a(libc_a-mallocr.o)
                0x200011a0                __malloc_sbrk_base
                0x200011a4                __malloc_trim_threshold
                0x200011a8                __malloc_av_
                0x200015b0                        . = ALIGN (0x4)
 *(.after_data.*)
                0x200015b0                        . = ALIGN (0x4)
                0x200015b0                        PROVIDE (__mutex_array_start = .)
 *(SORT_BY_NAME(.mutex_array.*))
 *(.mutex_array)
 .mutex_array   0x200015b0        0x8 CMakeFiles/galton_board.dir/home/vagner/pico/pico-sdk/src/rp2_common/pico_stdio/stdio.c.o
                0x200015b8                        PROVIDE (__mutex_array_end = .)
                0x200015b8                        . = ALIGN (0x4)
 *(.jcr)
                0x200015b8                        . = ALIGN (0x4)

.tm_clone_table
                0x200015b8        0x0 load address 0x10008f28
 .tm_clone_table
                0x200015b8        0x0 /usr/lib/gcc/arm-none-eabi/13.2.1/thumb/v6-m/nofp/crtbegin.o
 .tm_clone_table
                0x200015b8        0x0 /usr/lib/gcc/arm-none-eabi/13.2.1/thumb/v6-m/nofp/crtend.o

.igot.plt       0x200015b8        0x0 load address 0x10008f28
 .igot.plt      0x200015b8        0x0 /usr/lib/gcc/arm-none-eabi/13.2.1/thumb/v6-m/nofp/crtbegin.o

.tdata          0x200015b8        0x0 load address 0x10008f28
                0x200015b8                        . = ALIGN (0x4)
 *(.tdata .tdata.* .gnu.linkonce.td.*)
                0x200015b8                        __tdata_end = .
                0x200015b8                        PROVIDE (__data_end__ = .)
                0x10007a30                        __etext = LOADADDR (.data)

.tbss           0x200015b8        0x0 load address 0x10008f28
                0x200015b8                        . = ALIGN (0x4)
                0x200015b8                        __bss_start__ = .
                0x200015b8                        __tls_base = .
 *(.tbss .tbss.* .gnu.linkonce.tb.*)
 *(.tcommon)
                0x200015b8                        __tls_end = .

.bss            0x200015b8     0x13b0 load address 0x10008f28
                0x200015b8                        . = ALIGN (0x4)
                0x200015b8                        __tbss_end = .
 *(SORT_BY_ALIGNMENT(SORT_BY_NAME(.bss*)))
 .bss.default_alarm_pool_entries
                0x200015b8      0x180 CMakeFiles/galton_board.dir/home/vagner/pico/pico-sdk/src/common/pico_time/time.c.o
 .bss.epoch_time_us_since_boot
                0x20001738        0x8 CMakeFiles/galton_board.dir/home/vagner/pico/pico-sdk/src/rp2_common/pico_clib_interface/newlib_interface.c.o
 .bss.last_avail_time.1
                0x20001740        0x8 CMakeFiles/galton_board.dir/home/vagner/pico/pico-sdk/src/rp2_common/pico_stdio_usb/stdio_usb.c.o
 .bss.sd_table  0x20001748      0x100 CMakeFiles/galton_board.dir/home/vagner/pico/pico-sdk/src/rp2_common/pico_double/double_init_rom_rp2040.c.o
                0x20001748                sd_table
 .bss.sf_table  0x20001848      0x100 CMakeFiles/galton_board.dir/home/vagner/pico/pico-sdk/src/rp2_common/pico_float/float_init_rom_rp2040.c.o
                0x20001848                sf_table
 .bss           0x20001948       0x1c /usr/lib/gcc/arm-none-eabi/13.2.1/thumb/v6-m/nofp/crtbegin.o
 .bss           0x20001964       0x34 /usr/lib/gcc/arm-none-eabi/13.2.1/../../../arm-none-eabi/lib/thumb/v6-m/nofp/libg.a(libc_a-mallocr.o)
                0x20001964                __malloc_top_pad
                0x20001968                __malloc_current_mallinfo
                0x20001990                __malloc_max_sbrked_mem
                0x20001994                __malloc_max_total_mem
 .bss           0x20001998      0x13c /usr/lib/gcc/arm-none-eabi/13.2.1/../../../arm-none-eabi/lib/thumb/v6-m/nofp/libg.a(libc_a-findfp.o)
                0x20001998                __stdio_exit_handler
                0x2000199c                __sf
 .bss           0x20001ad4        0x4 /usr/lib/gcc/arm-none-eabi/13.2.1/../../../arm-none-eabi/lib/thumb/v6-m/nofp/libg.a(libc_a-reent.o)
                0x20001ad4                errno
 .bss           0x20001ad8      0x190 /usr/lib/gcc/arm-none-eabi/13.2.1/../../../arm-none-eabi/lib/thumb/v6-m/nofp/libg.a(libc_a-__atexit.o)
                0x20001ad8                __atexit0
 .bss           0x20001c68        0x4 /usr/lib/gcc/arm-none-eabi/13.2.1/../../../arm-none-eabi/lib/thumb/v6-m/nofp/libg.a(libc_a-__call_atexit.o)
                0x20001c68                __atexit
 .bss._app_driver
                0x20001c6c        0x4 CMakeFiles/galton_board.dir/home/vagner/pico/pico-sdk/lib/tinyusb/src/device/usbd.c.o
 .bss._cdcd_fifo_cfg
                0x20001c70        0x1 CMakeFiles/galton_board.dir/home/vagner/pico/pico-sdk/lib/tinyusb/src/class/cdc/cdc_device.c.o
 *fill*         0x20001c71        0x3 
 .bss._cdcd_itf
                0x20001c74      0x2c8 CMakeFiles/galton_board.dir/home/vagner/pico/pico-sdk/lib/tinyusb/src/class/cdc/cdc_device.c.o
 .bss._ctrl_xfer
                0x20001f3c       0x14 CMakeFiles/galton_board.dir/home/vagner/pico/pico-sdk/lib/tinyusb/src/device/usbd_control.c.o
 .bss._ubsd_mutexdef
                0x20001f50        0x8 CMakeFiles/galton_board.dir/home/vagner/pico/pico-sdk/lib/tinyusb/src/device/usbd.c.o
 .bss._usbd_ctrl_buf
                0x20001f58       0x40 CMakeFiles/galton_board.dir/home/vagner/pico/pico-sdk/lib/tinyusb/src/device/usbd_control.c.o
 .bss._usbd_dev
                0x20001f98       0x54 CMakeFiles/galton_board.dir/home/vagner/pico/pico-sdk/lib/tinyusb/src/device/usbd.c.o
 .bss._usbd_mutex
                0x20001fec        0x4 CMakeFiles/galton_board.dir/home/vagner/pico/pico-sdk/lib/tinyusb/src/device/usbd.c.o
 .bss._usbd_q   0x20001ff0        0x4 CMakeFiles/galton_board.dir/home/vagner/pico/pico-sdk/lib/tinyusb/src/device/usbd.c.o
 .bss._usbd_qdef_buf
                0x20001ff4       0xc0 CMakeFiles/galton_board.dir/home/vagner/pico/pico-sdk/lib/tinyusb/src/device/usbd.c.o
                0x20001ff4                _usbd_qdef_buf
 .bss._vendord_itf
                0x200020b4      0x2cc CMakeFiles/galton_board.dir/home/vagner/pico/pico-sdk/lib/tinyusb/src/class/vendor/vendor_device.c.o
 .bss.boot2_copyout
                0x20002380      0x100 CMakeFiles/galton_board.dir/home/vagner/pico/pico-sdk/src/rp2_common/hardware_flash/flash.c.o
 .bss.botaoA_flag
                0x20002480        0x4 CMakeFiles/galton_board.dir/galton_board.c.o
                0x20002480                botaoA_flag
 .bss.callbacks
                0x20002484        0x8 CMakeFiles/galton_board.dir/home/vagner/pico/pico-sdk/src/rp2_common/hardware_gpio/gpio.c.o
 .bss.chars_available_callback
                0x2000248c        0x4 CMakeFiles/galton_board.dir/home/vagner/pico/pico-sdk/src/rp2_common/pico_stdio_usb/stdio_usb.c.o
 .bss.chars_available_param
                0x20002490        0x4 CMakeFiles/galton_board.dir/home/vagner/pico/pico-sdk/src/rp2_common/pico_stdio_usb/stdio_usb.c.o
 .bss.claimed   0x20002494        0x4 CMakeFiles/galton_board.dir/home/vagner/pico/pico-sdk/src/rp2_common/hardware_sync/sync.c.o
 .bss.claimed   0x20002498        0x1 CMakeFiles/galton_board.dir/home/vagner/pico/pico-sdk/src/rp2_common/hardware_timer/timer.c.o
 *fill*         0x20002499        0x3 
 .bss.col       0x2000249c        0x4 CMakeFiles/galton_board.dir/galton_board.c.o
                0x2000249c                col
 .bss.configured_freq
                0x200024a0       0x28 CMakeFiles/galton_board.dir/home/vagner/pico/pico-sdk/src/rp2_common/hardware_clocks/clocks.c.o
 .bss.desc_str.0
                0x200024c8       0x28 CMakeFiles/galton_board.dir/home/vagner/pico/pico-sdk/src/rp2_common/pico_stdio_usb/stdio_usb_descriptors.c.o
 .bss.drivers   0x200024f0        0x4 CMakeFiles/galton_board.dir/home/vagner/pico/pico-sdk/src/rp2_common/pico_stdio/stdio.c.o
 .bss.e15_last_sof
                0x200024f4        0x4 CMakeFiles/galton_board.dir/home/vagner/pico/pico-sdk/lib/tinyusb/src/portable/raspberrypi/rp2040/rp2040_usb.c.o
                0x200024f4                e15_last_sof
 .bss.filter    0x200024f8        0x4 CMakeFiles/galton_board.dir/home/vagner/pico/pico-sdk/src/rp2_common/pico_stdio/stdio.c.o
 .bss.heap_end.0
                0x200024fc        0x4 CMakeFiles/galton_board.dir/home/vagner/pico/pico-sdk/src/rp2_common/pico_clib_interface/newlib_interface.c.o
 .bss.hw_endpoints
                0x20002500      0x400 CMakeFiles/galton_board.dir/home/vagner/pico/pico-sdk/lib/tinyusb/src/portable/raspberrypi/rp2040/dcd_rp2040.c.o
 .bss.lazy_vsnprintf
                0x20002900        0x4 CMakeFiles/galton_board.dir/home/vagner/pico/pico-sdk/src/rp2_common/pico_printf/printf.c.o
 .bss.load_value
                0x20002904        0x4 CMakeFiles/galton_board.dir/home/vagner/pico/pico-sdk/src/rp2_common/hardware_watchdog/watchdog.c.o
 .bss.next_buffer_ptr
                0x20002908        0x4 CMakeFiles/galton_board.dir/home/vagner/pico/pico-sdk/lib/tinyusb/src/portable/raspberrypi/rp2040/dcd_rp2040.c.o
 .bss.one_shot_timer_crit_sec
                0x2000290c        0x8 CMakeFiles/galton_board.dir/home/vagner/pico/pico-sdk/src/rp2_common/pico_stdio_usb/stdio_usb.c.o
 .bss.pools     0x20002914       0x10 CMakeFiles/galton_board.dir/home/vagner/pico/pico-sdk/src/common/pico_time/time.c.o
 .bss.posicao_joystick
                0x20002924        0x4 CMakeFiles/galton_board.dir/galton_board.c.o
                0x20002924                posicao_joystick
 .bss.raw_irq_mask
                0x20002928        0x8 CMakeFiles/galton_board.dir/home/vagner/pico/pico-sdk/src/rp2_common/hardware_gpio/gpio.c.o
 .bss.retrieved_id
                0x20002930        0x8 CMakeFiles/galton_board.dir/home/vagner/pico/pico-sdk/src/rp2_common/pico_unique_id/unique_id.c.o
 .bss.row       0x20002938        0x4 CMakeFiles/galton_board.dir/galton_board.c.o
                0x20002938                row
 .bss.sf_clz_func
                0x2000293c        0x4 CMakeFiles/galton_board.dir/home/vagner/pico/pico-sdk/src/rp2_common/pico_double/double_init_rom_rp2040.c.o
                0x2000293c                sf_clz_func
 .bss.sleep_notifier
                0x20002940        0x4 CMakeFiles/galton_board.dir/home/vagner/pico/pico-sdk/src/common/pico_time/time.c.o
 .bss.stdio_usb_mutex
                0x20002944        0x8 CMakeFiles/galton_board.dir/home/vagner/pico/pico-sdk/src/rp2_common/pico_stdio_usb/stdio_usb.c.o
 .bss.usbd_serial_str
                0x2000294c       0x11 CMakeFiles/galton_board.dir/home/vagner/pico/pico-sdk/src/rp2_common/pico_stdio_usb/stdio_usb_descriptors.c.o
 .bss._app_driver_count
                0x2000295d        0x1 CMakeFiles/galton_board.dir/home/vagner/pico/pico-sdk/lib/tinyusb/src/device/usbd.c.o
 .bss._sof_enable
                0x2000295e        0x1 CMakeFiles/galton_board.dir/home/vagner/pico/pico-sdk/lib/tinyusb/src/portable/raspberrypi/rp2040/dcd_rp2040.c.o
 .bss._usbd_queued_setup
                0x2000295f        0x1 CMakeFiles/galton_board.dir/home/vagner/pico/pico-sdk/lib/tinyusb/src/device/usbd.c.o
 .bss.boot2_copyout_valid
                0x20002960        0x1 CMakeFiles/galton_board.dir/home/vagner/pico/pico-sdk/src/rp2_common/hardware_flash/flash.c.o
 .bss.irq_handler_chain_free_slot_head
                0x20002961        0x1 CMakeFiles/galton_board.dir/home/vagner/pico/pico-sdk/src/rp2_common/hardware_irq/irq.c.o
 .bss.itf_num   0x20002962        0x1 CMakeFiles/galton_board.dir/home/vagner/pico/pico-sdk/src/rp2_common/pico_stdio_usb/reset_interface.c.o
 .bss.low_priority_irq_num
                0x20002963        0x1 CMakeFiles/galton_board.dir/home/vagner/pico/pico-sdk/src/rp2_common/pico_stdio_usb/stdio_usb.c.o
 .bss.one_shot_timer_pending
                0x20002964        0x1 CMakeFiles/galton_board.dir/home/vagner/pico/pico-sdk/src/rp2_common/pico_stdio_usb/stdio_usb.c.o
 .bss.user_irq_claimed
                0x20002965        0x1 CMakeFiles/galton_board.dir/home/vagner/pico/pico-sdk/src/rp2_common/hardware_irq/irq.c.o
 *(COMMON)
                0x20002968                        . = ALIGN (0x4)
 *fill*         0x20002966        0x2 
                0x20002968                        __bss_end__ = .

.heap           0x20002968      0x800 load address 0x10008f28
                0x20002968                        __end__ = .
                0x20002968                        end = __end__
 *(.heap*)
 .heap          0x20002968      0x800 CMakeFiles/galton_board.dir/home/vagner/pico/pico-sdk/src/rp2_common/pico_crt0/crt0.S.o
                0x20040000                        __HeapLimit = (ORIGIN (RAM) + LENGTH (RAM))

.scratch_x      0x20040000        0x0 load address 0x10008f28
                0x20040000                        __scratch_x_start__ = .
 *(.scratch_x.*)
                0x20040000                        . = ALIGN (0x4)
                0x20040000                        __scratch_x_end__ = .
                0x10008f28                        __scratch_x_source__ = LOADADDR (.scratch_x)

.scratch_y      0x20041000        0x0 load address 0x10008f28
                0x20041000                        __scratch_y_start__ = .
 *(.scratch_y.*)
                0x20041000                        . = ALIGN (0x4)
                0x20041000                        __scratch_y_end__ = .
                0x10008f28                        __scratch_y_source__ = LOADADDR (.scratch_y)

.stack1_dummy
 *(.stack1*)

.stack_dummy    0x20041000      0x800
 *(.stack*)
 .stack         0x20041000      0x800 CMakeFiles/galton_board.dir/home/vagner/pico/pico-sdk/src/rp2_common/pico_crt0/crt0.S.o

.flash_end      0x10008f28        0x0
 *(.embedded_end_block*)
                0x10008f28                        PROVIDE (__flash_binary_end = .)
                0x20040000                        __StackLimit = (ORIGIN (RAM) + LENGTH (RAM))
                0x20041000                        __StackOneTop = (ORIGIN (SCRATCH_X) + LENGTH (SCRATCH_X))
                0x20042000                        __StackTop = (ORIGIN (SCRATCH_Y) + LENGTH (SCRATCH_Y))
                0x20041000                        __StackOneBottom = (__StackOneTop - SIZEOF (.stack1_dummy))
                0x20041800                        __StackBottom = (__StackTop - SIZEOF (.stack_dummy))
                0x20042000                        PROVIDE (__stack = __StackTop)
                [!provide]                        PROVIDE (__heap_start = __end__)
                [!provide]                        PROVIDE (__heap_end = __HeapLimit)
                [!provide]                        PROVIDE (__tls_align = MAX (ALIGNOF (.tdata), ALIGNOF (.tbss)))
                [!provide]                        PROVIDE (__tls_size_align = (((__tls_size + __tls_align) - 0x1) & ~ ((__tls_align - 0x1))))
                [!provide]                        PROVIDE (__arm32_tls_tcb_offset = MAX (0x8, __tls_align))
                [!provide]                        PROVIDE (_end = __end__)
                [!provide]                        PROVIDE (__llvm_libc_heap_limit = __HeapLimit)
                0x00000001                        ASSERT ((__StackLimit >= __HeapLimit), region RAM overflowed)
                0x00000001                        ASSERT (((__binary_info_header_end - __logical_binary_start) <= 0x100), Binary info must be in first 256 bytes of the binary)
LOAD CMakeFiles/galton_board.dir/galton_board.c.o
LOAD CMakeFiles/galton_board.dir/inc/ssd1306.c.o
LOAD CMakeFiles/galton_board.dir/home/vagner/pico/pico-sdk/src/rp2_common/pico_stdlib/stdlib.c.o
LOAD CMakeFiles/galton_board.dir/home/vagner/pico/pico-sdk/src/rp2_common/hardware_gpio/gpio.c.o
LOAD CMakeFiles/galton_board.dir/home/vagner/pico/pico-sdk/src/rp2040/pico_platform/platform.c.o
LOAD CMakeFiles/galton_board.dir/home/vagner/pico/pico-sdk/src/rp2_common/pico_platform_panic/panic.c.o
LOAD CMakeFiles/galton_board.dir/home/vagner/pico/pico-sdk/src/common/hardware_claim/claim.c.o
LOAD CMakeFiles/galton_board.dir/home/vagner/pico/pico-sdk/src/rp2_common/hardware_sync/sync.c.o
LOAD CMakeFiles/galton_board.dir/home/vagner/pico/pico-sdk/src/rp2_common/hardware_sync_spin_lock/sync_spin_lock.c.o
LOAD CMakeFiles/galton_board.dir/home/vagner/pico/pico-sdk/src/rp2_common/hardware_irq/irq.c.o
LOAD CMakeFiles/galton_board.dir/home/vagner/pico/pico-sdk/src/rp2_common/hardware_irq/irq_handler_chain.S.o
LOAD CMakeFiles/galton_board.dir/home/vagner/pico/pico-sdk/src/common/pico_sync/sem.c.o
LOAD CMakeFiles/galton_board.dir/home/vagner/pico/pico-sdk/src/common/pico_sync/lock_core.c.o
LOAD CMakeFiles/galton_board.dir/home/vagner/pico/pico-sdk/src/common/pico_sync/mutex.c.o
LOAD CMakeFiles/galton_board.dir/home/vagner/pico/pico-sdk/src/common/pico_sync/critical_section.c.o
LOAD CMakeFiles/galton_board.dir/home/vagner/pico/pico-sdk/src/common/pico_time/time.c.o
LOAD CMakeFiles/galton_board.dir/home/vagner/pico/pico-sdk/src/common/pico_time/timeout_helper.c.o
LOAD CMakeFiles/galton_board.dir/home/vagner/pico/pico-sdk/src/rp2_common/hardware_timer/timer.c.o
LOAD CMakeFiles/galton_board.dir/home/vagner/pico/pico-sdk/src/common/pico_util/datetime.c.o
LOAD CMakeFiles/galton_board.dir/home/vagner/pico/pico-sdk/src/common/pico_util/pheap.c.o
LOAD CMakeFiles/galton_board.dir/home/vagner/pico/pico-sdk/src/common/pico_util/queue.c.o
LOAD CMakeFiles/galton_board.dir/home/vagner/pico/pico-sdk/src/rp2_common/hardware_uart/uart.c.o
LOAD CMakeFiles/galton_board.dir/home/vagner/pico/pico-sdk/src/rp2_common/hardware_clocks/clocks.c.o
LOAD CMakeFiles/galton_board.dir/home/vagner/pico/pico-sdk/src/rp2_common/hardware_pll/pll.c.o
LOAD CMakeFiles/galton_board.dir/home/vagner/pico/pico-sdk/src/rp2_common/hardware_vreg/vreg.c.o
LOAD CMakeFiles/galton_board.dir/home/vagner/pico/pico-sdk/src/rp2_common/hardware_watchdog/watchdog.c.o
LOAD CMakeFiles/galton_board.dir/home/vagner/pico/pico-sdk/src/rp2_common/hardware_ticks/ticks.c.o
LOAD CMakeFiles/galton_board.dir/home/vagner/pico/pico-sdk/src/rp2_common/pico_bootrom/bootrom.c.o