Archive member included to satisfy reference by file (symbol)

/usr/lib/gcc/arm-none-eabi/13.2.1/thumb/v6-m/nofp/libgcc.a(_dvmd_tls.o)
                              CMakeFiles/iot_security_lab.dir/home/vagner/pico/pico-sdk/src/rp2_common/pico_divider/divider_hardware.S.o (__aeabi_idiv0)
/usr/lib/gcc/arm-none-eabi/13.2.1/../../../arm-none-eabi/lib/thumb/v6-m/nofp/libg.a(libc_a-strncmp.o)
                              CMakeFiles/iot_security_lab.dir/home/vagner/pico/pico-sdk/lib/lwip/src/core/def.c.o (strncmp)
/usr/lib/gcc/arm-none-eabi/13.2.1/../../../arm-none-eabi/lib/thumb/v6-m/nofp/libg.a(libc_a-memmove.o)
                              CMakeFiles/iot_security_lab.dir/home/vagner/pico/pico-sdk/lib/lwip/src/core/def.c.o (memmove)
/usr/lib/gcc/arm-none-eabi/13.2.1/../../../arm-none-eabi/lib/thumb/v6-m/nofp/libg.a(libc_a-calloc.o)
                              CMakeFiles/iot_security_lab.dir/home/vagner/pico/pico-sdk/src/rp2_common/pico_malloc/malloc.c.o (calloc)
/usr/lib/gcc/arm-none-eabi/13.2.1/../../../arm-none-eabi/lib/thumb/v6-m/nofp/libg.a(libc_a-impure.o)
                              /usr/lib/gcc/arm-none-eabi/13.2.1/../../../arm-none-eabi/lib/thumb/v6-m/nofp/libg.a(libc_a-calloc.o) (_impure_ptr)
/usr/lib/gcc/arm-none-eabi/13.2.1/../../../arm-none-eabi/lib/thumb/v6-m/nofp/libg.a(libc_a-callocr.o)
                              /usr/lib/gcc/arm-none-eabi/13.2.1/../../../arm-none-eabi/lib/thumb/v6-m/nofp/libg.a(libc_a-calloc.o) (_calloc_r)
/usr/lib/gcc/arm-none-eabi/13.2.1/../../../arm-none-eabi/lib/thumb/v6-m/nofp/libg.a(libc_a-realloc.o)
                              CMakeFiles/iot_security_lab.dir/home/vagner/pico/pico-sdk/src/rp2_common/pico_malloc/malloc.c.o (realloc)
/usr/lib/gcc/arm-none-eabi/13.2.1/../../../arm-none-eabi/lib/thumb/v6-m/nofp/libg.a(libc_a-mallocr.o)
                              /usr/lib/gcc/arm-none-eabi/13.2.1/../../../arm-none-eabi/lib/thumb/v6-m/nofp/libg.a(libc_a-callocr.o) (_malloc_r)
/usr/lib/gcc/arm-none-eabi/13.2.1/../../../arm-none-eabi/lib/thumb/v6-m/nofp/libg.a(libc_a-freer.o)
                              /usr/lib/gcc/arm-none-eabi/13.2.1/../../../arm-none-eabi/lib/thumb/v6-m/nofp/libg.a(libc_a-mallocr.o) (_free_r)
/usr/lib/gcc/arm-none-eabi/13.2.1/../../../arm-none-eabi/lib/thumb/v6-m/nofp/libg.a(libc_a-memcmp.o)
                              CMakeFiles/iot_security_lab.dir/home/vagner/pico/pico-sdk/src/rp2_common/pico_atomic/atomic.c.o (memcmp)
/usr/lib/gcc/arm-none-eabi/13.2.1/../../../arm-none-eabi/lib/thumb/v6-m/nofp/libg.a(libc_a-atoi.o)
                              CMakeFiles/iot_security_lab.dir/home/vagner/pico/pico-sdk/lib/lwip/src/core/netif.c.o (atoi)
/usr/lib/gcc/arm-none-eabi/13.2.1/../../../arm-none-eabi/lib/thumb/v6-m/nofp/libg.a(libc_a-strtol.o)
                              /usr/lib/gcc/arm-none-eabi/13.2.1/../../../arm-none-eabi/lib/thumb/v6-m/nofp/libg.a(libc_a-atoi.o) (_strtol_r)
/usr/lib/gcc/arm-none-eabi/13.2.1/../../../arm-none-eabi/lib/thumb/v6-m/nofp/libg.a(libc_a-malloc.o)
                              CMakeFiles/iot_security_lab.dir/home/vagner/pico/pico-sdk/src/rp2_common/pico_malloc/malloc.c.o (malloc)
/usr/lib/gcc/arm-none-eabi/13.2.1/../../../arm-none-eabi/lib/thumb/v6-m/nofp/libg.a(libc_a-sysconf.o)
                              /usr/lib/gcc/arm-none-eabi/13.2.1/../../../arm-none-eabi/lib/thumb/v6-m/nofp/libg.a(libc_a-mallocr.o) (sysconf)
/usr/lib/gcc/arm-none-eabi/13.2.1/../../../arm-none-eabi/lib/thumb/v6-m/nofp/libg.a(libc_a-init.o)
                              /usr/lib/gcc/arm-none-eabi/13.2.1/../../../arm-none-eabi/lib/thumb/v6-m/nofp/crt0.o (__libc_init_array)
/usr/lib/gcc/arm-none-eabi/13.2.1/../../../arm-none-eabi/lib/thumb/v6-m/nofp/libg.a(libc_a-reallocr.o)
                              /usr/lib/gcc/arm-none-eabi/13.2.1/../../../arm-none-eabi/lib/thumb/v6-m/nofp/libg.a(libc_a-realloc.o) (_realloc_r)
/usr/lib/gcc/arm-none-eabi/13.2.1/../../../arm-none-eabi/lib/thumb/v6-m/nofp/libg.a(libc_a-mktime.o)
                              CMakeFiles/iot_security_lab.dir/home/vagner/pico/pico-sdk/src/common/pico_util/datetime.c.o (mktime)
/usr/lib/gcc/arm-none-eabi/13.2.1/../../../arm-none-eabi/lib/thumb/v6-m/nofp/libg.a(libc_a-mlock.o)
                              /usr/lib/gcc/arm-none-eabi/13.2.1/../../../arm-none-eabi/lib/thumb/v6-m/nofp/libg.a(libc_a-mallocr.o) (__malloc_lock)
/usr/lib/gcc/arm-none-eabi/13.2.1/../../../arm-none-eabi/lib/thumb/v6-m/nofp/libg.a(libc_a-findfp.o)
                              /usr/lib/gcc/arm-none-eabi/13.2.1/../../../arm-none-eabi/lib/thumb/v6-m/nofp/libg.a(libc_a-impure.o) (__sf)
/usr/lib/gcc/arm-none-eabi/13.2.1/../../../arm-none-eabi/lib/thumb/v6-m/nofp/libg.a(libc_a-tzlock.o)
                              /usr/lib/gcc/arm-none-eabi/13.2.1/../../../arm-none-eabi/lib/thumb/v6-m/nofp/libg.a(libc_a-mktime.o) (__tz_lock)
/usr/lib/gcc/arm-none-eabi/13.2.1/../../../arm-none-eabi/lib/thumb/v6-m/nofp/libg.a(libc_a-ctype_.o)
[...]
Memory Configuration

Name             Origin             Length             Attributes
FLASH            0x10000000         0x00200000         xr
RAM              0x20000000         0x00040000         xrw
SCRATCH_X        0x20040000         0x00001000         xrw
SCRATCH_Y        0x20041000         0x00001000         xrw
*default*        0x00000000         0xffffffff

Linker script and memory map

LOAD /usr/lib/gcc/arm-none-eabi/13.2.1/thumb/v6-m/nofp/crti.o
LOAD /usr/lib/gcc/arm-none-eabi/13.2.1/thumb/v6-m/nofp/crtbegin.o
LOAD /usr/lib/gcc/arm-none-eabi/13.2.1/../../../arm-none-eabi/lib/thumb/v6-m/nofp/crt0.o

.flash_begin    0x10000000        0x0
                0x10000000                        __flash_binary_start = .

.boot2          0x10000000      0x100
                0x10000000                        __boot2_start__ = .
 *(.boot2)
 .boot2         0x10000000      0x100 pico-sdk/src/rp2040/boot_stage2/CMakeFiles/bs2_default_library.dir/bs2_default_padded_checksummed.S.o
                0x10000100                        __boot2_end__ = .
                0x00000001                        ASSERT (((__boot2_end__ - __boot2_start__) == 0x100), ERROR: Pico second stage bootloader must be 256 bytes in size)

.text           0x10000100    0x17b00
                0x10000100                        __logical_binary_start = .
 *(.vectors)
 .vectors       0x10000100       0xd4 CMakeFiles/iot_security_lab.dir/home/vagner/pico/pico-sdk/src/rp2_common/pico_crt0/crt0.S.o
                0x10000100                __vectors
                0x10000100                __VECTOR_TABLE
                0x100001c0                isr_invalid
                0x100001c0                __default_isrs_start
                0x100001c2                isr_nmi
                0x100001c4                isr_hardfault
                0x100001c6                isr_svcall
                0x100001c8                isr_pendsv
                0x100001ca                isr_systick
                0x100001cc                isr_irq30
                0x100001cc                __unhandled_user_irq
                0x100001cc                isr_irq13
                0x100001cc                isr_irq27
                0x100001cc                isr_irq31
                0x100001cc                isr_irq5
                0x100001cc                isr_irq11
                0x100001cc                isr_irq23
                0x100001cc                isr_irq18
                0x100001cc                isr_irq28
                0x100001cc                isr_irq19
                0x100001cc                isr_irq0
                0x100001cc                isr_irq6
                0x100001cc                isr_irq22
                0x100001cc                isr_irq17
                0x100001cc                isr_irq14
                0x100001cc                isr_irq2
                0x100001cc                isr_irq10
                0x100001cc                isr_irq8
                0x100001cc                isr_irq24
                0x100001cc                isr_irq1
                0x100001cc                isr_irq7
                0x100001cc                isr_irq21
                0x100001cc                isr_irq20
                0x100001cc                isr_irq15
                0x100001cc                isr_irq25
                0x100001cc                isr_irq4
                0x100001cc                isr_irq16
                0x100001cc                isr_irq29
                0x100001cc                isr_irq26
                0x100001cc                __default_isrs_end
                0x100001cc                isr_irq3
                0x100001cc                isr_irq12
                0x100001cc                isr_irq9
                0x100001d2                unhandled_user_irq_num_in_r0
 *(.binary_info_header)
 .binary_info_header
                0x100001d4       0x14 CMakeFiles/iot_security_lab.dir/home/vagner/pico/pico-sdk/src/rp2_common/pico_crt0/crt0.S.o
                0x100001e8                        __binary_info_header_end = .
 *(.embedded_block)
                0x100001e8                        __embedded_block_end = .
 *(.reset)
 .reset         0x100001e8       0x9c CMakeFiles/iot_security_lab.dir/home/vagner/pico/pico-sdk/src/rp2_common/pico_crt0/crt0.S.o
                0x100001e8                _entry_point
 *(.init)
 .init          0x10000284        0x4 /usr/lib/gcc/arm-none-eabi/13.2.1/thumb/v6-m/nofp/crti.o
                0x10000284                _init
 *(EXCLUDE_FILE(*libm.a: *libc.a:*lib_a-mem*.o *libgcc.a:) .text*)
 .text          0x10000288       0x98 /usr/lib/gcc/arm-none-eabi/13.2.1/thumb/v6-m/nofp/crtbegin.o
 .text.startup.main
                0x10000320       0x50 CMakeFiles/iot_security_lab.dir/src/iot_security_lab.c.o
                0x10000320                main
 .text.connect_to_wifi
                0x10000370       0x58 CMakeFiles/iot_security_lab.dir/src/wifi_conn.c.o
                0x10000370                connect_to_wifi
 .text.mqtt_connection_cb
                0x100003c8       0x20 CMakeFiles/iot_security_lab.dir/src/mqtt_comm.c.o
 .text.mqtt_setup
                0x100003e8       0x78 CMakeFiles/iot_security_lab.dir/src/mqtt_comm.c.o
                0x100003e8                mqtt_setup
 .text.xor_encrypt
                0x10000460       0x70 CMakeFiles/iot_security_lab.dir/src/xor_cipher.c.o
                0x10000460                xor_encrypt
 .text.gpio_set_function
                0x100004d0       0x34 CMakeFiles/iot_security_lab.dir/home/vagner/pico/pico-sdk/src/rp2_common/hardware_gpio/gpio.c.o
                0x100004d0                gpio_set_function
 .text.gpio_set_pulls
                0x10000504       0x28 CMakeFiles/iot_security_lab.dir/home/vagner/pico/pico-sdk/src/rp2_common/hardware_gpio/gpio.c.o
                0x10000504                gpio_set_pulls
 .text.gpio_set_input_hysteresis_enabled
                0x1000052c       0x28 CMakeFiles/iot_security_lab.dir/home/vagner/pico/pico-sdk/src/rp2_common/hardware_gpio/gpio.c.o
                0x1000052c                gpio_set_input_hysteresis_enabled
 .text.gpio_set_irq_enabled
                0x10000554       0x58 CMakeFiles/iot_security_lab.dir/home/vagner/pico/pico-sdk/src/rp2_common/hardware_gpio/gpio.c.o
                0x10000554                gpio_set_irq_enabled
 .text.gpio_add_raw_irq_handler_with_order_priority_masked
                0x100005ac       0x44 CMakeFiles/iot_security_lab.dir/home/vagner/pico/pico-sdk/src/rp2_common/hardware_gpio/gpio.c.o
                0x100005ac                gpio_add_raw_irq_handler_with_order_priority_masked
 .text.gpio_remove_raw_irq_handler_masked
                0x100005f0       0x20 CMakeFiles/iot_security_lab.dir/home/vagner/pico/pico-sdk/src/rp2_common/hardware_gpio/gpio.c.o
                0x100005f0                gpio_remove_raw_irq_handler_masked
 .text.gpio_init
                0x10000610       0x40 CMakeFiles/iot_security_lab.dir/home/vagner/pico/pico-sdk/src/rp2_common/hardware_gpio/gpio.c.o
                0x10000610                gpio_init
 .text.rp2040_chip_version
                0x10000650        0xc CMakeFiles/iot_security_lab.dir/home/vagner/pico/pico-sdk/src/rp2040/pico_platform/platform.c.o
                0x10000650                rp2040_chip_version
 .text.panic    0x1000065c       0x30 CMakeFiles/iot_security_lab.dir/home/vagner/pico/pico-sdk/src/rp2_common/pico_platform_panic/panic.c.o
                0x1000065c                panic
 .text.hw_claim_lock
                0x1000068c       0x18 CMakeFiles/iot_security_lab.dir/home/vagner/pico/pico-sdk/src/common/hardware_claim/claim.c.o
                0x1000068c                hw_claim_lock
 .text.hw_claim_unlock
                0x100006a4       0x14 CMakeFiles/iot_security_lab.dir/home/vagner/pico/pico-sdk/src/common/hardware_claim/claim.c.o
                0x100006a4                hw_claim_unlock
 .text.hw_claim_or_assert
                0x100006b8       0x44 CMakeFiles/iot_security_lab.dir/home/vagner/pico/pico-sdk/src/common/hardware_claim/claim.c.o
                0x100006b8                hw_claim_or_assert
 .text.hw_claim_unused_from_range
                0x100006fc       0x9c CMakeFiles/iot_security_lab.dir/home/vagner/pico/pico-sdk/src/common/hardware_claim/claim.c.o
                0x100006fc                hw_claim_unused_from_range
 .text.hw_claim_clear
                0x10000798       0x38 CMakeFiles/iot_security_lab.dir/home/vagner/pico/pico-sdk/src/common/hardware_claim/claim.c.o
                0x10000798                hw_claim_clear
 .text.next_striped_spin_lock_num
                0x100007d0       0x18 CMakeFiles/iot_security_lab.dir/home/vagner/pico/pico-sdk/src/rp2_common/hardware_sync/sync.c.o
                0x100007d0                next_striped_spin_lock_num
 .text.spin_lock_claim_unused
                0x100007e8       0x24 CMakeFiles/iot_security_lab.dir/home/vagner/pico/pico-sdk/src/rp2_common/hardware_sync/sync.c.o
                0x100007e8                spin_lock_claim_unused
 .text.spin_locks_reset
                0x1000080c       0x1c CMakeFiles/iot_security_lab.dir/home/vagner/pico/pico-sdk/src/rp2_common/hardware_sync_spin_lock/sync_spin_lock.c.o
                0x1000080c                spin_locks_reset
 .text.runtime_init_per_core_irq_priorities
                0x10000828       0x24 CMakeFiles/iot_security_lab.dir/home/vagner/pico/pico-sdk/src/rp2_common/hardware_irq/irq.c.o
                0x10000828                runtime_init_per_core_irq_priorities
 .text.irq_set_enabled
                0x1000084c       0x24 CMakeFiles/iot_security_lab.dir/home/vagner/pico/pico-sdk/src/rp2_common/hardware_irq/irq.c.o
                0x1000084c                irq_set_enabled
 .text.irq_is_enabled
                0x10000870       0x18 CMakeFiles/iot_security_lab.dir/home/vagner/pico/pico-sdk/src/rp2_common/hardware_irq/irq.c.o
                0x10000870                irq_is_enabled
 .text.irq_set_pending
                0x10000888       0x10 CMakeFiles/iot_security_lab.dir/home/vagner/pico/pico-sdk/src/rp2_common/hardware_irq/irq.c.o
                0x10000888                irq_set_pending
 .text.irq_has_shared_handler
                0x10000898       0x2c CMakeFiles/iot_security_lab.dir/home/vagner/pico/pico-sdk/src/rp2_common/hardware_irq/irq.c.o
                0x10000898                irq_has_shared_handler
 .text.irq_set_exclusive_handler
                0x100008c4       0x54 CMakeFiles/iot_security_lab.dir/home/vagner/pico/pico-sdk/src/rp2_common/hardware_irq/irq.c.o
                0x100008c4                irq_set_exclusive_handler
 .text.irq_add_shared_handler
                0x10000918      0x1f4 CMakeFiles/iot_security_lab.dir/home/vagner/pico/pico-sdk/src/rp2_common/hardware_irq/irq.c.o
                0x10000918                irq_add_shared_handler
 .text.irq_remove_handler
                0x10000b0c      0x1d4 CMakeFiles/iot_security_lab.dir/home/vagner/pico/pico-sdk/src/rp2_common/hardware_irq/irq.c.o
                0x10000b0c                irq_remove_handler
 .text.irq_set_priority
                0x10000ce0       0x28 CMakeFiles/iot_security_lab.dir/home/vagner/pico/pico-sdk/src/rp2_common/hardware_irq/irq.c.o
                0x10000ce0                irq_set_priority
 .text.irq_add_tail_to_free_list
                0x10000d08       0xb4 CMakeFiles/iot_security_lab.dir/home/vagner/pico/pico-sdk/src/rp2_common/hardware_irq/irq.c.o
                0x10000d08                irq_add_tail_to_free_list
 .text.user_irq_unclaim
                0x10000dbc       0x14 CMakeFiles/iot_security_lab.dir/home/vagner/pico/pico-sdk/src/rp2_common/hardware_irq/irq.c.o
                0x10000dbc                user_irq_unclaim
 .text.user_irq_claim_unused
                0x10000dd0       0x2c CMakeFiles/iot_security_lab.dir/home/vagner/pico/pico-sdk/src/rp2_common/hardware_irq/irq.c.o
                0x10000dd0                user_irq_claim_unused
 .text.sem_init
                0x10000dfc       0x20 CMakeFiles/iot_security_lab.dir/home/vagner/pico/pico-sdk/src/common/pico_sync/sem.c.o
                0x10000dfc                sem_init
 .text.lock_init
                0x10000e1c       0x10 CMakeFiles/iot_security_lab.dir/home/vagner/pico/pico-sdk/src/common/pico_sync/lock_core.c.o
                0x10000e1c                lock_init
 .text.runtime_init_mutex
                0x10000e2c       0x50 CMakeFiles/iot_security_lab.dir/home/vagner/pico/pico-sdk/src/common/pico_sync/mutex.c.o
                0x10000e2c                runtime_init_mutex
 .text.mutex_init
                0x10000e7c       0x1c CMakeFiles/iot_security_lab.dir/home/vagner/pico/pico-sdk/src/common/pico_sync/mutex.c.o
                0x10000e7c                mutex_init
 .text.recursive_mutex_init
                0x10000e98       0x1c CMakeFiles/iot_security_lab.dir/home/vagner/pico/pico-sdk/src/common/pico_sync/mutex.c.o
                0x10000e98                recursive_mutex_init
 .text.critical_section_init
                0x10000eb4       0x1c CMakeFiles/iot_security_lab.dir/home/vagner/pico/pico-sdk/src/common/pico_sync/critical_section.c.o
                0x10000eb4                critical_section_init
 .text.critical_section_init_with_lock_num
                0x10000ed0       0x14 CMakeFiles/iot_security_lab.dir/home/vagner/pico/pico-sdk/src/common/pico_sync/critical_section.c.o
                0x10000ed0                critical_section_init_with_lock_num
 .text.sleep_until_callback
                0x10000ee4       0x30 CMakeFiles/iot_security_lab.dir/home/vagner/pico/pico-sdk/src/common/pico_time/time.c.o
 .text.alarm_pool_irq_handler
                0x10000f14      0x2fc CMakeFiles/iot_security_lab.dir/home/vagner/pico/pico-sdk/src/common/pico_time/time.c.o
 .text.runtime_init_default_alarm_pool
                0x10001210       0xdc CMakeFiles/iot_security_lab.dir/home/vagner/pico/pico-sdk/src/common/pico_time/time.c.o
                0x10001210                runtime_init_default_alarm_pool
 .text.alarm_pool_get_default
                0x100012ec        0x8 CMakeFiles/iot_security_lab.dir/home/vagner/pico/pico-sdk/src/common/pico_time/time.c.o
                0x100012ec                alarm_pool_get_default
 .text.alarm_pool_add_alarm_at
                0x100012f4       0xd4 CMakeFiles/iot_security_lab.dir/home/vagner/pico/pico-sdk/src/common/pico_time/time.c.o
                0x100012f4                alarm_pool_add_alarm_at
 .text.alarm_pool_add_alarm_at_force_in_context
                0x100013c8       0xb0 CMakeFiles/iot_security_lab.dir/home/vagner/pico/pico-sdk/src/common/pico_time/time.c.o
                0x100013c8                alarm_pool_add_alarm_at_force_in_context
 .text.alarm_pool_cancel_alarm
                0x10001478       0x74 CMakeFiles/iot_security_lab.dir/home/vagner/pico/pico-sdk/src/common/pico_time/time.c.o
                0x10001478                alarm_pool_cancel_alarm
 .text.alarm_pool_core_num
                0x100014ec        0x4 CMakeFiles/iot_security_lab.dir/home/vagner/pico/pico-sdk/src/common/pico_time/time.c.o
                0x100014ec                alarm_pool_core_num
 .text.sleep_until
                0x100014f0       0xd8 CMakeFiles/iot_security_lab.dir/home/vagner/pico/pico-sdk/src/common/pico_time/time.c.o
                0x100014f0                sleep_until
 .text.sleep_ms
                0x100015c8       0x38 CMakeFiles/iot_security_lab.dir/home/vagner/pico/pico-sdk/src/common/pico_time/time.c.o
                0x100015c8                sleep_ms
 .text.best_effort_wfe_or_timeout
                0x10001600       0xe0 CMakeFiles/iot_security_lab.dir/home/vagner/pico/pico-sdk/src/common/pico_time/time.c.o
                0x10001600                best_effort_wfe_or_timeout
 .text.timer_hardware_alarm_claim
                0x100016e0       0x14 CMakeFiles/iot_security_lab.dir/home/vagner/pico/pico-sdk/src/rp2_common/hardware_timer/timer.c.o
                0x100016e0                timer_hardware_alarm_claim
 .text.timer_time_us_64
                0x100016f4       0x10 CMakeFiles/iot_security_lab.dir/home/vagner/pico/pico-sdk/src/rp2_common/hardware_timer/timer.c.o
                0x100016f4                timer_time_us_64
 .text.time_us_64
                0x10001704       0x14 CMakeFiles/iot_security_lab.dir/home/vagner/pico/pico-sdk/src/rp2_common/hardware_timer/timer.c.o
                0x10001704                time_us_64
 .text.busy_wait_until
                0x10001718       0x20 CMakeFiles/iot_security_lab.dir/home/vagner/pico/pico-sdk/src/rp2_common/hardware_timer/timer.c.o
                0x10001718                busy_wait_until
 .text.clock_configure_int_divider
                0x10001738       0xf4 CMakeFiles/iot_security_lab.dir/home/vagner/pico/pico-sdk/src/rp2_common/hardware_clocks/clocks.c.o
                0x10001738                clock_configure_int_divider
 .text.clock_configure_undivided
                0x1000182c       0xe8 CMakeFiles/iot_security_lab.dir/home/vagner/pico/pico-sdk/src/rp2_common/hardware_clocks/clocks.c.o
                0x1000182c                clock_configure_undivided
 .text.clock_get_hz
                0x10001914        0xc CMakeFiles/iot_security_lab.dir/home/vagner/pico/pico-sdk/src/rp2_common/hardware_clocks/clocks.c.o
                0x10001914                clock_get_hz
 .text.pll_init
                0x10001920       0xa4 CMakeFiles/iot_security_lab.dir/home/vagner/pico/pico-sdk/src/rp2_common/hardware_pll/pll.c.o
                0x10001920                pll_init
 .text.watchdog_reboot
                0x100019c4       0x9c CMakeFiles/iot_security_lab.dir/home/vagner/pico/pico-sdk/src/rp2_common/hardware_watchdog/watchdog.c.o
                0x100019c4                watchdog_reboot
 .text.tick_start
                0x10001a60       0x10 CMakeFiles/iot_security_lab.dir/home/vagner/pico/pico-sdk/src/rp2_common/hardware_ticks/ticks.c.o
                0x10001a60                tick_start
 .text.rom_func_lookup
                0x10001a70       0x10 CMakeFiles/iot_security_lab.dir/home/vagner/pico/pico-sdk/src/rp2_common/pico_bootrom/bootrom.c.o
                0x10001a70                rom_func_lookup
 .text.rom_data_lookup
                0x10001a80       0x10 CMakeFiles/iot_security_lab.dir/home/vagner/pico/pico-sdk/src/rp2_common/pico_bootrom/bootrom.c.o
                0x10001a80                rom_data_lookup
 .text.rom_funcs_lookup
                0x10001a90       0x44 CMakeFiles/iot_security_lab.dir/home/vagner/pico/pico-sdk/src/rp2_common/pico_bootrom/bootrom.c.o
                0x10001a90                rom_funcs_lookup
 .text.rom_reset_usb_boot_extra
                0x10001ad4       0x28 CMakeFiles/iot_security_lab.dir/home/vagner/pico/pico-sdk/src/rp2_common/pico_bootrom/bootrom.c.o
                0x10001ad4                rom_reset_usb_boot_extra
 .text.xosc_init
                0x10001afc       0x28 CMakeFiles/iot_security_lab.dir/home/vagner/pico/pico-sdk/src/rp2_common/hardware_xosc/xosc.c.o
                0x10001afc                xosc_init
 .text.first_per_core_initializer
                0x10001b24        0x4 CMakeFiles/iot_security_lab.dir/home/vagner/pico/pico-sdk/src/rp2_common/pico_runtime/runtime.c.o
 .text.hard_assertion_failure
                0x10001b28        0xc CMakeFiles/iot_security_lab.dir/home/vagner/pico/pico-sdk/src/rp2_common/pico_runtime/runtime.c.o
                0x10001b28                hard_assertion_failure
 .text.runtime_run_initializers
                0x10001b34       0x28 CMakeFiles/iot_security_lab.dir/home/vagner/pico/pico-sdk/src/rp2_common/pico_runtime/runtime.c.o
                0x10001b34                runtime_run_initializers
 .text.runtime_init_early_resets
                0x10001b5c       0x2c CMakeFiles/iot_security_lab.dir/home/vagner/pico/pico-sdk/src/rp2_common/pico_runtime_init/runtime_init.c.o
                0x10001b5c                runtime_init_early_resets
 .text.runtime_init_usb_power_down
                0x10001b88       0x1c CMakeFiles/iot_security_lab.dir/home/vagner/pico/pico-sdk/src/rp2_common/pico_runtime_init/runtime_init.c.o
                0x10001b88                runtime_init_usb_power_down
 .text.runtime_init_post_clock_resets
                0x10001ba4       0x20 CMakeFiles/iot_security_lab.dir/home/vagner/pico/pico-sdk/src/rp2_common/pico_runtime_init/runtime_init.c.o
                0x10001ba4                runtime_init_post_clock_resets
 .text.runtime_init_rp2040_gpio_ie_disable
                0x10001bc4       0x14 CMakeFiles/iot_security_lab.dir/home/vagner/pico/pico-sdk/src/rp2_common/pico_runtime_init/runtime_init.c.o
                0x10001bc4                runtime_init_rp2040_gpio_ie_disable
 .text.runtime_init_spin_locks_reset
                0x10001bd8        0x8 CMakeFiles/iot_security_lab.dir/home/vagner/pico/pico-sdk/src/rp2_common/pico_runtime_init/runtime_init.c.o
                0x10001bd8                runtime_init_spin_locks_reset
 .text.runtime_init_install_ram_vector_table
                0x10001be0       0x1c CMakeFiles/iot_security_lab.dir/home/vagner/pico/pico-sdk/src/rp2_common/pico_runtime_init/runtime_init.c.o
                0x10001be0                runtime_init_install_ram_vector_table
 .text.runtime_init_clocks
                0x10001bfc       0xd8 CMakeFiles/iot_security_lab.dir/home/vagner/pico/pico-sdk/src/rp2_common/pico_runtime_init/runtime_init_clocks.c.o
                0x10001bfc                runtime_init_clocks
 .text          0x10001cd4       0x10 CMakeFiles/iot_security_lab.dir/home/vagner/pico/pico-sdk/src/rp2_common/pico_bit_ops/bit_ops_aeabi.S.o
 .text.ctzsi    0x10001ce4        0xc CMakeFiles/iot_security_lab.dir/home/vagner/pico/pico-sdk/src/rp2_common/pico_bit_ops/bit_ops_aeabi.S.o
                0x10001ce4                __wrap___ctzsi2
 .text.__wrap___aeabi_idiv
                0x10001cf0       0x50 CMakeFiles/iot_security_lab.dir/home/vagner/pico/pico-sdk/src/rp2_common/pico_divider/divider_hardware.S.o
                0x10001cf0                __wrap___aeabi_idivmod
                0x10001cf0                divmod_s32s32
                0x10001cf0                div_s32s32
                0x10001cf0                __wrap___aeabi_idiv
                0x10001cf8                divmod_s32s32_unsafe
                0x10001d24                divmod_s32s32_savestate
 .text.__wrap___aeabi_uidiv
                0x10001d40       0x4c CMakeFiles/iot_security_lab.dir/home/vagner/pico/pico-sdk/src/rp2_common/pico_divider/divider_hardware.S.o
                0x10001d40                __wrap___aeabi_uidiv
                0x10001d40                __wrap___aeabi_uidivmod
                0x10001d40                div_u32u32
                0x10001d40                divmod_u32u32
                0x10001d48                divmod_u32u32_unsafe
                0x10001d70                divmod_u32u32_savestate
 .text.__wrap___aeabi_ldiv
                0x10001d8c      0x424 CMakeFiles/iot_security_lab.dir/home/vagner/pico/pico-sdk/src/rp2_common/pico_divider/divider_hardware.S.o
                0x10001d8c                div_s64s64
                0x10001d8c                divmod_s64s64
                0x10001d8c                __wrap___aeabi_ldivmod
                0x10001dbc                div_u64u64
                0x10001dbc                divmod_u64u64
                0x10001dbc                __wrap___aeabi_uldivmod
                0x10001dcc                divmod_u64u64_savestate
                0x10001dec                divmod_s64s64_unsafe
                0x10001e74                divmod_u64u64_unsafe
 .text.__wrap___aeabi_darithmetic
                0x100021b0       0x60 CMakeFiles/iot_security_lab.dir/home/vagner/pico/pico-sdk/src/rp2_common/pico_double/double_aeabi_rp2040.S.o
                0x100021b0                __wrap___aeabi_drsub
                0x100021b6                __wrap___aeabi_dsub
                0x100021c0                __wrap___aeabi_dadd
                0x100021ca                __wrap___aeabi_ddiv
                0x100021fe                __wrap___aeabi_dmul
 .text.__wrap___aeabi_cdcmple
                0x10002210       0x6c CMakeFiles/iot_security_lab.dir/home/vagner/pico/pico-sdk/src/rp2_common/pico_double/double_aeabi_rp2040.S.o
                0x10002210                __wrap___aeabi_cdrcmple
                0x10002220                __wrap___aeabi_cdcmple
                0x10002220                __wrap___aeabi_cdcmpeq
 .text.__wrap___aeabi_dcmplt
                0x1000227c        0xc CMakeFiles/iot_security_lab.dir/home/vagner/pico/pico-sdk/src/rp2_common/pico_double/double_aeabi_rp2040.S.o
                0x1000227c                __wrap___aeabi_dcmplt
 .text.__wrap___aeabi_dcmpge
                0x10002288       0x10 CMakeFiles/iot_security_lab.dir/home/vagner/pico/pico-sdk/src/rp2_common/pico_double/double_aeabi_rp2040.S.o
                0x10002288                __wrap___aeabi_dcmpge
 .text.__wrap___aeabi_dcmpgt
                0x10002298        0xa CMakeFiles/iot_security_lab.dir/home/vagner/pico/pico-sdk/src/rp2_common/pico_double/double_aeabi_rp2040.S.o
                0x10002298                __wrap___aeabi_dcmpgt
 .text.__wrap___aeabi_dcmpun
                0x100022a2       0x18 CMakeFiles/iot_security_lab.dir/home/vagner/pico/pico-sdk/src/rp2_common/pico_double/double_aeabi_rp2040.S.o
                0x100022a2                __wrap___aeabi_dcmpun
 *fill*         0x100022ba        0x2 
 .text.__wrap___aeabi_i2d
                0x100022bc       0x38 CMakeFiles/iot_security_lab.dir/home/vagner/pico/pico-sdk/src/rp2_common/pico_double/double_aeabi_rp2040.S.o
                0x100022bc                __wrap___aeabi_ui2d
                0x100022c4                __wrap___aeabi_i2d
 .text.__wrap___aeabi_d2iz
                0x100022f4       0x48 CMakeFiles/iot_security_lab.dir/home/vagner/pico/pico-sdk/src/rp2_common/pico_double/double_aeabi_rp2040.S.o
                0x100022f4                __wrap___aeabi_d2iz
                0x100022f4                double2int_z
 .text.__wrap___aeabi_d2uiz
                0x1000233c       0x10 CMakeFiles/iot_security_lab.dir/home/vagner/pico/pico-sdk/src/rp2_common/pico_double/double_aeabi_rp2040.S.o
                0x1000233c                double2uint
                0x1000233c                __wrap___aeabi_d2uiz
 .text.missing_double_func_shim
                0x1000234c        0xc CMakeFiles/iot_security_lab.dir/home/vagner/pico/pico-sdk/src/rp2_common/pico_double/double_init_rom_rp2040.c.o
 .text.__aeabi_double_init
                0x10002358       0xa0 CMakeFiles/iot_security_lab.dir/home/vagner/pico/pico-sdk/src/rp2_common/pico_double/double_init_rom_rp2040.c.o
                0x10002358                __aeabi_double_init
 .text.double_table_shim_on_use_helper
                0x100023f8       0x2c CMakeFiles/iot_security_lab.dir/home/vagner/pico/pico-sdk/src/rp2_common/pico_double/double_v1_rom_shim_rp2040.S.o
                0x100023f8                double_table_shim_on_use_helper
 .text.__aeabi_lmul
                0x10002424       0x32 CMakeFiles/iot_security_lab.dir/home/vagner/pico/pico-sdk/src/rp2_common/pico_int64_ops/pico_int64_ops_aeabi.S.o
                0x10002424                __wrap___aeabi_lmul
 *fill*         0x10002456        0x2 
 .text.missing_float_func_shim
                0x10002458        0xc CMakeFiles/iot_security_lab.dir/home/vagner/pico/pico-sdk/src/rp2_common/pico_float/float_init_rom_rp2040.c.o
 .text.__aeabi_float_init
                0x10002464       0x5c CMakeFiles/iot_security_lab.dir/home/vagner/pico/pico-sdk/src/rp2_common/pico_float/float_init_rom_rp2040.c.o
                0x10002464                __aeabi_float_init
 .text          0x100024c0       0x10 CMakeFiles/iot_security_lab.dir/home/vagner/pico/pico-sdk/src/rp2_common/pico_mem_ops/mem_ops_aeabi.S.o
                0x100024c0                __aeabi_mem_init
 .text.memset   0x100024d0        0xc CMakeFiles/iot_security_lab.dir/home/vagner/pico/pico-sdk/src/rp2_common/pico_mem_ops/mem_ops_aeabi.S.o
                0x100024d0                __wrap_memset
 .text.memcpy   0x100024dc        0xc CMakeFiles/iot_security_lab.dir/home/vagner/pico/pico-sdk/src/rp2_common/pico_mem_ops/mem_ops_aeabi.S.o
                0x100024dc                __wrap___aeabi_memcpy
                0x100024dc                __wrap_memcpy
 .text._out_null
                0x100024e8        0x4 CMakeFiles/iot_security_lab.dir/home/vagner/pico/pico-sdk/src/rp2_common/pico_printf/printf.c.o
 .text._out_rev
                0x100024ec       0xac CMakeFiles/iot_security_lab.dir/home/vagner/pico/pico-sdk/src/rp2_common/pico_printf/printf.c.o
 .text._ntoa_format
                0x10002598      0x250 CMakeFiles/iot_security_lab.dir/home/vagner/pico/pico-sdk/src/rp2_common/pico_printf/printf.c.o
 .text._out_char
                0x100027e8       0x10 CMakeFiles/iot_security_lab.dir/home/vagner/pico/pico-sdk/src/rp2_common/pico_printf/printf.c.o
 .text._out_fct
                0x100027f8       0x10 CMakeFiles/iot_security_lab.dir/home/vagner/pico/pico-sdk/src/rp2_common/pico_printf/printf.c.o
 .text._etoa    0x10002808      0x464 CMakeFiles/iot_security_lab.dir/home/vagner/pico/pico-sdk/src/rp2_common/pico_printf/printf.c.o
 .text._ftoa    0x10002c6c      0x3c0 CMakeFiles/iot_security_lab.dir/home/vagner/pico/pico-sdk/src/rp2_common/pico_printf/printf.c.o
 .text._vsnprintf
                0x1000302c      0xbc8 CMakeFiles/iot_security_lab.dir/home/vagner/pico/pico-sdk/src/rp2_common/pico_printf/printf.c.o
 .text.vfctprintf
                0x10003bf4       0x20 CMakeFiles/iot_security_lab.dir/home/vagner/pico/pico-sdk/src/rp2_common/pico_printf/printf.c.o
                0x10003bf4                vfctprintf
 .text.weak_raw_vprintf
                0x10003c14       0x30 CMakeFiles/iot_security_lab.dir/home/vagner/pico/pico-sdk/src/rp2_common/pico_printf/printf.c.o
                0x10003c14                weak_raw_vprintf
 .text._exit    0x10003c44        0x4 CMakeFiles/iot_security_lab.dir/home/vagner/pico/pico-sdk/src/rp2_common/pico_clib_interface/newlib_interface.c.o
                0x10003c44                _exit
 .text.exit     0x10003c48        0x8 CMakeFiles/iot_security_lab.dir/home/vagner/pico/pico-sdk/src/rp2_common/pico_clib_interface/newlib_interface.c.o
                0x10003c48                exit
 .text.runtime_init
                0x10003c50       0x2c CMakeFiles/iot_security_lab.dir/home/vagner/pico/pico-sdk/src/rp2_common/pico_clib_interface/newlib_interface.c.o
                0x10003c50                runtime_init
 .text.stdio_out_chars_no_crlf
                0x10003c7c       0x10 CMakeFiles/iot_security_lab.dir/home/vagner/pico/pico-sdk/src/rp2_common/pico_stdio/stdio.c.o
 .text.stdio_out_chars_crlf
                0x10003c8c       0x94 CMakeFiles/iot_security_lab.dir/home/vagner/pico/pico-sdk/src/rp2_common/pico_stdio/stdio.c.o
 .text.stdio_buffered_printer
                0x10003d20       0x64 CMakeFiles/iot_security_lab.dir/home/vagner/pico/pico-sdk/src/rp2_common/pico_stdio/stdio.c.o
 .text.stdio_put_string
                0x10003d84      0x100 CMakeFiles/iot_security_lab.dir/home/vagner/pico/pico-sdk/src/rp2_common/pico_stdio/stdio.c.o
                0x10003d84                stdio_put_string
 .text.stdio_set_driver_enabled
                0x10003e84       0x30 CMakeFiles/iot_security_lab.dir/home/vagner/pico/pico-sdk/src/rp2_common/pico_stdio/stdio.c.o
                0x10003e84                stdio_set_driver_enabled
 .text.stdio_init_all
                0x10003eb4        0x8 CMakeFiles/iot_security_lab.dir/home/vagner/pico/pico-sdk/src/rp2_common/pico_stdio/stdio.c.o
                0x10003eb4                stdio_init_all
 .text.__wrap_putchar
                0x10003ebc       0x98 CMakeFiles/iot_security_lab.dir/home/vagner/pico/pico-sdk/src/rp2_common/pico_stdio/stdio.c.o
                0x10003ebc                stdio_putchar
                0x10003ebc                __wrap_putchar
 .text.__wrap_puts
                0x10003f54       0x3c CMakeFiles/iot_security_lab.dir/home/vagner/pico/pico-sdk/src/rp2_common/pico_stdio/stdio.c.o
                0x10003f54                __wrap_puts
                0x10003f54                stdio_puts
 .text.__wrap_vprintf
                0x10003f90       0xd4 CMakeFiles/iot_security_lab.dir/home/vagner/pico/pico-sdk/src/rp2_common/pico_stdio/stdio.c.o
                0x10003f90                __wrap_vprintf
                0x10003f90                stdio_vprintf
 .text.__wrap_printf
                0x10004064       0x18 CMakeFiles/iot_security_lab.dir/home/vagner/pico/pico-sdk/src/rp2_common/pico_stdio/stdio.c.o
                0x10004064                stdio_printf
                0x10004064                __wrap_printf
 .text.resetd_init
                0x1000407c        0x4 CMakeFiles/iot_security_lab.dir/home/vagner/pico/pico-sdk/src/rp2_common/pico_stdio_usb/reset_interface.c.o
 .text.resetd_reset
                0x10004080        0xc CMakeFiles/iot_security_lab.dir/home/vagner/pico/pico-sdk/src/rp2_common/pico_stdio_usb/reset_interface.c.o
 .text.resetd_open
                0x1000408c       0x28 CMakeFiles/iot_security_lab.dir/home/vagner/pico/pico-sdk/src/rp2_common/pico_stdio_usb/reset_interface.c.o
 .text.resetd_xfer_cb
                0x100040b4        0x4 CMakeFiles/iot_security_lab.dir/home/vagner/pico/pico-sdk/src/rp2_common/pico_stdio_usb/reset_interface.c.o
 .text.resetd_control_xfer_cb
                0x100040b8       0x5c CMakeFiles/iot_security_lab.dir/home/vagner/pico/pico-sdk/src/rp2_common/pico_stdio_usb/reset_interface.c.o
 .text.tud_descriptor_bos_cb
                0x10004114        0x8 CMakeFiles/iot_security_lab.dir/home/vagner/pico/pico-sdk/src/rp2_common/pico_stdio_usb/reset_interface.c.o
                0x10004114                tud_descriptor_bos_cb
 .text.tud_vendor_control_xfer_cb
                0x1000411c       0x34 CMakeFiles/iot_security_lab.dir/home/vagner/pico/pico-sdk/src/rp2_common/pico_stdio_usb/reset_interface.c.o
                0x1000411c                tud_vendor_control_xfer_cb
 .text.usbd_app_driver_get_cb
                0x10004150        0xc CMakeFiles/iot_security_lab.dir/home/vagner/pico/pico-sdk/src/rp2_common/pico_stdio_usb/reset_interface.c.o
                0x10004150                usbd_app_driver_get_cb
 .text.tud_cdc_line_coding_cb
                0x1000415c       0x2c CMakeFiles/iot_security_lab.dir/home/vagner/pico/pico-sdk/src/rp2_common/pico_stdio_usb/reset_interface.c.o
                0x1000415c                tud_cdc_line_coding_cb
 .text.stdio_usb_set_chars_available_callback
                0x10004188       0x14 CMakeFiles/iot_security_lab.dir/home/vagner/pico/pico-sdk/src/rp2_common/pico_stdio_usb/stdio_usb.c.o
                0x10004188                stdio_usb_set_chars_available_callback
 .text.usb_irq  0x1000419c       0x10 CMakeFiles/iot_security_lab.dir/home/vagner/pico/pico-sdk/src/rp2_common/pico_stdio_usb/stdio_usb.c.o
 .text.timer_task
                0x100041ac       0x64 CMakeFiles/iot_security_lab.dir/home/vagner/pico/pico-sdk/src/rp2_common/pico_stdio_usb/stdio_usb.c.o
 .text.stdio_usb_in_chars
                0x10004210       0x90 CMakeFiles/iot_security_lab.dir/home/vagner/pico/pico-sdk/src/rp2_common/pico_stdio_usb/stdio_usb.c.o
                0x10004210                stdio_usb_in_chars
 .text.stdio_usb_out_flush
                0x100042a0       0x50 CMakeFiles/iot_security_lab.dir/home/vagner/pico/pico-sdk/src/rp2_common/pico_stdio_usb/stdio_usb.c.o
 .text.stdio_usb_out_chars
                0x100042f0      0x104 CMakeFiles/iot_security_lab.dir/home/vagner/pico/pico-sdk/src/rp2_common/pico_stdio_usb/stdio_usb.c.o
 .text.low_priority_worker_irq
                0x100043f4       0xcc CMakeFiles/iot_security_lab.dir/home/vagner/pico/pico-sdk/src/rp2_common/pico_stdio_usb/stdio_usb.c.o
 .text.stdio_usb_init
                0x100044c0       0xe8 CMakeFiles/iot_security_lab.dir/home/vagner/pico/pico-sdk/src/rp2_common/pico_stdio_usb/stdio_usb.c.o
                0x100044c0                stdio_usb_init
 .text.tud_descriptor_device_cb
                0x100045a8        0x8 CMakeFiles/iot_security_lab.dir/home/vagner/pico/pico-sdk/src/rp2_common/pico_stdio_usb/stdio_usb_descriptors.c.o
                0x100045a8                tud_descriptor_device_cb
 .text.tud_descriptor_configuration_cb
                0x100045b0        0x8 CMakeFiles/iot_security_lab.dir/home/vagner/pico/pico-sdk/src/rp2_common/pico_stdio_usb/stdio_usb_descriptors.c.o
                0x100045b0                tud_descriptor_configuration_cb
 .text.tud_descriptor_string_cb
                0x100045b8       0x78 CMakeFiles/iot_security_lab.dir/home/vagner/pico/pico-sdk/src/rp2_common/pico_stdio_usb/stdio_usb_descriptors.c.o
                0x100045b8                tud_descriptor_string_cb
 .text.startup._retrieve_unique_id_on_boot
                0x10004630       0x10 CMakeFiles/iot_security_lab.dir/home/vagner/pico/pico-sdk/src/rp2_common/pico_unique_id/unique_id.c.o
 .text.pico_get_unique_board_id
                0x10004640       0x10 CMakeFiles/iot_security_lab.dir/home/vagner/pico/pico-sdk/src/rp2_common/pico_unique_id/unique_id.c.o
                0x10004640                pico_get_unique_board_id
 .text.pico_get_unique_board_id_string
                0x10004650      0x1a8 CMakeFiles/iot_security_lab.dir/home/vagner/pico/pico-sdk/src/rp2_common/pico_unique_id/unique_id.c.o
                0x10004650                pico_get_unique_board_id_string
 .text.flash_get_unique_id
                0x100047f8       0x3c CMakeFiles/iot_security_lab.dir/home/vagner/pico/pico-sdk/src/rp2_common/hardware_flash/flash.c.o
                0x100047f8                flash_get_unique_id
 .text.dcd_init
                0x10004834       0x8c CMakeFiles/iot_security_lab.dir/home/vagner/pico/pico-sdk/lib/tinyusb/src/portable/raspberrypi/rp2040/dcd_rp2040.c.o
                0x10004834                dcd_init
 .text.dcd_int_enable
                0x100048c0        0xc CMakeFiles/iot_security_lab.dir/home/vagner/pico/pico-sdk/lib/tinyusb/src/portable/raspberrypi/rp2040/dcd_rp2040.c.o
                0x100048c0                dcd_int_enable
 .text.dcd_set_address
                0x100048cc       0x14 CMakeFiles/iot_security_lab.dir/home/vagner/pico/pico-sdk/lib/tinyusb/src/portable/raspberrypi/rp2040/dcd_rp2040.c.o
                0x100048cc                dcd_set_address
 .text.dcd_sof_enable
                0x100048e0       0x1c CMakeFiles/iot_security_lab.dir/home/vagner/pico/pico-sdk/lib/tinyusb/src/portable/raspberrypi/rp2040/dcd_rp2040.c.o
                0x100048e0                dcd_sof_enable
 .text.dcd_edpt0_status_complete
                0x100048fc       0x1c CMakeFiles/iot_security_lab.dir/home/vagner/pico/pico-sdk/lib/tinyusb/src/portable/raspberrypi/rp2040/dcd_rp2040.c.o
                0x100048fc                dcd_edpt0_status_complete
 .text.dcd_edpt_open
                0x10004918      0x108 CMakeFiles/iot_security_lab.dir/home/vagner/pico/pico-sdk/lib/tinyusb/src/portable/raspberrypi/rp2040/dcd_rp2040.c.o
                0x10004918                dcd_edpt_open
 .text.dcd_edpt_close_all
                0x10004a20        0x8 CMakeFiles/iot_security_lab.dir/home/vagner/pico/pico-sdk/lib/tinyusb/src/portable/raspberrypi/rp2040/dcd_rp2040.c.o
                0x10004a20                dcd_edpt_close_all
 .text.dcd_edpt_xfer
                0x10004a28       0x24 CMakeFiles/iot_security_lab.dir/home/vagner/pico/pico-sdk/lib/tinyusb/src/portable/raspberrypi/rp2040/dcd_rp2040.c.o
                0x10004a28                dcd_edpt_xfer
 .text.dcd_edpt_stall
                0x10004a4c       0x34 CMakeFiles/iot_security_lab.dir/home/vagner/pico/pico-sdk/lib/tinyusb/src/portable/raspberrypi/rp2040/dcd_rp2040.c.o
                0x10004a4c                dcd_edpt_stall
 .text.dcd_edpt_clear_stall
                0x10004a80       0x30 CMakeFiles/iot_security_lab.dir/home/vagner/pico/pico-sdk/lib/tinyusb/src/portable/raspberrypi/rp2040/dcd_rp2040.c.o
                0x10004a80                dcd_edpt_clear_stall
 .text.rp2040_usb_init
                0x10004ab0       0x40 CMakeFiles/iot_security_lab.dir/home/vagner/pico/pico-sdk/lib/tinyusb/src/portable/raspberrypi/rp2040/rp2040_usb.c.o
                0x10004ab0                rp2040_usb_init
 .text.hw_endpoint_xfer_start
                0x10004af0       0x40 CMakeFiles/iot_security_lab.dir/home/vagner/pico/pico-sdk/lib/tinyusb/src/portable/raspberrypi/rp2040/rp2040_usb.c.o
                0x10004af0                hw_endpoint_xfer_start
 .text.tud_event_hook_cb
                0x10004b30        0x4 CMakeFiles/iot_security_lab.dir/home/vagner/pico/pico-sdk/lib/tinyusb/src/device/usbd.c.o
                0x10004b30                tud_event_hook_cb
 .text.tud_sof_cb
                0x10004b34        0x4 CMakeFiles/iot_security_lab.dir/home/vagner/pico/pico-sdk/lib/tinyusb/src/device/usbd.c.o
                0x10004b34                tud_sof_cb
 .text.tud_descriptor_device_qualifier_cb
                0x10004b38        0x4 CMakeFiles/iot_security_lab.dir/home/vagner/pico/pico-sdk/lib/tinyusb/src/device/usbd.c.o
                0x10004b38                tud_descriptor_device_qualifier_cb
 .text.tud_descriptor_other_speed_configuration_cb
                0x10004b3c        0x4 CMakeFiles/iot_security_lab.dir/home/vagner/pico/pico-sdk/lib/tinyusb/src/device/usbd.c.o
                0x10004b3c                tud_descriptor_other_speed_configuration_cb
 .text.tud_mount_cb
                0x10004b40        0x4 CMakeFiles/iot_security_lab.dir/home/vagner/pico/pico-sdk/lib/tinyusb/src/device/usbd.c.o
                0x10004b40                tud_mount_cb
 .text.tud_umount_cb
                0x10004b44        0x4 CMakeFiles/iot_security_lab.dir/home/vagner/pico/pico-sdk/lib/tinyusb/src/device/usbd.c.o
                0x10004b44                tud_umount_cb
 .text.tud_suspend_cb
                0x10004b48        0x4 CMakeFiles/iot_security_lab.dir/home/vagner/pico/pico-sdk/lib/tinyusb/src/device/usbd.c.o
                0x10004b48                tud_suspend_cb
 .text.tud_resume_cb
                0x10004b4c        0x4 CMakeFiles/iot_security_lab.dir/home/vagner/pico/pico-sdk/lib/tinyusb/src/device/usbd.c.o
                0x10004b4c                tud_resume_cb
 .text.tud_mounted
                0x10004b50       0x10 CMakeFiles/iot_security_lab.dir/home/vagner/pico/pico-sdk/lib/tinyusb/src/device/usbd.c.o
                0x10004b50                tud_mounted
 .text.tud_suspended
                0x10004b60       0x10 CMakeFiles/iot_security_lab.dir/home/vagner/pico/pico-sdk/lib/tinyusb/src/device/usbd.c.o
                0x10004b60                tud_suspended
 .text.tud_init
                0x10004b70       0xe4 CMakeFiles/iot_security_lab.dir/home/vagner/pico/pico-sdk/lib/tinyusb/src/device/usbd.c.o
                0x10004b70                tud_init
 .text.tud_task_ext
                0x10004c54      0x800 CMakeFiles/iot_security_lab.dir/home/vagner/pico/pico-sdk/lib/tinyusb/src/device/usbd.c.o
                0x10004c54                tud_task_ext
 .text.usbd_open_edpt_pair
                0x10005454       0x9c CMakeFiles/iot_security_lab.dir/home/vagner/pico/pico-sdk/lib/tinyusb/src/device/usbd.c.o
                0x10005454                usbd_open_edpt_pair
 .text.usbd_edpt_open
                0x100054f0       0x34 CMakeFiles/iot_security_lab.dir/home/vagner/pico/pico-sdk/lib/tinyusb/src/device/usbd.c.o
                0x100054f0                usbd_edpt_open
 .text.usbd_edpt_claim
                0x10005524       0x28 CMakeFiles/iot_security_lab.dir/home/vagner/pico/pico-sdk/lib/tinyusb/src/device/usbd.c.o
                0x10005524                usbd_edpt_claim
 .text.usbd_edpt_release
                0x1000554c       0x28 CMakeFiles/iot_security_lab.dir/home/vagner/pico/pico-sdk/lib/tinyusb/src/device/usbd.c.o
                0x1000554c                usbd_edpt_release
 .text.usbd_edpt_xfer
                0x10005574       0x4c CMakeFiles/iot_security_lab.dir/home/vagner/pico/pico-sdk/lib/tinyusb/src/device/usbd.c.o
                0x10005574                usbd_edpt_xfer
 .text.tud_control_status
                0x100055c0       0x2c CMakeFiles/iot_security_lab.dir/home/vagner/pico/pico-sdk/lib/tinyusb/src/device/usbd_control.c.o
                0x100055c0                tud_control_status
 .text.tud_control_xfer
                0x100055ec       0xac CMakeFiles/iot_security_lab.dir/home/vagner/pico/pico-sdk/lib/tinyusb/src/device/usbd_control.c.o
                0x100055ec                tud_control_xfer
 .text.usbd_control_reset
                0x10005698       0x14 CMakeFiles/iot_security_lab.dir/home/vagner/pico/pico-sdk/lib/tinyusb/src/device/usbd_control.c.o
                0x10005698                usbd_control_reset
 .text.usbd_control_set_complete_callback
                0x100056ac        0xc CMakeFiles/iot_security_lab.dir/home/vagner/pico/pico-sdk/lib/tinyusb/src/device/usbd_control.c.o
                0x100056ac                usbd_control_set_complete_callback
 .text.usbd_control_set_request
                0x100056b8       0x1c CMakeFiles/iot_security_lab.dir/home/vagner/pico/pico-sdk/lib/tinyusb/src/device/usbd_control.c.o
                0x100056b8                usbd_control_set_request
 .text.usbd_control_xfer_cb
                0x100056d4       0xec CMakeFiles/iot_security_lab.dir/home/vagner/pico/pico-sdk/lib/tinyusb/src/device/usbd_control.c.o
                0x100056d4                usbd_control_xfer_cb
 .text._prep_out_transaction.isra.0
                0x100057c0       0x5c CMakeFiles/iot_security_lab.dir/home/vagner/pico/pico-sdk/lib/tinyusb/src/class/cdc/cdc_device.c.o
 .text.tud_cdc_n_connected
                0x1000581c       0x30 CMakeFiles/iot_security_lab.dir/home/vagner/pico/pico-sdk/lib/tinyusb/src/class/cdc/cdc_device.c.o
                0x1000581c                tud_cdc_n_connected
 .text.tud_cdc_n_available
                0x1000584c       0x18 CMakeFiles/iot_security_lab.dir/home/vagner/pico/pico-sdk/lib/tinyusb/src/class/cdc/cdc_device.c.o
                0x1000584c                tud_cdc_n_available
 .text.tud_cdc_n_read
                0x10005864       0x98 CMakeFiles/iot_security_lab.dir/home/vagner/pico/pico-sdk/lib/tinyusb/src/class/cdc/cdc_device.c.o
                0x10005864                tud_cdc_n_read
 .text.tud_cdc_n_write_flush
                0x100058fc       0x78 CMakeFiles/iot_security_lab.dir/home/vagner/pico/pico-sdk/lib/tinyusb/src/class/cdc/cdc_device.c.o
                0x100058fc                tud_cdc_n_write_flush
 .text.tud_cdc_n_write
                0x10005974       0x40 CMakeFiles/iot_security_lab.dir/home/vagner/pico/pico-sdk/lib/tinyusb/src/class/cdc/cdc_device.c.o
                0x10005974                tud_cdc_n_write
 .text.tud_cdc_n_write_available
                0x100059b4       0x18 CMakeFiles/iot_security_lab.dir/home/vagner/pico/pico-sdk/lib/tinyusb/src/class/cdc/cdc_device.c.o
                0x100059b4                tud_cdc_n_write_available
 .text.cdcd_init
                0x100059cc       0x7c CMakeFiles/iot_security_lab.dir/home/vagner/pico/pico-sdk/lib/tinyusb/src/class/cdc/cdc_device.c.o
                0x100059cc                cdcd_init
 .text.cdcd_deinit
                0x10005a48       0x34 CMakeFiles/iot_security_lab.dir/home/vagner/pico/pico-sdk/lib/tinyusb/src/class/cdc/cdc_device.c.o
                0x10005a48                cdcd_deinit
 .text.cdcd_reset
                0x10005a7c       0x4c CMakeFiles/iot_security_lab.dir/home/vagner/pico/pico-sdk/lib/tinyusb/src/class/cdc/cdc_device.c.o
                0x10005a7c                cdcd_reset
 .text.cdcd_open
                0x10005ac8       0xb0 CMakeFiles/iot_security_lab.dir/home/vagner/pico/pico-sdk/lib/tinyusb/src/class/cdc/cdc_device.c.o
                0x10005ac8                cdcd_open
 .text.cdcd_control_xfer_cb
                0x10005b78       0xe4 CMakeFiles/iot_security_lab.dir/home/vagner/pico/pico-sdk/lib/tinyusb/src/class/cdc/cdc_device.c.o
                0x10005b78                cdcd_control_xfer_cb
 .text.cdcd_xfer_cb
                0x10005c5c      0x100 CMakeFiles/iot_security_lab.dir/home/vagner/pico/pico-sdk/lib/tinyusb/src/class/cdc/cdc_device.c.o
                0x10005c5c                cdcd_xfer_cb
 .text.vendord_init
                0x10005d5c       0x5c CMakeFiles/iot_security_lab.dir/home/vagner/pico/pico-sdk/lib/tinyusb/src/class/vendor/vendor_device.c.o
                0x10005d5c                vendord_init
 .text.vendord_deinit
                0x10005db8       0x1c CMakeFiles/iot_security_lab.dir/home/vagner/pico/pico-sdk/lib/tinyusb/src/class/vendor/vendor_device.c.o
                0x10005db8                vendord_deinit
 .text.vendord_reset
                0x10005dd4       0x20 CMakeFiles/iot_security_lab.dir/home/vagner/pico/pico-sdk/lib/tinyusb/src/class/vendor/vendor_device.c.o
                0x10005dd4                vendord_reset
 .text.vendord_open
                0x10005df4      0x138 CMakeFiles/iot_security_lab.dir/home/vagner/pico/pico-sdk/lib/tinyusb/src/class/vendor/vendor_device.c.o
                0x10005df4                vendord_open
 .text.vendord_xfer_cb
                0x10005f2c       0x9c CMakeFiles/iot_security_lab.dir/home/vagner/pico/pico-sdk/lib/tinyusb/src/class/vendor/vendor_device.c.o
                0x10005f2c                vendord_xfer_cb
 .text.tusb_init
                0x10005fc8        0xc CMakeFiles/iot_security_lab.dir/home/vagner/pico/pico-sdk/lib/tinyusb/src/tusb.c.o
                0x10005fc8                tusb_init
 .text.tu_edpt_claim
                0x10005fd4       0x50 CMakeFiles/iot_security_lab.dir/home/vagner/pico/pico-sdk/lib/tinyusb/src/tusb.c.o
                0x10005fd4                tu_edpt_claim
 .text.tu_edpt_release
                0x10006024       0x38 CMakeFiles/iot_security_lab.dir/home/vagner/pico/pico-sdk/lib/tinyusb/src/tusb.c.o
                0x10006024                tu_edpt_release
 .text.tu_edpt_validate
                0x1000605c       0x7c CMakeFiles/iot_security_lab.dir/home/vagner/pico/pico-sdk/lib/tinyusb/src/tusb.c.o
                0x1000605c                tu_edpt_validate
 .text.tu_edpt_bind_driver
                0x100060d8       0x34 CMakeFiles/iot_security_lab.dir/home/vagner/pico/pico-sdk/lib/tinyusb/src/tusb.c.o
                0x100060d8                tu_edpt_bind_driver
 .text.tu_edpt_stream_init
                0x1000610c       0x6c CMakeFiles/iot_security_lab.dir/home/vagner/pico/pico-sdk/lib/tinyusb/src/tusb.c.o
                0x1000610c                tu_edpt_stream_init
 .text.tu_edpt_stream_deinit
                0x10006178        0x4 CMakeFiles/iot_security_lab.dir/home/vagner/pico/pico-sdk/lib/tinyusb/src/tusb.c.o
                0x10006178                tu_edpt_stream_deinit
 .text.tu_edpt_stream_write_zlp_if_needed
                0x1000617c       0x68 CMakeFiles/iot_security_lab.dir/home/vagner/pico/pico-sdk/lib/tinyusb/src/tusb.c.o
                0x1000617c                tu_edpt_stream_write_zlp_if_needed
 .text.tu_edpt_stream_write_xfer
                0x100061e4       0x64 CMakeFiles/iot_security_lab.dir/home/vagner/pico/pico-sdk/lib/tinyusb/src/tusb.c.o
                0x100061e4                tu_edpt_stream_write_xfer
 .text.tu_edpt_stream_read_xfer
                0x10006248       0xdc CMakeFiles/iot_security_lab.dir/home/vagner/pico/pico-sdk/lib/tinyusb/src/tusb.c.o
                0x10006248                tu_edpt_stream_read_xfer
 .text.tu_fifo_config
                0x10006324       0x6c CMakeFiles/iot_security_lab.dir/home/vagner/pico/pico-sdk/lib/tinyusb/src/common/tusb_fifo.c.o
                0x10006324                tu_fifo_config
 .text.tu_fifo_count
                0x10006390       0x2c CMakeFiles/iot_security_lab.dir/home/vagner/pico/pico-sdk/lib/tinyusb/src/common/tusb_fifo.c.o
                0x10006390                tu_fifo_count
 .text.tu_fifo_empty
                0x100063bc       0x10 CMakeFiles/iot_security_lab.dir/home/vagner/pico/pico-sdk/lib/tinyusb/src/common/tusb_fifo.c.o
                0x100063bc                tu_fifo_empty
 .text.tu_fifo_remaining
                0x100063cc       0x2c CMakeFiles/iot_security_lab.dir/home/vagner/pico/pico-sdk/lib/tinyusb/src/common/tusb_fifo.c.o
                0x100063cc                tu_fifo_remaining
 .text.tu_fifo_read
                0x100063f8       0x9c CMakeFiles/iot_security_lab.dir/home/vagner/pico/pico-sdk/lib/tinyusb/src/common/tusb_fifo.c.o
                0x100063f8                tu_fifo_read
 .text.tu_fifo_read_n
                0x10006494       0xe8 CMakeFiles/iot_security_lab.dir/home/vagner/pico/pico-sdk/lib/tinyusb/src/common/tusb_fifo.c.o
                0x10006494                tu_fifo_read_n
 .text.tu_fifo_write
                0x1000657c       0xa8 CMakeFiles/iot_security_lab.dir/home/vagner/pico/pico-sdk/lib/tinyusb/src/common/tusb_fifo.c.o
                0x1000657c                tu_fifo_write
 .text.tu_fifo_write_n
                0x10006624      0x178 CMakeFiles/iot_security_lab.dir/home/vagner/pico/pico-sdk/lib/tinyusb/src/common/tusb_fifo.c.o
                0x10006624                tu_fifo_write_n
 .text.tu_fifo_clear
                0x1000679c       0x40 CMakeFiles/iot_security_lab.dir/home/vagner/pico/pico-sdk/lib/tinyusb/src/common/tusb_fifo.c.o
                0x1000679c                tu_fifo_clear
 .text.tu_fifo_set_overwritable
                0x100067dc       0x48 CMakeFiles/iot_security_lab.dir/home/vagner/pico/pico-sdk/lib/tinyusb/src/common/tusb_fifo.c.o
                0x100067dc                tu_fifo_set_overwritable
 .text.lwip_timeout_reached
                0x10006824        0x8 CMakeFiles/iot_security_lab.dir/home/vagner/pico/pico-sdk/src/rp2_common/pico_lwip/lwip_nosys.c.o
 .text.update_next_timeout
                0x1000682c       0x60 CMakeFiles/iot_security_lab.dir/home/vagner/pico/pico-sdk/src/rp2_common/pico_lwip/lwip_nosys.c.o
 .text.lwip_nosys_init
                0x1000688c       0x30 CMakeFiles/iot_security_lab.dir/home/vagner/pico/pico-sdk/src/rp2_common/pico_lwip/lwip_nosys.c.o
                0x1000688c                lwip_nosys_init
 .text.lwip_nosys_deinit
                0x100068bc       0x20 CMakeFiles/iot_security_lab.dir/home/vagner/pico/pico-sdk/src/rp2_common/pico_lwip/lwip_nosys.c.o
                0x100068bc                lwip_nosys_deinit
 .text.sys_arch_protect
                0x100068dc        0x4 CMakeFiles/iot_security_lab.dir/home/vagner/pico/pico-sdk/src/rp2_common/pico_lwip/lwip_nosys.c.o
                0x100068dc                sys_arch_protect
 .text.sys_arch_unprotect
                0x100068e0        0x4 CMakeFiles/iot_security_lab.dir/home/vagner/pico/pico-sdk/src/rp2_common/pico_lwip/lwip_nosys.c.o
                0x100068e0                sys_arch_unprotect
 .text.sys_now  0x100068e4       0x20 CMakeFiles/iot_security_lab.dir/home/vagner/pico/pico-sdk/src/rp2_common/pico_lwip/lwip_nosys.c.o
                0x100068e4                sys_now
 .text.async_context_base_add_at_time_worker
                0x10006904       0x24 CMakeFiles/iot_security_lab.dir/home/vagner/pico/pico-sdk/src/rp2_common/pico_async_context/async_context_base.c.o
                0x10006904                async_context_base_add_at_time_worker
 .text.async_context_base_remove_at_time_worker
                0x10006928       0x28 CMakeFiles/iot_security_lab.dir/home/vagner/pico/pico-sdk/src/rp2_common/pico_async_context/async_context_base.c.o
                0x10006928                async_context_base_remove_at_time_worker
 .text.async_context_base_add_when_pending_worker
                0x10006950       0x24 CMakeFiles/iot_security_lab.dir/home/vagner/pico/pico-sdk/src/rp2_common/pico_async_context/async_context_base.c.o
                0x10006950                async_context_base_add_when_pending_worker
 .text.async_context_base_remove_when_pending_worker
                0x10006974       0x28 CMakeFiles/iot_security_lab.dir/home/vagner/pico/pico-sdk/src/rp2_common/pico_async_context/async_context_base.c.o
                0x10006974                async_context_base_remove_when_pending_worker
 .text.async_context_base_execute_once
                0x1000699c      0x108 CMakeFiles/iot_security_lab.dir/home/vagner/pico/pico-sdk/src/rp2_common/pico_async_context/async_context_base.c.o
                0x1000699c                async_context_base_execute_once
 .text.splitmix64
                0x10006aa4       0x58 CMakeFiles/iot_security_lab.dir/home/vagner/pico/pico-sdk/src/rp2_common/pico_rand/rand.c.o
 .text.xoroshiro128ss
                0x10006afc       0x90 CMakeFiles/iot_security_lab.dir/home/vagner/pico/pico-sdk/src/rp2_common/pico_rand/rand.c.o
 .text.get_rand_64
                0x10006b8c      0x4a4 CMakeFiles/iot_security_lab.dir/home/vagner/pico/pico-sdk/src/rp2_common/pico_rand/rand.c.o
                0x10006b8c                get_rand_64
 .text.get_rand_32
                0x10007030        0x8 CMakeFiles/iot_security_lab.dir/home/vagner/pico/pico-sdk/src/rp2_common/pico_rand/rand.c.o
                0x10007030                get_rand_32
 .text.lwip_init
                0x10007038       0x24 CMakeFiles/iot_security_lab.dir/home/vagner/pico/pico-sdk/lib/lwip/src/core/init.c.o
                0x10007038                lwip_init
 .text.lwip_htons
                0x1000705c        0x8 CMakeFiles/iot_security_lab.dir/home/vagner/pico/pico-sdk/lib/lwip/src/core/def.c.o
                0x1000705c                lwip_htons
 .text.lwip_htonl
                0x10007064        0x4 CMakeFiles/iot_security_lab.dir/home/vagner/pico/pico-sdk/lib/lwip/src/core/def.c.o
                0x10007064                lwip_htonl
 .text.dns_call_found
                0x10007068      0x184 CMakeFiles/iot_security_lab.dir/home/vagner/pico/pico-sdk/lib/lwip/src/core/dns.c.o
 .text.dns_send.isra.0
                0x100071ec      0x174 CMakeFiles/iot_security_lab.dir/home/vagner/pico/pico-sdk/lib/lwip/src/core/dns.c.o
 .text.dns_init
                0x10007360        0x4 CMakeFiles/iot_security_lab.dir/home/vagner/pico/pico-sdk/lib/lwip/src/core/dns.c.o
                0x10007360                dns_init
 .text.dns_setserver
                0x10007364       0x24 CMakeFiles/iot_security_lab.dir/home/vagner/pico/pico-sdk/lib/lwip/src/core/dns.c.o
                0x10007364                dns_setserver
 .text.dns_tmr  0x10007388      0x140 CMakeFiles/iot_security_lab.dir/home/vagner/pico/pico-sdk/lib/lwip/src/core/dns.c.o
                0x10007388                dns_tmr
 .text.lwip_standard_chksum
                0x100074c8       0xdc CMakeFiles/iot_security_lab.dir/home/vagner/pico/pico-sdk/lib/lwip/src/core/inet_chksum.c.o
                0x100074c8                lwip_standard_chksum
 .text.inet_chksum_pseudo
                0x100075a4       0xbc CMakeFiles/iot_security_lab.dir/home/vagner/pico/pico-sdk/lib/lwip/src/core/inet_chksum.c.o
                0x100075a4                inet_chksum_pseudo
 .text.ip_chksum_pseudo
                0x10007660       0x10 CMakeFiles/iot_security_lab.dir/home/vagner/pico/pico-sdk/lib/lwip/src/core/inet_chksum.c.o
                0x10007660                ip_chksum_pseudo
 .text.inet_chksum
                0x10007670        0xc CMakeFiles/iot_security_lab.dir/home/vagner/pico/pico-sdk/lib/lwip/src/core/inet_chksum.c.o
                0x10007670                inet_chksum
 .text.inet_chksum_pbuf
                0x1000767c       0x78 CMakeFiles/iot_security_lab.dir/home/vagner/pico/pico-sdk/lib/lwip/src/core/inet_chksum.c.o
                0x1000767c                inet_chksum_pbuf
 .text.mem_init
                0x100076f4       0x3c CMakeFiles/iot_security_lab.dir/home/vagner/pico/pico-sdk/lib/lwip/src/core/mem.c.o
                0x100076f4                mem_init
 .text.mem_free
                0x10007730      0x130 CMakeFiles/iot_security_lab.dir/home/vagner/pico/pico-sdk/lib/lwip/src/core/mem.c.o
                0x10007730                mem_free
 .text.mem_trim
                0x10007860      0x104 CMakeFiles/iot_security_lab.dir/home/vagner/pico/pico-sdk/lib/lwip/src/core/mem.c.o
                0x10007860                mem_trim
 .text.mem_malloc
                0x10007964      0x124 CMakeFiles/iot_security_lab.dir/home/vagner/pico/pico-sdk/lib/lwip/src/core/mem.c.o
                0x10007964                mem_malloc
 .text.mem_calloc
                0x10007a88       0x28 CMakeFiles/iot_security_lab.dir/home/vagner/pico/pico-sdk/lib/lwip/src/core/mem.c.o
                0x10007a88                mem_calloc
 .text.memp_init
                0x10007ab0       0x6c CMakeFiles/iot_security_lab.dir/home/vagner/pico/pico-sdk/lib/lwip/src/core/memp.c.o
                0x10007ab0                memp_init
 .text.memp_malloc
                0x10007b1c       0x40 CMakeFiles/iot_security_lab.dir/home/vagner/pico/pico-sdk/lib/lwip/src/core/memp.c.o
                0x10007b1c                memp_malloc
 .text.memp_free
                0x10007b5c       0x38 CMakeFiles/iot_security_lab.dir/home/vagner/pico/pico-sdk/lib/lwip/src/core/memp.c.o
                0x10007b5c                memp_free
 .text.netif_null_output_ip4
                0x10007b94        0x8 CMakeFiles/iot_security_lab.dir/home/vagner/pico/pico-sdk/lib/lwip/src/core/netif.c.o
 .text.netif_do_set_ipaddr.isra.0
                0x10007b9c       0x60 CMakeFiles/iot_security_lab.dir/home/vagner/pico/pico-sdk/lib/lwip/src/core/netif.c.o
 .text.netif_init
                0x10007bfc        0x4 CMakeFiles/iot_security_lab.dir/home/vagner/pico/pico-sdk/lib/lwip/src/core/netif.c.o
                0x10007bfc                netif_init
 .text.netif_add
                0x10007c00      0x16c CMakeFiles/iot_security_lab.dir/home/vagner/pico/pico-sdk/lib/lwip/src/core/netif.c.o
                0x10007c00                netif_add
 .text.netif_set_addr
                0x10007d6c       0xb4 CMakeFiles/iot_security_lab.dir/home/vagner/pico/pico-sdk/lib/lwip/src/core/netif.c.o
                0x10007d6c                netif_set_addr
 .text.netif_remove
                0x10007e20       0x94 CMakeFiles/iot_security_lab.dir/home/vagner/pico/pico-sdk/lib/lwip/src/core/netif.c.o
                0x10007e20                netif_remove
 .text.netif_set_default
                0x10007eb4        0xc CMakeFiles/iot_security_lab.dir/home/vagner/pico/pico-sdk/lib/lwip/src/core/netif.c.o
                0x10007eb4                netif_set_default
 .text.netif_set_up
                0x10007ec0       0x40 CMakeFiles/iot_security_lab.dir/home/vagner/pico/pico-sdk/lib/lwip/src/core/netif.c.o
                0x10007ec0                netif_set_up
 .text.netif_set_link_up
                0x10007f00       0x44 CMakeFiles/iot_security_lab.dir/home/vagner/pico/pico-sdk/lib/lwip/src/core/netif.c.o
                0x10007f00                netif_set_link_up
 .text.netif_set_link_down
                0x10007f44       0x20 CMakeFiles/iot_security_lab.dir/home/vagner/pico/pico-sdk/lib/lwip/src/core/netif.c.o
                0x10007f44                netif_set_link_down
 .text.netif_get_by_index
                0x10007f64       0x2c CMakeFiles/iot_security_lab.dir/home/vagner/pico/pico-sdk/lib/lwip/src/core/netif.c.o
                0x10007f64                netif_get_by_index
 .text.pbuf_free.part.0
                0x10007f90       0x7c CMakeFiles/iot_security_lab.dir/home/vagner/pico/pico-sdk/lib/lwip/src/core/pbuf.c.o
 .text.pbuf_free_ooseq
                0x1000800c       0x34 CMakeFiles/iot_security_lab.dir/home/vagner/pico/pico-sdk/lib/lwip/src/core/pbuf.c.o
                0x1000800c                pbuf_free_ooseq
 .text.pbuf_alloc
                0x10008040      0x134 CMakeFiles/iot_security_lab.dir/home/vagner/pico/pico-sdk/lib/lwip/src/core/pbuf.c.o
                0x10008040                pbuf_alloc
 .text.pbuf_realloc
                0x10008174       0x84 CMakeFiles/iot_security_lab.dir/home/vagner/pico/pico-sdk/lib/lwip/src/core/pbuf.c.o
                0x10008174                pbuf_realloc
 .text.pbuf_add_header
                0x100081f8       0x50 CMakeFiles/iot_security_lab.dir/home/vagner/pico/pico-sdk/lib/lwip/src/core/pbuf.c.o
                0x100081f8                pbuf_add_header
 .text.pbuf_remove_header
                0x10008248       0x3c CMakeFiles/iot_security_lab.dir/home/vagner/pico/pico-sdk/lib/lwip/src/core/pbuf.c.o
                0x10008248                pbuf_remove_header
 .text.pbuf_header_force
                0x10008284       0x68 CMakeFiles/iot_security_lab.dir/home/vagner/pico/pico-sdk/lib/lwip/src/core/pbuf.c.o
                0x10008284                pbuf_header_force
 .text.pbuf_free
                0x100082ec       0x18 CMakeFiles/iot_security_lab.dir/home/vagner/pico/pico-sdk/lib/lwip/src/core/pbuf.c.o
                0x100082ec                pbuf_free
 .text.pbuf_clen
                0x10008304       0x14 CMakeFiles/iot_security_lab.dir/home/vagner/pico/pico-sdk/lib/lwip/src/core/pbuf.c.o
                0x10008304                pbuf_clen
 .text.pbuf_ref
                0x10008318       0x28 CMakeFiles/iot_security_lab.dir/home/vagner/pico/pico-sdk/lib/lwip/src/core/pbuf.c.o
                0x10008318                pbuf_ref
 .text.pbuf_cat
                0x10008340       0x44 CMakeFiles/iot_security_lab.dir/home/vagner/pico/pico-sdk/lib/lwip/src/core/pbuf.c.o
                0x10008340                pbuf_cat
 .text.pbuf_chain
                0x10008384       0x64 CMakeFiles/iot_security_lab.dir/home/vagner/pico/pico-sdk/lib/lwip/src/core/pbuf.c.o
                0x10008384                pbuf_chain
 .text.pbuf_copy_partial_pbuf
                0x100083e8      0x148 CMakeFiles/iot_security_lab.dir/home/vagner/pico/pico-sdk/lib/lwip/src/core/pbuf.c.o
                0x100083e8                pbuf_copy_partial_pbuf
 .text.pbuf_copy
                0x10008530       0x18 CMakeFiles/iot_security_lab.dir/home/vagner/pico/pico-sdk/lib/lwip/src/core/pbuf.c.o
                0x10008530                pbuf_copy
 .text.pbuf_copy_partial
                0x10008548       0x68 CMakeFiles/iot_security_lab.dir/home/vagner/pico/pico-sdk/lib/lwip/src/core/pbuf.c.o
                0x10008548                pbuf_copy_partial
 .text.pbuf_get_contiguous
                0x100085b0       0x9c CMakeFiles/iot_security_lab.dir/home/vagner/pico/pico-sdk/lib/lwip/src/core/pbuf.c.o
                0x100085b0                pbuf_get_contiguous
 .text.pbuf_take
                0x1000864c       0x78 CMakeFiles/iot_security_lab.dir/home/vagner/pico/pico-sdk/lib/lwip/src/core/pbuf.c.o
                0x1000864c                pbuf_take
 .text.pbuf_take_at
                0x100086c4       0xcc CMakeFiles/iot_security_lab.dir/home/vagner/pico/pico-sdk/lib/lwip/src/core/pbuf.c.o
                0x100086c4                pbuf_take_at
 .text.pbuf_clone
                0x10008790       0x30 CMakeFiles/iot_security_lab.dir/home/vagner/pico/pico-sdk/lib/lwip/src/core/pbuf.c.o
                0x10008790                pbuf_clone
 .text.pbuf_get_at
                0x100087c0       0x20 CMakeFiles/iot_security_lab.dir/home/vagner/pico/pico-sdk/lib/lwip/src/core/pbuf.c.o
                0x100087c0                pbuf_get_at
 .text.pbuf_put_at
                0x100087e0       0x1c CMakeFiles/iot_security_lab.dir/home/vagner/pico/pico-sdk/lib/lwip/src/core/pbuf.c.o
                0x100087e0                pbuf_put_at
 .text.raw_input
                0x100087fc      0x164 CMakeFiles/iot_security_lab.dir/home/vagner/pico/pico-sdk/lib/lwip/src/core/raw.c.o
                0x100087fc                raw_input
 .text.raw_netif_ip_addr_changed
                0x10008960       0x40 CMakeFiles/iot_security_lab.dir/home/vagner/pico/pico-sdk/lib/lwip/src/core/raw.c.o
                0x10008960                raw_netif_ip_addr_changed
 .text.stats_init
                0x100089a0        0x4 CMakeFiles/iot_security_lab.dir/home/vagner/pico/pico-sdk/lib/lwip/src/core/stats.c.o
                0x100089a0                stats_init
 .text.tcp_close_shutdown_fin
                0x100089a4       0x54 CMakeFiles/iot_security_lab.dir/home/vagner/pico/pico-sdk/lib/lwip/src/core/tcp.c.o
 .text.tcp_pcb_purge.part.0
                0x100089f8       0xc4 CMakeFiles/iot_security_lab.dir/home/vagner/pico/pico-sdk/lib/lwip/src/core/tcp.c.o
 .text.tcp_init
                0x10008abc       0x20 CMakeFiles/iot_security_lab.dir/home/vagner/pico/pico-sdk/lib/lwip/src/core/tcp.c.o
                0x10008abc                tcp_init
 .text.tcp_free
                0x10008adc       0x1c CMakeFiles/iot_security_lab.dir/home/vagner/pico/pico-sdk/lib/lwip/src/core/tcp.c.o
                0x10008adc                tcp_free
 .text.tcp_bind
                0x10008af8       0xf4 CMakeFiles/iot_security_lab.dir/home/vagner/pico/pico-sdk/lib/lwip/src/core/tcp.c.o
                0x10008af8                tcp_bind
 .text.tcp_update_rcv_ann_wnd
                0x10008bec       0x58 CMakeFiles/iot_security_lab.dir/home/vagner/pico/pico-sdk/lib/lwip/src/core/tcp.c.o
                0x10008bec                tcp_update_rcv_ann_wnd
 .text.tcp_recved
                0x10008c44       0x98 CMakeFiles/iot_security_lab.dir/home/vagner/pico/pico-sdk/lib/lwip/src/core/tcp.c.o
                0x10008c44                tcp_recved
 .text.tcp_connect
                0x10008cdc      0x1bc CMakeFiles/iot_security_lab.dir/home/vagner/pico/pico-sdk/lib/lwip/src/core/tcp.c.o
                0x10008cdc                tcp_connect
 .text.tcp_slowtmr
                0x10008e98      0x524 CMakeFiles/iot_security_lab.dir/home/vagner/pico/pico-sdk/lib/lwip/src/core/tcp.c.o
                0x10008e98                tcp_slowtmr
 .text.tcp_segs_free
                0x100093bc       0x38 CMakeFiles/iot_security_lab.dir/home/vagner/pico/pico-sdk/lib/lwip/src/core/tcp.c.o
                0x100093bc                tcp_segs_free
 .text.tcp_seg_free
                0x100093f4       0x1c CMakeFiles/iot_security_lab.dir/home/vagner/pico/pico-sdk/lib/lwip/src/core/tcp.c.o
                0x100093f4                tcp_seg_free
 .text.tcp_seg_copy
                0x10009410       0x2c CMakeFiles/iot_security_lab.dir/home/vagner/pico/pico-sdk/lib/lwip/src/core/tcp.c.o
                0x10009410                tcp_seg_copy
 .text.tcp_arg  0x1000943c        0x8 CMakeFiles/iot_security_lab.dir/home/vagner/pico/pico-sdk/lib/lwip/src/core/tcp.c.o
                0x1000943c                tcp_arg
 .text.tcp_recv
                0x10009444       0x1c CMakeFiles/iot_security_lab.dir/home/vagner/pico/pico-sdk/lib/lwip/src/core/tcp.c.o
                0x10009444                tcp_recv
 .text.tcp_sent
                0x10009460       0x1c CMakeFiles/iot_security_lab.dir/home/vagner/pico/pico-sdk/lib/lwip/src/core/tcp.c.o
                0x10009460                tcp_sent
 .text.tcp_err  0x1000947c       0x1c CMakeFiles/iot_security_lab.dir/home/vagner/pico/pico-sdk/lib/lwip/src/core/tcp.c.o
                0x1000947c                tcp_err
 .text.tcp_poll
                0x10009498       0x20 CMakeFiles/iot_security_lab.dir/home/vagner/pico/pico-sdk/lib/lwip/src/core/tcp.c.o
                0x10009498                tcp_poll
 .text.tcp_pcb_purge
                0x100094b8       0x18 CMakeFiles/iot_security_lab.dir/home/vagner/pico/pico-sdk/lib/lwip/src/core/tcp.c.o
                0x100094b8                tcp_pcb_purge
 .text.tcp_pcb_remove
                0x100094d0       0xc8 CMakeFiles/iot_security_lab.dir/home/vagner/pico/pico-sdk/lib/lwip/src/core/tcp.c.o
                0x100094d0                tcp_pcb_remove
 .text.tcp_abandon
                0x10009598      0x1a0 CMakeFiles/iot_security_lab.dir/home/vagner/pico/pico-sdk/lib/lwip/src/core/tcp.c.o
                0x10009598                tcp_abandon
 .text.tcp_abort
                0x10009738        0xc CMakeFiles/iot_security_lab.dir/home/vagner/pico/pico-sdk/lib/lwip/src/core/tcp.c.o
                0x10009738                tcp_abort
 .text.tcp_alloc
                0x10009744      0x1d4 CMakeFiles/iot_security_lab.dir/home/vagner/pico/pico-sdk/lib/lwip/src/core/tcp.c.o
                0x10009744                tcp_alloc
 .text.tcp_new_ip_type
                0x10009918        0xc CMakeFiles/iot_security_lab.dir/home/vagner/pico/pico-sdk/lib/lwip/src/core/tcp.c.o
                0x10009918                tcp_new_ip_type
 .text.tcp_close_shutdown
                0x10009924      0x188 CMakeFiles/iot_security_lab.dir/home/vagner/pico/pico-sdk/lib/lwip/src/core/tcp.c.o
 .text.tcp_recv_null
                0x10009aac       0xcc CMakeFiles/iot_security_lab.dir/home/vagner/pico/pico-sdk/lib/lwip/src/core/tcp.c.o
                0x10009aac                tcp_recv_null
 .text.tcp_process_refused_data
                0x10009b78       0x78 CMakeFiles/iot_security_lab.dir/home/vagner/pico/pico-sdk/lib/lwip/src/core/tcp.c.o
                0x10009b78                tcp_process_refused_data
 .text.tcp_fasttmr
                0x10009bf0       0x98 CMakeFiles/iot_security_lab.dir/home/vagner/pico/pico-sdk/lib/lwip/src/core/tcp.c.o
                0x10009bf0                tcp_fasttmr
 .text.tcp_tmr  0x10009c88       0x20 CMakeFiles/iot_security_lab.dir/home/vagner/pico/pico-sdk/lib/lwip/src/core/tcp.c.o
                0x10009c88                tcp_tmr
 .text.tcp_close
                0x10009ca8      0x170 CMakeFiles/iot_security_lab.dir/home/vagner/pico/pico-sdk/lib/lwip/src/core/tcp.c.o
                0x10009ca8                tcp_close
 .text.tcp_next_iss
                0x10009e18       0x28 CMakeFiles/iot_security_lab.dir/home/vagner/pico/pico-sdk/lib/lwip/src/core/tcp.c.o
                0x10009e18                tcp_next_iss
 .text.tcp_eff_send_mss_netif
                0x10009e40       0x34 CMakeFiles/iot_security_lab.dir/home/vagner/pico/pico-sdk/lib/lwip/src/core/tcp.c.o
                0x10009e40                tcp_eff_send_mss_netif
 .text.tcp_netif_ip_addr_changed
                0x10009e74       0x94 CMakeFiles/iot_security_lab.dir/home/vagner/pico/pico-sdk/lib/lwip/src/core/tcp.c.o
                0x10009e74                tcp_netif_ip_addr_changed
 .text.tcp_free_ooseq
                0x10009f08       0x40 CMakeFiles/iot_security_lab.dir/home/vagner/pico/pico-sdk/lib/lwip/src/core/tcp.c.o
                0x10009f08                tcp_free_ooseq
 .text.tcp_parseopt
                0x10009f48      0x1bc CMakeFiles/iot_security_lab.dir/home/vagner/pico/pico-sdk/lib/lwip/src/core/tcp_in.c.o
 .text.tcp_oos_insert_segment
                0x1000a104       0xdc CMakeFiles/iot_security_lab.dir/home/vagner/pico/pico-sdk/lib/lwip/src/core/tcp_in.c.o
 .text.tcp_free_acked_segments.isra.0
                0x1000a1e0       0xdc CMakeFiles/iot_security_lab.dir/home/vagner/pico/pico-sdk/lib/lwip/src/core/tcp_in.c.o
 .text.tcp_receive
                0x1000a2bc      0xa00 CMakeFiles/iot_security_lab.dir/home/vagner/pico/pico-sdk/lib/lwip/src/core/tcp_in.c.o
 .text.tcp_input
                0x1000acbc      0xe54 CMakeFiles/iot_security_lab.dir/home/vagner/pico/pico-sdk/lib/lwip/src/core/tcp_in.c.o
                0x1000acbc                tcp_input
 .text.tcp_trigger_input_pcb_close
                0x1000bb10       0x10 CMakeFiles/iot_security_lab.dir/home/vagner/pico/pico-sdk/lib/lwip/src/core/tcp_in.c.o
                0x1000bb10                tcp_trigger_input_pcb_close
 .text.tcp_create_segment
                0x1000bb20       0xf8 CMakeFiles/iot_security_lab.dir/home/vagner/pico/pico-sdk/lib/lwip/src/core/tcp_out.c.o
 .text.tcp_output_control_segment
                0x1000bc18       0xc0 CMakeFiles/iot_security_lab.dir/home/vagner/pico/pico-sdk/lib/lwip/src/core/tcp_out.c.o
 .text.tcp_output_alloc_header.constprop.0
                0x1000bcd8       0xc8 CMakeFiles/iot_security_lab.dir/home/vagner/pico/pico-sdk/lib/lwip/src/core/tcp_out.c.o
 .text.tcp_write
                0x1000bda0      0x468 CMakeFiles/iot_security_lab.dir/home/vagner/pico/pico-sdk/lib/lwip/src/core/tcp_out.c.o
                0x1000bda0                tcp_write
 .text.tcp_split_unsent_seg
                0x1000c208      0x1b4 CMakeFiles/iot_security_lab.dir/home/vagner/pico/pico-sdk/lib/lwip/src/core/tcp_out.c.o
                0x1000c208                tcp_split_unsent_seg
 .text.tcp_send_fin
                0x1000c3bc      0x118 CMakeFiles/iot_security_lab.dir/home/vagner/pico/pico-sdk/lib/lwip/src/core/tcp_out.c.o
                0x1000c3bc                tcp_send_fin
 .text.tcp_enqueue_flags
                0x1000c4d4      0x108 CMakeFiles/iot_security_lab.dir/home/vagner/pico/pico-sdk/lib/lwip/src/core/tcp_out.c.o
                0x1000c4d4                tcp_enqueue_flags
 .text.tcp_rexmit_rto_prepare
                0x1000c5dc       0x9c CMakeFiles/iot_security_lab.dir/home/vagner/pico/pico-sdk/lib/lwip/src/core/tcp_out.c.o
                0x1000c5dc                tcp_rexmit_rto_prepare
 .text.tcp_rexmit
                0x1000c678       0x9c CMakeFiles/iot_security_lab.dir/home/vagner/pico/pico-sdk/lib/lwip/src/core/tcp_out.c.o
                0x1000c678                tcp_rexmit
 .text.tcp_rexmit_fast
                0x1000c714       0x64 CMakeFiles/iot_security_lab.dir/home/vagner/pico/pico-sdk/lib/lwip/src/core/tcp_out.c.o
                0x1000c714                tcp_rexmit_fast
 .text.tcp_rst  0x1000c778       0xe8 CMakeFiles/iot_security_lab.dir/home/vagner/pico/pico-sdk/lib/lwip/src/core/tcp_out.c.o
                0x1000c778                tcp_rst
 .text.tcp_rst_netif
                0x1000c860      0x130 CMakeFiles/iot_security_lab.dir/home/vagner/pico/pico-sdk/lib/lwip/src/core/tcp_out.c.o
                0x1000c860                tcp_rst_netif
 .text.tcp_send_empty_ack
                0x1000c990       0x4c CMakeFiles/iot_security_lab.dir/home/vagner/pico/pico-sdk/lib/lwip/src/core/tcp_out.c.o
                0x1000c990                tcp_send_empty_ack
 .text.tcp_output
                0x1000c9dc      0x454 CMakeFiles/iot_security_lab.dir/home/vagner/pico/pico-sdk/lib/lwip/src/core/tcp_out.c.o
                0x1000c9dc                tcp_output
 .text.tcp_rexmit_rto_commit
                0x1000ce30       0x24 CMakeFiles/iot_security_lab.dir/home/vagner/pico/pico-sdk/lib/lwip/src/core/tcp_out.c.o
                0x1000ce30                tcp_rexmit_rto_commit
 .text.tcp_rexmit_rto
                0x1000ce54       0xa4 CMakeFiles/iot_security_lab.dir/home/vagner/pico/pico-sdk/lib/lwip/src/core/tcp_out.c.o
                0x1000ce54                tcp_rexmit_rto
 .text.tcp_keepalive
                0x1000cef8       0xdc CMakeFiles/iot_security_lab.dir/home/vagner/pico/pico-sdk/lib/lwip/src/core/tcp_out.c.o
                0x1000cef8                tcp_keepalive
 .text.tcp_zero_window_probe
                0x1000cfd4      0x110 CMakeFiles/iot_security_lab.dir/home/vagner/pico/pico-sdk/lib/lwip/src/core/tcp_out.c.o
                0x1000cfd4                tcp_zero_window_probe
 .text.tcpip_tcp_timer
                0x1000d0e4       0x78 CMakeFiles/iot_security_lab.dir/home/vagner/pico/pico-sdk/lib/lwip/src/core/timeouts.c.o
 .text.lwip_cyclic_timer
                0x1000d15c       0x98 CMakeFiles/iot_security_lab.dir/home/vagner/pico/pico-sdk/lib/lwip/src/core/timeouts.c.o
 .text.tcp_timer_needed
                0x1000d1f4       0x7c CMakeFiles/iot_security_lab.dir/home/vagner/pico/pico-sdk/lib/lwip/src/core/timeouts.c.o
                0x1000d1f4                tcp_timer_needed
 .text.sys_timeouts_init
                0x1000d270       0x8c CMakeFiles/iot_security_lab.dir/home/vagner/pico/pico-sdk/lib/lwip/src/core/timeouts.c.o
                0x1000d270                sys_timeouts_init
 .text.sys_timeout
                0x1000d2fc       0x60 CMakeFiles/iot_security_lab.dir/home/vagner/pico/pico-sdk/lib/lwip/src/core/timeouts.c.o
                0x1000d2fc                sys_timeout
 .text.sys_untimeout
                0x1000d35c       0x40 CMakeFiles/iot_security_lab.dir/home/vagner/pico/pico-sdk/lib/lwip/src/core/timeouts.c.o
                0x1000d35c                sys_untimeout
 .text.sys_check_timeouts
                0x1000d39c       0x68 CMakeFiles/iot_security_lab.dir/home/vagner/pico/pico-sdk/lib/lwip/src/core/timeouts.c.o
                0x1000d39c                sys_check_timeouts
 .text.sys_timeouts_sleeptime
                0x1000d404       0x28 CMakeFiles/iot_security_lab.dir/home/vagner/pico/pico-sdk/lib/lwip/src/core/timeouts.c.o
                0x1000d404                sys_timeouts_sleeptime
 .text.udp_init
                0x1000d42c       0x20 CMakeFiles/iot_security_lab.dir/home/vagner/pico/pico-sdk/lib/lwip/src/core/udp.c.o
                0x1000d42c                udp_init
 .text.udp_input
                0x1000d44c      0x320 CMakeFiles/iot_security_lab.dir/home/vagner/pico/pico-sdk/lib/lwip/src/core/udp.c.o
                0x1000d44c                udp_input
 .text.udp_bind
                0x1000d76c      0x118 CMakeFiles/iot_security_lab.dir/home/vagner/pico/pico-sdk/lib/lwip/src/core/udp.c.o
                0x1000d76c                udp_bind
 .text.udp_sendto_if_src
                0x1000d884      0x130 CMakeFiles/iot_security_lab.dir/home/vagner/pico/pico-sdk/lib/lwip/src/core/udp.c.o
                0x1000d884                udp_sendto_if_src
 .text.udp_sendto_if
                0x1000d9b4       0x48 CMakeFiles/iot_security_lab.dir/home/vagner/pico/pico-sdk/lib/lwip/src/core/udp.c.o
                0x1000d9b4                udp_sendto_if
 .text.udp_sendto
                0x1000d9fc       0x78 CMakeFiles/iot_security_lab.dir/home/vagner/pico/pico-sdk/lib/lwip/src/core/udp.c.o
                0x1000d9fc                udp_sendto
 .text.udp_connect
                0x1000da74       0x60 CMakeFiles/iot_security_lab.dir/home/vagner/pico/pico-sdk/lib/lwip/src/core/udp.c.o
                0x1000da74                udp_connect
 .text.udp_recv
                0x1000dad4        0xc CMakeFiles/iot_security_lab.dir/home/vagner/pico/pico-sdk/lib/lwip/src/core/udp.c.o
                0x1000dad4                udp_recv
 .text.udp_remove
                0x1000dae0       0x3c CMakeFiles/iot_security_lab.dir/home/vagner/pico/pico-sdk/lib/lwip/src/core/udp.c.o
                0x1000dae0                udp_remove
 .text.udp_new  0x1000db1c       0x1c CMakeFiles/iot_security_lab.dir/home/vagner/pico/pico-sdk/lib/lwip/src/core/udp.c.o
                0x1000db1c                udp_new
 .text.udp_netif_ip_addr_changed
                0x1000db38       0x40 CMakeFiles/iot_security_lab.dir/home/vagner/pico/pico-sdk/lib/lwip/src/core/udp.c.o
                0x1000db38                udp_netif_ip_addr_changed
 .text.dhcp_create_msg
                0x1000db78      0x164 CMakeFiles/iot_security_lab.dir/home/vagner/pico/pico-sdk/lib/lwip/src/core/ipv4/dhcp.c.o
 .text.dhcp_inc_pcb_refcount
                0x1000dcdc       0x6c CMakeFiles/iot_security_lab.dir/home/vagner/pico/pico-sdk/lib/lwip/src/core/ipv4/dhcp.c.o
 .text.dhcp_bind
                0x1000dd48      0x138 CMakeFiles/iot_security_lab.dir/home/vagner/pico/pico-sdk/lib/lwip/src/core/ipv4/dhcp.c.o
 .text.dhcp_option_hostname.isra.0
                0x1000de80       0x84 CMakeFiles/iot_security_lab.dir/home/vagner/pico/pico-sdk/lib/lwip/src/core/ipv4/dhcp.c.o
 .text.dhcp_handle_ack.isra.0
                0x1000df04       0xcc CMakeFiles/iot_security_lab.dir/home/vagner/pico/pico-sdk/lib/lwip/src/core/ipv4/dhcp.c.o
 .text.dhcp_reboot.isra.0
                0x1000dfd0      0x178 CMakeFiles/iot_security_lab.dir/home/vagner/pico/pico-sdk/lib/lwip/src/core/ipv4/dhcp.c.o
 .text.dhcp_discover
                0x1000e148      0x140 CMakeFiles/iot_security_lab.dir/home/vagner/pico/pico-sdk/lib/lwip/src/core/ipv4/dhcp.c.o
 .text.dhcp_select.isra.0
                0x1000e288      0x1e0 CMakeFiles/iot_security_lab.dir/home/vagner/pico/pico-sdk/lib/lwip/src/core/ipv4/dhcp.c.o
 .text.dhcp_recv
                0x1000e468      0x47c CMakeFiles/iot_security_lab.dir/home/vagner/pico/pico-sdk/lib/lwip/src/core/ipv4/dhcp.c.o
 .text.dhcp_set_struct
                0x1000e8e4       0x44 CMakeFiles/iot_security_lab.dir/home/vagner/pico/pico-sdk/lib/lwip/src/core/ipv4/dhcp.c.o
                0x1000e8e4                dhcp_set_struct
 .text.dhcp_network_changed_link_up
                0x1000e928       0x40 CMakeFiles/iot_security_lab.dir/home/vagner/pico/pico-sdk/lib/lwip/src/core/ipv4/dhcp.c.o
                0x1000e928                dhcp_network_changed_link_up
 .text.dhcp_renew
                0x1000e968      0x138 CMakeFiles/iot_security_lab.dir/home/vagner/pico/pico-sdk/lib/lwip/src/core/ipv4/dhcp.c.o
                0x1000e968                dhcp_renew
 .text.dhcp_release_and_stop
                0x1000eaa0      0x158 CMakeFiles/iot_security_lab.dir/home/vagner/pico/pico-sdk/lib/lwip/src/core/ipv4/dhcp.c.o
                0x1000eaa0                dhcp_release_and_stop
 .text.dhcp_start
                0x1000ebf8       0xb0 CMakeFiles/iot_security_lab.dir/home/vagner/pico/pico-sdk/lib/lwip/src/core/ipv4/dhcp.c.o
                0x1000ebf8                dhcp_start
 .text.dhcp_coarse_tmr
                0x1000eca8      0x1d8 CMakeFiles/iot_security_lab.dir/home/vagner/pico/pico-sdk/lib/lwip/src/core/ipv4/dhcp.c.o
                0x1000eca8                dhcp_coarse_tmr
 .text.dhcp_fine_tmr
                0x1000ee80       0x78 CMakeFiles/iot_security_lab.dir/home/vagner/pico/pico-sdk/lib/lwip/src/core/ipv4/dhcp.c.o
                0x1000ee80                dhcp_fine_tmr
 .text.dhcp_stop
                0x1000eef8      0x158 CMakeFiles/iot_security_lab.dir/home/vagner/pico/pico-sdk/lib/lwip/src/core/ipv4/dhcp.c.o
                0x1000eef8                dhcp_stop
 .text.etharp_find_entry
                0x1000f050      0x3c0 CMakeFiles/iot_security_lab.dir/home/vagner/pico/pico-sdk/lib/lwip/src/core/ipv4/etharp.c.o
 .text.etharp_raw
                0x1000f410       0xec CMakeFiles/iot_security_lab.dir/home/vagner/pico/pico-sdk/lib/lwip/src/core/ipv4/etharp.c.o
 .text.etharp_output_to_arp_index
                0x1000f4fc       0xd0 CMakeFiles/iot_security_lab.dir/home/vagner/pico/pico-sdk/lib/lwip/src/core/ipv4/etharp.c.o
 .text.etharp_tmr
                0x1000f5cc       0x94 CMakeFiles/iot_security_lab.dir/home/vagner/pico/pico-sdk/lib/lwip/src/core/ipv4/etharp.c.o
                0x1000f5cc                etharp_tmr
 .text.etharp_cleanup_netif
                0x1000f660      0x188 CMakeFiles/iot_security_lab.dir/home/vagner/pico/pico-sdk/lib/lwip/src/core/ipv4/etharp.c.o
                0x1000f660                etharp_cleanup_netif
 .text.etharp_input
                0x1000f7e8      0x1b8 CMakeFiles/iot_security_lab.dir/home/vagner/pico/pico-sdk/lib/lwip/src/core/ipv4/etharp.c.o
                0x1000f7e8                etharp_input
 .text.etharp_query
                0x1000f9a0      0x1b8 CMakeFiles/iot_security_lab.dir/home/vagner/pico/pico-sdk/lib/lwip/src/core/ipv4/etharp.c.o
                0x1000f9a0                etharp_query
 .text.etharp_output
                0x1000fb58      0x24c CMakeFiles/iot_security_lab.dir/home/vagner/pico/pico-sdk/lib/lwip/src/core/ipv4/etharp.c.o
                0x1000fb58                etharp_output
 .text.etharp_request
                0x1000fda4       0x2c CMakeFiles/iot_security_lab.dir/home/vagner/pico/pico-sdk/lib/lwip/src/core/ipv4/etharp.c.o
                0x1000fda4                etharp_request
 .text.icmp_input
                0x1000fdd0      0x1ec CMakeFiles/iot_security_lab.dir/home/vagner/pico/pico-sdk/lib/lwip/src/core/ipv4/icmp.c.o
                0x1000fdd0                icmp_input
 .text.icmp_dest_unreach
                0x1000ffbc       0xcc CMakeFiles/iot_security_lab.dir/home/vagner/pico/pico-sdk/lib/lwip/src/core/ipv4/icmp.c.o
                0x1000ffbc                icmp_dest_unreach
 .text.icmp_time_exceeded
                0x10010088       0xcc CMakeFiles/iot_security_lab.dir/home/vagner/pico/pico-sdk/lib/lwip/src/core/ipv4/icmp.c.o
                0x10010088                icmp_time_exceeded
 .text.ip_reass_free_complete_datagram
                0x10010154      0x11c CMakeFiles/iot_security_lab.dir/home/vagner/pico/pico-sdk/lib/lwip/src/core/ipv4/ip4_frag.c.o
 .text.ip_reass_remove_oldest_datagram
                0x10010270       0xd8 CMakeFiles/iot_security_lab.dir/home/vagner/pico/pico-sdk/lib/lwip/src/core/ipv4/ip4_frag.c.o
 .text.ip_reass_tmr
                0x10010348       0x30 CMakeFiles/iot_security_lab.dir/home/vagner/pico/pico-sdk/lib/lwip/src/core/ipv4/ip4_frag.c.o
                0x10010348                ip_reass_tmr
 .text.ip4_reass
                0x10010378      0x560 CMakeFiles/iot_security_lab.dir/home/vagner/pico/pico-sdk/lib/lwip/src/core/ipv4/ip4_frag.c.o
                0x10010378                ip4_reass
 .text.ip4_frag
                0x100108d8      0x254 CMakeFiles/iot_security_lab.dir/home/vagner/pico/pico-sdk/lib/lwip/src/core/ipv4/ip4_frag.c.o
                0x100108d8                ip4_frag
 .text.ip4_route
                0x10010b2c       0x7c CMakeFiles/iot_security_lab.dir/home/vagner/pico/pico-sdk/lib/lwip/src/core/ipv4/ip4.c.o
                0x10010b2c                ip4_route
 .text.ip4_input
                0x10010ba8      0x300 CMakeFiles/iot_security_lab.dir/home/vagner/pico/pico-sdk/lib/lwip/src/core/ipv4/ip4.c.o
                0x10010ba8                ip4_input
 .text.ip4_output_if
                0x10010ea8      0x190 CMakeFiles/iot_security_lab.dir/home/vagner/pico/pico-sdk/lib/lwip/src/core/ipv4/ip4.c.o
                0x10010ea8                ip4_output_if
 .text.ip4_output_if_src
                0x10011038      0x184 CMakeFiles/iot_security_lab.dir/home/vagner/pico/pico-sdk/lib/lwip/src/core/ipv4/ip4.c.o
                0x10011038                ip4_output_if_src
 .text.ip4_addr_isbroadcast_u32
                0x100111bc       0x3c CMakeFiles/iot_security_lab.dir/home/vagner/pico/pico-sdk/lib/lwip/src/core/ipv4/ip4_addr.c.o
                0x100111bc                ip4_addr_isbroadcast_u32
 .text.ip4addr_aton
                0x100111f8      0x1a8 CMakeFiles/iot_security_lab.dir/home/vagner/pico/pico-sdk/lib/lwip/src/core/ipv4/ip4_addr.c.o
                0x100111f8                ip4addr_aton
 .text.ethernet_input
                0x100113a0       0xd0 CMakeFiles/iot_security_lab.dir/home/vagner/pico/pico-sdk/lib/lwip/src/netif/ethernet.c.o
                0x100113a0                ethernet_input
 .text.ethernet_output
                0x10011470       0x6c CMakeFiles/iot_security_lab.dir/home/vagner/pico/pico-sdk/lib/lwip/src/netif/ethernet.c.o
                0x10011470                ethernet_output
 .text.cyw43_arch_wifi_connect_bssid_until.part.0
                0x100114dc      0x150 CMakeFiles/iot_security_lab.dir/home/vagner/pico/pico-sdk/src/rp2_common/pico_cyw43_arch/cyw43_arch.c.o
 .text.cyw43_arch_set_async_context
                0x1001162c        0xc CMakeFiles/iot_security_lab.dir/home/vagner/pico/pico-sdk/src/rp2_common/pico_cyw43_arch/cyw43_arch.c.o
                0x1001162c                cyw43_arch_set_async_context
 .text.cyw43_arch_enable_sta_mode
                0x10011638       0x1c CMakeFiles/iot_security_lab.dir/home/vagner/pico/pico-sdk/src/rp2_common/pico_cyw43_arch/cyw43_arch.c.o
                0x10011638                cyw43_arch_enable_sta_mode
 .text.cyw43_arch_wifi_connect_timeout_ms
                0x10011654       0xa0 CMakeFiles/iot_security_lab.dir/home/vagner/pico/pico-sdk/src/rp2_common/pico_cyw43_arch/cyw43_arch.c.o
                0x10011654                cyw43_arch_wifi_connect_timeout_ms
 .text.cyw43_arch_async_context
                0x100116f4        0xc CMakeFiles/iot_security_lab.dir/home/vagner/pico/pico-sdk/src/rp2_common/pico_cyw43_arch/cyw43_arch.c.o
                0x100116f4                cyw43_arch_async_context
 .text.cyw43_arch_init
                0x10011700       0x74 CMakeFiles/iot_security_lab.dir/home/vagner/pico/pico-sdk/src/rp2_common/pico_cyw43_arch/cyw43_arch_threadsafe_background.c.o
                0x10011700                cyw43_arch_init
 .text.ns_delay.constprop.0
                0x10011774       0x20 CMakeFiles/iot_security_lab.dir/home/vagner/pico/pico-sdk/src/rp2_common/pico_cyw43_driver/cyw43_bus_pio_spi.c.o
 .text.cyw43_spi_deinit
                0x10011794       0x6c CMakeFiles/iot_security_lab.dir/home/vagner/pico/pico-sdk/src/rp2_common/pico_cyw43_driver/cyw43_bus_pio_spi.c.o
                0x10011794                cyw43_spi_deinit
 .text.cyw43_spi_init
                0x10011800      0x128 CMakeFiles/iot_security_lab.dir/home/vagner/pico/pico-sdk/src/rp2_common/pico_cyw43_driver/cyw43_bus_pio_spi.c.o
                0x10011800                cyw43_spi_init
 .text.cyw43_spi_transfer
                0x10011928      0x408 CMakeFiles/iot_security_lab.dir/home/vagner/pico/pico-sdk/src/rp2_common/pico_cyw43_driver/cyw43_bus_pio_spi.c.o
                0x10011928                cyw43_spi_transfer
 .text.cyw43_spi_gpio_setup
                0x10011d30       0x3c CMakeFiles/iot_security_lab.dir/home/vagner/pico/pico-sdk/src/rp2_common/pico_cyw43_driver/cyw43_bus_pio_spi.c.o
                0x10011d30                cyw43_spi_gpio_setup
 .text.cyw43_spi_reset
                0x10011d6c       0x28 CMakeFiles/iot_security_lab.dir/home/vagner/pico/pico-sdk/src/rp2_common/pico_cyw43_driver/cyw43_bus_pio_spi.c.o
                0x10011d6c                cyw43_spi_reset
 .text.read_reg_u32_swap
                0x10011d94       0x3c CMakeFiles/iot_security_lab.dir/home/vagner/pico/pico-sdk/src/rp2_common/pico_cyw43_driver/cyw43_bus_pio_spi.c.o
                0x10011d94                read_reg_u32_swap
 .text.cyw43_read_reg_u32
                0x10011dd0       0x50 CMakeFiles/iot_security_lab.dir/home/vagner/pico/pico-sdk/src/rp2_common/pico_cyw43_driver/cyw43_bus_pio_spi.c.o
                0x10011dd0                cyw43_read_reg_u32
 .text.cyw43_read_reg_u16
                0x10011e20       0x50 CMakeFiles/iot_security_lab.dir/home/vagner/pico/pico-sdk/src/rp2_common/pico_cyw43_driver/cyw43_bus_pio_spi.c.o
                0x10011e20                cyw43_read_reg_u16
 .text.cyw43_read_reg_u8
                0x10011e70       0x50 CMakeFiles/iot_security_lab.dir/home/vagner/pico/pico-sdk/src/rp2_common/pico_cyw43_driver/cyw43_bus_pio_spi.c.o
                0x10011e70                cyw43_read_reg_u8
 .text.write_reg_u32_swap
                0x10011ec0      0x1fc CMakeFiles/iot_security_lab.dir/home/vagner/pico/pico-sdk/src/rp2_common/pico_cyw43_driver/cyw43_bus_pio_spi.c.o
                0x10011ec0                write_reg_u32_swap
 .text.cyw43_write_reg_u32