Archive member included to satisfy reference by file (symbol)

/usr/lib/gcc/arm-none-eabi/13.2.1/thumb/v6-m/nofp/libgcc.a(_dvmd_tls.o)
                              CMakeFiles/mpu6500.dir/home/vagner/pico/pico-sdk/src/rp2_common/pico_divider/divider_hardware.S.o (__aeabi_idiv0)
/usr/lib/gcc/arm-none-eabi/13.2.1/../../../arm-none-eabi/lib/thumb/v6-m/nofp/libg.a(libc_a-calloc.o)
                              CMakeFiles/mpu6500.dir/home/vagner/pico/pico-sdk/src/rp2_common/pico_malloc/malloc.c.o (calloc)
/usr/lib/gcc/arm-none-eabi/13.2.1/../../../arm-none-eabi/lib/thumb/v6-m/nofp/libg.a(libc_a-impure.o)
                              /usr/lib/gcc/arm-none-eabi/13.2.1/../../../arm-none-eabi/lib/thumb/v6-m/nofp/libg.a(libc_a-calloc.o) (_impure_ptr)
/usr/lib/gcc/arm-none-eabi/13.2.1/../../../arm-none-eabi/lib/thumb/v6-m/nofp/libg.a(libc_a-callocr.o)
                              /usr/lib/gcc/arm-none-eabi/13.2.1/../../../arm-none-eabi/lib/thumb/v6-m/nofp/libg.a(libc_a-calloc.o) (_calloc_r)
/usr/lib/gcc/arm-none-eabi/13.2.1/../../../arm-none-eabi/lib/thumb/v6-m/nofp/libg.a(libc_a-realloc.o)
                              CMakeFiles/mpu6500.dir/home/vagner/pico/pico-sdk/src/rp2_common/pico_malloc/malloc.c.o (realloc)
/usr/lib/gcc/arm-none-eabi/13.2.1/../../../arm-none-eabi/lib/thumb/v6-m/nofp/libg.a(libc_a-mallocr.o)
                              /usr/lib/gcc/arm-none-eabi/13.2.1/../../../arm-none-eabi/lib/thumb/v6-m/nofp/libg.a(libc_a-callocr.o) (_malloc_r)
/usr/lib/gcc/arm-none-eabi/13.2.1/../../../arm-none-eabi/lib/thumb/v6-m/nofp/libg.a(libc_a-freer.o)
                              /usr/lib/gcc/arm-none-eabi/13.2.1/../../../arm-none-eabi/lib/thumb/v6-m/nofp/libg.a(libc_a-mallocr.o) (_free_r)
/usr/lib/gcc/arm-none-eabi/13.2.1/../../../arm-none-eabi/lib/thumb/v6-m/nofp/libg.a(libc_a-memcmp.o)
                              CMakeFiles/mpu6500.dir/home/vagner/pico/pico-sdk/src/rp2_common/pico_atomic/atomic.c.o (memcmp)
/usr/lib/gcc/arm-none-eabi/13.2.1/../../../arm-none-eabi/lib/thumb/v6-m/nofp/libg.a(libc_a-malloc.o)
                              CMakeFiles/mpu6500.dir/home/vagner/pico/pico-sdk/src/rp2_common/pico_malloc/malloc.c.o (malloc)
/usr/lib/gcc/arm-none-eabi/13.2.1/../../../arm-none-eabi/lib/thumb/v6-m/nofp/libg.a(libc_a-sysconf.o)
                              /usr/lib/gcc/arm-none-eabi/13.2.1/../../../arm-none-eabi/lib/thumb/v6-m/nofp/libg.a(libc_a-mallocr.o) (sysconf)
/usr/lib/gcc/arm-none-eabi/13.2.1/../../../arm-none-eabi/lib/thumb/v6-m/nofp/libg.a(libc_a-init.o)
                              /usr/lib/gcc/arm-none-eabi/13.2.1/../../../arm-none-eabi/lib/thumb/v6-m/nofp/crt0.o (__libc_init_array)
/usr/lib/gcc/arm-none-eabi/13.2.1/../../../arm-none-eabi/lib/thumb/v6-m/nofp/libg.a(libc_a-reallocr.o)
                              /usr/lib/gcc/arm-none-eabi/13.2.1/../../../arm-none-eabi/lib/thumb/v6-m/nofp/libg.a(libc_a-realloc.o) (_realloc_r)
/usr/lib/gcc/arm-none-eabi/13.2.1/../../../arm-none-eabi/lib/thumb/v6-m/nofp/libg.a(libc_a-mktime.o)
                              CMakeFiles/mpu6500.dir/home/vagner/pico/pico-sdk/src/common/pico_util/datetime.c.o (mktime)
/usr/lib/gcc/arm-none-eabi/13.2.1/../../../arm-none-eabi/lib/thumb/v6-m/nofp/libg.a(libc_a-mlock.o)
                              /usr/lib/gcc/arm-none-eabi/13.2.1/../../../arm-none-eabi/lib/thumb/v6-m/nofp/libg.a(libc_a-mallocr.o) (__malloc_lock)
/usr/lib/gcc/arm-none-eabi/13.2.1/../../../arm-none-eabi/lib/thumb/v6-m/nofp/libg.a(libc_a-findfp.o)
                              /usr/lib/gcc/arm-none-eabi/13.2.1/../../../arm-none-eabi/lib/thumb/v6-m/nofp/libg.a(libc_a-impure.o) (__sf)
/usr/lib/gcc/arm-none-eabi/13.2.1/../../../arm-none-eabi/lib/thumb/v6-m/nofp/libg.a(libc_a-tzlock.o)
                              /usr/lib/gcc/arm-none-eabi/13.2.1/../../../arm-none-eabi/lib/thumb/v6-m/nofp/libg.a(libc_a-mktime.o) (__tz_lock)
/usr/lib/gcc/arm-none-eabi/13.2.1/../../../arm-none-eabi/lib/thumb/v6-m/nofp/libg.a(libc_a-atexit.o)
                              /usr/lib/gcc/arm-none-eabi/13.2.1/../../../arm-none-eabi/lib/thumb/v6-m/nofp/crt0.o (atexit)
/usr/lib/gcc/arm-none-eabi/13.2.1/../../../arm-none-eabi/lib/thumb/v6-m/nofp/libg.a(libc_a-lcltime_r.o)
                              CMakeFiles/mpu6500.dir/home/vagner/pico/pico-sdk/src/common/pico_util/datetime.c.o (localtime_r)
/usr/lib/gcc/arm-none-eabi/13.2.1/../../../arm-none-eabi/lib/thumb/v6-m/nofp/libg.a(libc_a-strlen-stub.o)
                              CMakeFiles/mpu6500.dir/home/vagner/pico/pico-sdk/src/rp2_common/pico_stdio/stdio.c.o (strlen)
/usr/lib/gcc/arm-none-eabi/13.2.1/../../../arm-none-eabi/lib/thumb/v6-m/nofp/libg.a(libc_a-sbrkr.o)
                              /usr/lib/gcc/arm-none-eabi/13.2.1/../../../arm-none-eabi/lib/thumb/v6-m/nofp/libg.a(libc_a-mallocr.o) (_sbrk_r)
/usr/lib/gcc/arm-none-eabi/13.2.1/../../../arm-none-eabi/lib/thumb/v6-m/nofp/libg.a(libc_a-fini.o)
[...]
Memory Configuration

Name             Origin             Length             Attributes
FLASH            0x10000000         0x00200000         xr
RAM              0x20000000         0x00040000         xrw
SCRATCH_X        0x20040000         0x00001000         xrw
SCRATCH_Y        0x20041000         0x00001000         xrw
*default*        0x00000000         0xffffffff

Linker script and memory map

LOAD /usr/lib/gcc/arm-none-eabi/13.2.1/thumb/v6-m/nofp/crti.o
LOAD /usr/lib/gcc/arm-none-eabi/13.2.1/thumb/v6-m/nofp/crtbegin.o
LOAD /usr/lib/gcc/arm-none-eabi/13.2.1/../../../arm-none-eabi/lib/thumb/v6-m/nofp/crt0.o

.flash_begin    0x10000000        0x0
                0x10000000                        __flash_binary_start = .

.boot2          0x10000000      0x100
                0x10000000                        __boot2_start__ = .
 *(.boot2)
 .boot2         0x10000000      0x100 pico-sdk/src/rp2040/boot_stage2/CMakeFiles/bs2_default_library.dir/bs2_default_padded_checksummed.S.o
                0x10000100                        __boot2_end__ = .
                0x00000001                        ASSERT (((__boot2_end__ - __boot2_start__) == 0x100), ERROR: Pico second stage bootloader must be 256 bytes in size)

.text           0x10000100     0x6d00
                0x10000100                        __logical_binary_start = .
 *(.vectors)
 .vectors       0x10000100       0xd4 CMakeFiles/mpu6500.dir/home/vagner/pico/pico-sdk/src/rp2_common/pico_crt0/crt0.S.o
                0x10000100                __vectors
                0x10000100                __VECTOR_TABLE
                0x100001c0                isr_invalid
                0x100001c0                __default_isrs_start
                0x100001c2                isr_nmi
                0x100001c4                isr_hardfault
                0x100001c6                isr_svcall
                0x100001c8                isr_pendsv
                0x100001ca                isr_systick
                0x100001cc                isr_irq30
                0x100001cc                __unhandled_user_irq
                0x100001cc                isr_irq13
                0x100001cc                isr_irq27
                0x100001cc                isr_irq31
                0x100001cc                isr_irq5
                0x100001cc                isr_irq11
                0x100001cc                isr_irq23
                0x100001cc                isr_irq18
                0x100001cc                isr_irq28
                0x100001cc                isr_irq19
                0x100001cc                isr_irq0
                0x100001cc                isr_irq6
                0x100001cc                isr_irq22
                0x100001cc                isr_irq17
                0x100001cc                isr_irq14
                0x100001cc                isr_irq2
                0x100001cc                isr_irq10
                0x100001cc                isr_irq8
                0x100001cc                isr_irq24
                0x100001cc                isr_irq1
                0x100001cc                isr_irq7
                0x100001cc                isr_irq21
                0x100001cc                isr_irq20
                0x100001cc                isr_irq15
                0x100001cc                isr_irq25
                0x100001cc                isr_irq4
                0x100001cc                isr_irq16
                0x100001cc                isr_irq29
                0x100001cc                isr_irq26
                0x100001cc                __default_isrs_end
                0x100001cc                isr_irq3
                0x100001cc                isr_irq12
                0x100001cc                isr_irq9
                0x100001d2                unhandled_user_irq_num_in_r0
 *(.binary_info_header)
 .binary_info_header
                0x100001d4       0x14 CMakeFiles/mpu6500.dir/home/vagner/pico/pico-sdk/src/rp2_common/pico_crt0/crt0.S.o
                0x100001e8                        __binary_info_header_end = .
 *(.embedded_block)
                0x100001e8                        __embedded_block_end = .
 *(.reset)
 .reset         0x100001e8       0x9c CMakeFiles/mpu6500.dir/home/vagner/pico/pico-sdk/src/rp2_common/pico_crt0/crt0.S.o
                0x100001e8                _entry_point
 *(.init)
 .init          0x10000284        0x4 /usr/lib/gcc/arm-none-eabi/13.2.1/thumb/v6-m/nofp/crti.o
                0x10000284                _init
 *(EXCLUDE_FILE(*libm.a: *libc.a:*lib_a-mem*.o *libgcc.a:) .text*)
 .text          0x10000288       0x98 /usr/lib/gcc/arm-none-eabi/13.2.1/thumb/v6-m/nofp/crtbegin.o
 .text.startup.main
                0x10000320      0x12c CMakeFiles/mpu6500.dir/src/main.c.o
                0x10000320                main
 .text.gpio_set_function
                0x1000044c       0x34 CMakeFiles/mpu6500.dir/home/vagner/pico/pico-sdk/src/rp2_common/hardware_gpio/gpio.c.o
                0x1000044c                gpio_set_function
 .text.gpio_set_pulls
                0x10000480       0x28 CMakeFiles/mpu6500.dir/home/vagner/pico/pico-sdk/src/rp2_common/hardware_gpio/gpio.c.o
                0x10000480                gpio_set_pulls
 .text.rp2040_chip_version
                0x100004a8        0xc CMakeFiles/mpu6500.dir/home/vagner/pico/pico-sdk/src/rp2040/pico_platform/platform.c.o
                0x100004a8                rp2040_chip_version
 .text.panic    0x100004b4       0x30 CMakeFiles/mpu6500.dir/home/vagner/pico/pico-sdk/src/rp2_common/pico_platform_panic/panic.c.o
                0x100004b4                panic
 .text.hw_claim_or_assert
                0x100004e4       0x44 CMakeFiles/mpu6500.dir/home/vagner/pico/pico-sdk/src/common/hardware_claim/claim.c.o
                0x100004e4                hw_claim_or_assert
 .text.hw_claim_unused_from_range
                0x10000528       0x9c CMakeFiles/mpu6500.dir/home/vagner/pico/pico-sdk/src/common/hardware_claim/claim.c.o
                0x10000528                hw_claim_unused_from_range
 .text.next_striped_spin_lock_num
                0x100005c4       0x18 CMakeFiles/mpu6500.dir/home/vagner/pico/pico-sdk/src/rp2_common/hardware_sync/sync.c.o
                0x100005c4                next_striped_spin_lock_num
 .text.spin_lock_claim_unused
                0x100005dc       0x24 CMakeFiles/mpu6500.dir/home/vagner/pico/pico-sdk/src/rp2_common/hardware_sync/sync.c.o
                0x100005dc                spin_lock_claim_unused
 .text.spin_locks_reset
                0x10000600       0x1c CMakeFiles/mpu6500.dir/home/vagner/pico/pico-sdk/src/rp2_common/hardware_sync_spin_lock/sync_spin_lock.c.o
                0x10000600                spin_locks_reset
 .text.runtime_init_per_core_irq_priorities
                0x1000061c       0x24 CMakeFiles/mpu6500.dir/home/vagner/pico/pico-sdk/src/rp2_common/hardware_irq/irq.c.o
                0x1000061c                runtime_init_per_core_irq_priorities
 .text.irq_set_enabled
                0x10000640       0x24 CMakeFiles/mpu6500.dir/home/vagner/pico/pico-sdk/src/rp2_common/hardware_irq/irq.c.o
                0x10000640                irq_set_enabled
 .text.irq_is_enabled
                0x10000664       0x18 CMakeFiles/mpu6500.dir/home/vagner/pico/pico-sdk/src/rp2_common/hardware_irq/irq.c.o
                0x10000664                irq_is_enabled
 .text.irq_set_pending
                0x1000067c       0x10 CMakeFiles/mpu6500.dir/home/vagner/pico/pico-sdk/src/rp2_common/hardware_irq/irq.c.o
                0x1000067c                irq_set_pending
 .text.irq_has_shared_handler
                0x1000068c       0x2c CMakeFiles/mpu6500.dir/home/vagner/pico/pico-sdk/src/rp2_common/hardware_irq/irq.c.o
                0x1000068c                irq_has_shared_handler
 .text.irq_set_exclusive_handler
                0x100006b8       0x54 CMakeFiles/mpu6500.dir/home/vagner/pico/pico-sdk/src/rp2_common/hardware_irq/irq.c.o
                0x100006b8                irq_set_exclusive_handler
 .text.irq_add_shared_handler
                0x1000070c      0x1f4 CMakeFiles/mpu6500.dir/home/vagner/pico/pico-sdk/src/rp2_common/hardware_irq/irq.c.o
                0x1000070c                irq_add_shared_handler
 .text.irq_add_tail_to_free_list
                0x10000900       0xb4 CMakeFiles/mpu6500.dir/home/vagner/pico/pico-sdk/src/rp2_common/hardware_irq/irq.c.o
                0x10000900                irq_add_tail_to_free_list
 .text.user_irq_claim_unused
                0x100009b4       0x2c CMakeFiles/mpu6500.dir/home/vagner/pico/pico-sdk/src/rp2_common/hardware_irq/irq.c.o
                0x100009b4                user_irq_claim_unused
 .text.lock_init
                0x100009e0       0x10 CMakeFiles/mpu6500.dir/home/vagner/pico/pico-sdk/src/common/pico_sync/lock_core.c.o
                0x100009e0                lock_init
 .text.runtime_init_mutex
                0x100009f0       0x50 CMakeFiles/mpu6500.dir/home/vagner/pico/pico-sdk/src/common/pico_sync/mutex.c.o
                0x100009f0                runtime_init_mutex
 .text.mutex_init
                0x10000a40       0x1c CMakeFiles/mpu6500.dir/home/vagner/pico/pico-sdk/src/common/pico_sync/mutex.c.o
                0x10000a40                mutex_init
 .text.critical_section_init
                0x10000a5c       0x1c CMakeFiles/mpu6500.dir/home/vagner/pico/pico-sdk/src/common/pico_sync/critical_section.c.o
                0x10000a5c                critical_section_init
 .text.critical_section_init_with_lock_num
                0x10000a78       0x14 CMakeFiles/mpu6500.dir/home/vagner/pico/pico-sdk/src/common/pico_sync/critical_section.c.o
                0x10000a78                critical_section_init_with_lock_num
 .text.sleep_until_callback
                0x10000a8c       0x30 CMakeFiles/mpu6500.dir/home/vagner/pico/pico-sdk/src/common/pico_time/time.c.o
 .text.alarm_pool_irq_handler
                0x10000abc      0x2fc CMakeFiles/mpu6500.dir/home/vagner/pico/pico-sdk/src/common/pico_time/time.c.o
 .text.runtime_init_default_alarm_pool
                0x10000db8       0xdc CMakeFiles/mpu6500.dir/home/vagner/pico/pico-sdk/src/common/pico_time/time.c.o
                0x10000db8                runtime_init_default_alarm_pool
 .text.alarm_pool_get_default
                0x10000e94        0x8 CMakeFiles/mpu6500.dir/home/vagner/pico/pico-sdk/src/common/pico_time/time.c.o
                0x10000e94                alarm_pool_get_default
 .text.alarm_pool_add_alarm_at
                0x10000e9c       0xd4 CMakeFiles/mpu6500.dir/home/vagner/pico/pico-sdk/src/common/pico_time/time.c.o
                0x10000e9c                alarm_pool_add_alarm_at
 .text.alarm_pool_add_alarm_at_force_in_context
                0x10000f70       0xb0 CMakeFiles/mpu6500.dir/home/vagner/pico/pico-sdk/src/common/pico_time/time.c.o
                0x10000f70                alarm_pool_add_alarm_at_force_in_context
 .text.alarm_pool_cancel_alarm
                0x10001020       0x74 CMakeFiles/mpu6500.dir/home/vagner/pico/pico-sdk/src/common/pico_time/time.c.o
                0x10001020                alarm_pool_cancel_alarm
 .text.alarm_pool_core_num
                0x10001094        0x4 CMakeFiles/mpu6500.dir/home/vagner/pico/pico-sdk/src/common/pico_time/time.c.o
                0x10001094                alarm_pool_core_num
 .text.sleep_until
                0x10001098       0xd8 CMakeFiles/mpu6500.dir/home/vagner/pico/pico-sdk/src/common/pico_time/time.c.o
                0x10001098                sleep_until
 .text.sleep_ms
                0x10001170       0x38 CMakeFiles/mpu6500.dir/home/vagner/pico/pico-sdk/src/common/pico_time/time.c.o
                0x10001170                sleep_ms
 .text.best_effort_wfe_or_timeout
                0x100011a8       0xe0 CMakeFiles/mpu6500.dir/home/vagner/pico/pico-sdk/src/common/pico_time/time.c.o
                0x100011a8                best_effort_wfe_or_timeout
 .text.timer_hardware_alarm_claim
                0x10001288       0x14 CMakeFiles/mpu6500.dir/home/vagner/pico/pico-sdk/src/rp2_common/hardware_timer/timer.c.o
                0x10001288                timer_hardware_alarm_claim
 .text.timer_time_us_64
                0x1000129c       0x10 CMakeFiles/mpu6500.dir/home/vagner/pico/pico-sdk/src/rp2_common/hardware_timer/timer.c.o
                0x1000129c                timer_time_us_64
 .text.time_us_64
                0x100012ac       0x14 CMakeFiles/mpu6500.dir/home/vagner/pico/pico-sdk/src/rp2_common/hardware_timer/timer.c.o
                0x100012ac                time_us_64
 .text.busy_wait_until
                0x100012c0       0x20 CMakeFiles/mpu6500.dir/home/vagner/pico/pico-sdk/src/rp2_common/hardware_timer/timer.c.o
                0x100012c0                busy_wait_until
 .text.clock_configure_int_divider
                0x100012e0       0xf4 CMakeFiles/mpu6500.dir/home/vagner/pico/pico-sdk/src/rp2_common/hardware_clocks/clocks.c.o
                0x100012e0                clock_configure_int_divider
 .text.clock_configure_undivided
                0x100013d4       0xe8 CMakeFiles/mpu6500.dir/home/vagner/pico/pico-sdk/src/rp2_common/hardware_clocks/clocks.c.o
                0x100013d4                clock_configure_undivided
 .text.clock_get_hz
                0x100014bc        0xc CMakeFiles/mpu6500.dir/home/vagner/pico/pico-sdk/src/rp2_common/hardware_clocks/clocks.c.o
                0x100014bc                clock_get_hz
 .text.pll_init
                0x100014c8       0xa4 CMakeFiles/mpu6500.dir/home/vagner/pico/pico-sdk/src/rp2_common/hardware_pll/pll.c.o
                0x100014c8                pll_init
 .text.watchdog_reboot
                0x1000156c       0x9c CMakeFiles/mpu6500.dir/home/vagner/pico/pico-sdk/src/rp2_common/hardware_watchdog/watchdog.c.o
                0x1000156c                watchdog_reboot
 .text.tick_start
                0x10001608       0x10 CMakeFiles/mpu6500.dir/home/vagner/pico/pico-sdk/src/rp2_common/hardware_ticks/ticks.c.o
                0x10001608                tick_start
 .text.rom_func_lookup
                0x10001618       0x10 CMakeFiles/mpu6500.dir/home/vagner/pico/pico-sdk/src/rp2_common/pico_bootrom/bootrom.c.o
                0x10001618                rom_func_lookup
 .text.rom_data_lookup
                0x10001628       0x10 CMakeFiles/mpu6500.dir/home/vagner/pico/pico-sdk/src/rp2_common/pico_bootrom/bootrom.c.o
                0x10001628                rom_data_lookup
 .text.rom_funcs_lookup
                0x10001638       0x44 CMakeFiles/mpu6500.dir/home/vagner/pico/pico-sdk/src/rp2_common/pico_bootrom/bootrom.c.o
                0x10001638                rom_funcs_lookup
 .text.rom_reset_usb_boot_extra
                0x1000167c       0x28 CMakeFiles/mpu6500.dir/home/vagner/pico/pico-sdk/src/rp2_common/pico_bootrom/bootrom.c.o
                0x1000167c                rom_reset_usb_boot_extra
 .text.xosc_init
                0x100016a4       0x28 CMakeFiles/mpu6500.dir/home/vagner/pico/pico-sdk/src/rp2_common/hardware_xosc/xosc.c.o
                0x100016a4                xosc_init
 .text.first_per_core_initializer
                0x100016cc        0x4 CMakeFiles/mpu6500.dir/home/vagner/pico/pico-sdk/src/rp2_common/pico_runtime/runtime.c.o
 .text.hard_assertion_failure
                0x100016d0        0xc CMakeFiles/mpu6500.dir/home/vagner/pico/pico-sdk/src/rp2_common/pico_runtime/runtime.c.o
                0x100016d0                hard_assertion_failure
 .text.runtime_run_initializers
                0x100016dc       0x28 CMakeFiles/mpu6500.dir/home/vagner/pico/pico-sdk/src/rp2_common/pico_runtime/runtime.c.o
                0x100016dc                runtime_run_initializers
 .text.runtime_init_early_resets
                0x10001704       0x2c CMakeFiles/mpu6500.dir/home/vagner/pico/pico-sdk/src/rp2_common/pico_runtime_init/runtime_init.c.o
                0x10001704                runtime_init_early_resets
 .text.runtime_init_usb_power_down
                0x10001730       0x1c CMakeFiles/mpu6500.dir/home/vagner/pico/pico-sdk/src/rp2_common/pico_runtime_init/runtime_init.c.o
                0x10001730                runtime_init_usb_power_down
 .text.runtime_init_post_clock_resets
                0x1000174c       0x20 CMakeFiles/mpu6500.dir/home/vagner/pico/pico-sdk/src/rp2_common/pico_runtime_init/runtime_init.c.o
                0x1000174c                runtime_init_post_clock_resets
 .text.runtime_init_rp2040_gpio_ie_disable
                0x1000176c       0x14 CMakeFiles/mpu6500.dir/home/vagner/pico/pico-sdk/src/rp2_common/pico_runtime_init/runtime_init.c.o
                0x1000176c                runtime_init_rp2040_gpio_ie_disable
 .text.runtime_init_spin_locks_reset
                0x10001780        0x8 CMakeFiles/mpu6500.dir/home/vagner/pico/pico-sdk/src/rp2_common/pico_runtime_init/runtime_init.c.o
                0x10001780                runtime_init_spin_locks_reset
 .text.runtime_init_install_ram_vector_table
                0x10001788       0x1c CMakeFiles/mpu6500.dir/home/vagner/pico/pico-sdk/src/rp2_common/pico_runtime_init/runtime_init.c.o
                0x10001788                runtime_init_install_ram_vector_table
 .text.runtime_init_clocks
                0x100017a4       0xd8 CMakeFiles/mpu6500.dir/home/vagner/pico/pico-sdk/src/rp2_common/pico_runtime_init/runtime_init_clocks.c.o
                0x100017a4                runtime_init_clocks
 .text          0x1000187c       0x10 CMakeFiles/mpu6500.dir/home/vagner/pico/pico-sdk/src/rp2_common/pico_bit_ops/bit_ops_aeabi.S.o
 .text.__wrap___aeabi_idiv
                0x1000188c       0x50 CMakeFiles/mpu6500.dir/home/vagner/pico/pico-sdk/src/rp2_common/pico_divider/divider_hardware.S.o
                0x1000188c                __wrap___aeabi_idivmod
                0x1000188c                divmod_s32s32
                0x1000188c                div_s32s32
                0x1000188c                __wrap___aeabi_idiv
                0x10001894                divmod_s32s32_unsafe
                0x100018c0                divmod_s32s32_savestate
 .text.__wrap___aeabi_uidiv
                0x100018dc       0x4c CMakeFiles/mpu6500.dir/home/vagner/pico/pico-sdk/src/rp2_common/pico_divider/divider_hardware.S.o
                0x100018dc                __wrap___aeabi_uidiv
                0x100018dc                __wrap___aeabi_uidivmod
                0x100018dc                div_u32u32
                0x100018dc                divmod_u32u32
                0x100018e4                divmod_u32u32_unsafe
                0x1000190c                divmod_u32u32_savestate
 .text.__wrap___aeabi_ldiv
                0x10001928      0x424 CMakeFiles/mpu6500.dir/home/vagner/pico/pico-sdk/src/rp2_common/pico_divider/divider_hardware.S.o
                0x10001928                div_s64s64
                0x10001928                divmod_s64s64
                0x10001928                __wrap___aeabi_ldivmod
                0x10001958                div_u64u64
                0x10001958                divmod_u64u64
                0x10001958                __wrap___aeabi_uldivmod
                0x10001968                divmod_u64u64_savestate
                0x10001988                divmod_s64s64_unsafe
                0x10001a10                divmod_u64u64_unsafe
 .text.__wrap___aeabi_darithmetic
                0x10001d4c       0x80 CMakeFiles/mpu6500.dir/home/vagner/pico/pico-sdk/src/rp2_common/pico_double/double_aeabi_rp2040.S.o
                0x10001d4c                __wrap___aeabi_drsub
                0x10001d52                __wrap___aeabi_dsub
                0x10001d64                __wrap___aeabi_dadd
                0x10001d76                __wrap___aeabi_ddiv
                0x10001db2                __wrap___aeabi_dmul
 .text.__wrap___aeabi_cdcmple
                0x10001dcc       0x6c CMakeFiles/mpu6500.dir/home/vagner/pico/pico-sdk/src/rp2_common/pico_double/double_aeabi_rp2040.S.o
                0x10001dcc                __wrap___aeabi_cdrcmple
                0x10001ddc                __wrap___aeabi_cdcmple
                0x10001ddc                __wrap___aeabi_cdcmpeq
 .text.__wrap___aeabi_dcmplt
                0x10001e38        0xc CMakeFiles/mpu6500.dir/home/vagner/pico/pico-sdk/src/rp2_common/pico_double/double_aeabi_rp2040.S.o
                0x10001e38                __wrap___aeabi_dcmplt
 .text.__wrap___aeabi_dcmpge
                0x10001e44       0x10 CMakeFiles/mpu6500.dir/home/vagner/pico/pico-sdk/src/rp2_common/pico_double/double_aeabi_rp2040.S.o
                0x10001e44                __wrap___aeabi_dcmpge
 .text.__wrap___aeabi_dcmpgt
                0x10001e54        0xa CMakeFiles/mpu6500.dir/home/vagner/pico/pico-sdk/src/rp2_common/pico_double/double_aeabi_rp2040.S.o
                0x10001e54                __wrap___aeabi_dcmpgt
 .text.__wrap___aeabi_dcmpun
                0x10001e5e       0x18 CMakeFiles/mpu6500.dir/home/vagner/pico/pico-sdk/src/rp2_common/pico_double/double_aeabi_rp2040.S.o
                0x10001e5e                __wrap___aeabi_dcmpun
 *fill*         0x10001e76        0x2 
 .text.__wrap___aeabi_i2d
                0x10001e78       0x38 CMakeFiles/mpu6500.dir/home/vagner/pico/pico-sdk/src/rp2_common/pico_double/double_aeabi_rp2040.S.o
                0x10001e78                __wrap___aeabi_ui2d
                0x10001e80                __wrap___aeabi_i2d
 .text.__wrap___aeabi_d2iz
                0x10001eb0       0x48 CMakeFiles/mpu6500.dir/home/vagner/pico/pico-sdk/src/rp2_common/pico_double/double_aeabi_rp2040.S.o
                0x10001eb0                __wrap___aeabi_d2iz
                0x10001eb0                double2int_z
 .text.__wrap___aeabi_d2uiz
                0x10001ef8       0x18 CMakeFiles/mpu6500.dir/home/vagner/pico/pico-sdk/src/rp2_common/pico_double/double_aeabi_rp2040.S.o
                0x10001ef8                double2uint
                0x10001ef8                __wrap___aeabi_d2uiz
 .text.__aeabi_double_init
                0x10001f10       0xa4 CMakeFiles/mpu6500.dir/home/vagner/pico/pico-sdk/src/rp2_common/pico_double/double_init_rom_rp2040.c.o
                0x10001f10                __aeabi_double_init
 .text.double_table_shim_on_use_helper
                0x10001fb4       0x2c CMakeFiles/mpu6500.dir/home/vagner/pico/pico-sdk/src/rp2_common/pico_double/double_v1_rom_shim_rp2040.S.o
                0x10001fb4                double_table_shim_on_use_helper
 .text.__wrap___aeabi_dsub
                0x10001fe0       0x10 CMakeFiles/mpu6500.dir/home/vagner/pico/pico-sdk/src/rp2_common/pico_double/double_v1_rom_shim_rp2040.S.o
                0x10001fe0                drsub_shim
                0x10001fe6                dsub_shim
 .text.dadd_shim
                0x10001ff0      0x15c CMakeFiles/mpu6500.dir/home/vagner/pico/pico-sdk/src/rp2_common/pico_double/double_v1_rom_shim_rp2040.S.o
                0x10001ff0                dadd_shim
 .text.dmul_shim
                0x1000214c      0x15c CMakeFiles/mpu6500.dir/home/vagner/pico/pico-sdk/src/rp2_common/pico_double/double_v1_rom_shim_rp2040.S.o
                0x1000214c                dmul_shim
 .text.ddiv_shim
                0x100022a8      0x1b0 CMakeFiles/mpu6500.dir/home/vagner/pico/pico-sdk/src/rp2_common/pico_double/double_v1_rom_shim_rp2040.S.o
                0x100022a8                ddiv_shim
 .text.double2uint_shim
                0x10002458        0xe CMakeFiles/mpu6500.dir/home/vagner/pico/pico-sdk/src/rp2_common/pico_double/double_v1_rom_shim_rp2040.S.o
                0x10002458                double2uint_shim
                0x1000245a                double2ufix_shim
 *fill*         0x10002466        0x2 
 .text.double2uint64_shim
                0x10002468       0x70 CMakeFiles/mpu6500.dir/home/vagner/pico/pico-sdk/src/rp2_common/pico_double/double_v1_rom_shim_rp2040.S.o
                0x10002468                double2uint64_shim
                0x1000246a                double2ufix64_shim
                0x1000248a                d2fix_a
 .text.dunpacks
                0x100024d8       0x3c CMakeFiles/mpu6500.dir/home/vagner/pico/pico-sdk/src/rp2_common/pico_double/double_v1_rom_shim_rp2040.S.o
                0x100024d8                dunpacks
 .text.__aeabi_lmul
                0x10002514       0x32 CMakeFiles/mpu6500.dir/home/vagner/pico/pico-sdk/src/rp2_common/pico_int64_ops/pico_int64_ops_aeabi.S.o
                0x10002514                __wrap___aeabi_lmul
 *fill*         0x10002546        0x2 
 .text.__aeabi_float_init
                0x10002548       0x64 CMakeFiles/mpu6500.dir/home/vagner/pico/pico-sdk/src/rp2_common/pico_float/float_init_rom_rp2040.c.o
                0x10002548                __aeabi_float_init
 .text.float_table_shim_on_use_helper
                0x100025ac       0x2c CMakeFiles/mpu6500.dir/home/vagner/pico/pico-sdk/src/rp2_common/pico_float/float_v1_rom_shim_rp2040.S.o
                0x100025ac                float_table_shim_on_use_helper
 .text          0x100025d8       0x10 CMakeFiles/mpu6500.dir/home/vagner/pico/pico-sdk/src/rp2_common/pico_mem_ops/mem_ops_aeabi.S.o
                0x100025d8                __aeabi_mem_init
 .text.memset   0x100025e8        0xc CMakeFiles/mpu6500.dir/home/vagner/pico/pico-sdk/src/rp2_common/pico_mem_ops/mem_ops_aeabi.S.o
                0x100025e8                __wrap_memset
 .text.memcpy   0x100025f4        0xc CMakeFiles/mpu6500.dir/home/vagner/pico/pico-sdk/src/rp2_common/pico_mem_ops/mem_ops_aeabi.S.o
                0x100025f4                __wrap___aeabi_memcpy
                0x100025f4                __wrap_memcpy
 .text._out_null
                0x10002600        0x4 CMakeFiles/mpu6500.dir/home/vagner/pico/pico-sdk/src/rp2_common/pico_printf/printf.c.o
 .text._out_rev
                0x10002604       0xac CMakeFiles/mpu6500.dir/home/vagner/pico/pico-sdk/src/rp2_common/pico_printf/printf.c.o
 .text._ntoa_format
                0x100026b0      0x250 CMakeFiles/mpu6500.dir/home/vagner/pico/pico-sdk/src/rp2_common/pico_printf/printf.c.o
 .text._out_char
                0x10002900       0x10 CMakeFiles/mpu6500.dir/home/vagner/pico/pico-sdk/src/rp2_common/pico_printf/printf.c.o
 .text._out_fct
                0x10002910       0x10 CMakeFiles/mpu6500.dir/home/vagner/pico/pico-sdk/src/rp2_common/pico_printf/printf.c.o
 .text._etoa    0x10002920      0x464 CMakeFiles/mpu6500.dir/home/vagner/pico/pico-sdk/src/rp2_common/pico_printf/printf.c.o
 .text._ftoa    0x10002d84      0x3c0 CMakeFiles/mpu6500.dir/home/vagner/pico/pico-sdk/src/rp2_common/pico_printf/printf.c.o
 .text._vsnprintf
                0x10003144      0xbc8 CMakeFiles/mpu6500.dir/home/vagner/pico/pico-sdk/src/rp2_common/pico_printf/printf.c.o
 .text.vfctprintf
                0x10003d0c       0x20 CMakeFiles/mpu6500.dir/home/vagner/pico/pico-sdk/src/rp2_common/pico_printf/printf.c.o
                0x10003d0c                vfctprintf
 .text.weak_raw_vprintf
                0x10003d2c       0x30 CMakeFiles/mpu6500.dir/home/vagner/pico/pico-sdk/src/rp2_common/pico_printf/printf.c.o
                0x10003d2c                weak_raw_vprintf
 .text._exit    0x10003d5c        0x4 CMakeFiles/mpu6500.dir/home/vagner/pico/pico-sdk/src/rp2_common/pico_clib_interface/newlib_interface.c.o
                0x10003d5c                _exit
 .text.exit     0x10003d60        0x8 CMakeFiles/mpu6500.dir/home/vagner/pico/pico-sdk/src/rp2_common/pico_clib_interface/newlib_interface.c.o
                0x10003d60                exit
 .text.runtime_init
                0x10003d68       0x2c CMakeFiles/mpu6500.dir/home/vagner/pico/pico-sdk/src/rp2_common/pico_clib_interface/newlib_interface.c.o
                0x10003d68                runtime_init
 .text.stdio_out_chars_no_crlf
                0x10003d94       0x10 CMakeFiles/mpu6500.dir/home/vagner/pico/pico-sdk/src/rp2_common/pico_stdio/stdio.c.o
 .text.stdio_out_chars_crlf
                0x10003da4       0x94 CMakeFiles/mpu6500.dir/home/vagner/pico/pico-sdk/src/rp2_common/pico_stdio/stdio.c.o
 .text.stdio_buffered_printer
                0x10003e38       0x64 CMakeFiles/mpu6500.dir/home/vagner/pico/pico-sdk/src/rp2_common/pico_stdio/stdio.c.o
 .text.stdio_put_string
                0x10003e9c      0x100 CMakeFiles/mpu6500.dir/home/vagner/pico/pico-sdk/src/rp2_common/pico_stdio/stdio.c.o
                0x10003e9c                stdio_put_string
 .text.stdio_set_driver_enabled
                0x10003f9c       0x30 CMakeFiles/mpu6500.dir/home/vagner/pico/pico-sdk/src/rp2_common/pico_stdio/stdio.c.o
                0x10003f9c                stdio_set_driver_enabled
 .text.stdio_init_all
                0x10003fcc        0x8 CMakeFiles/mpu6500.dir/home/vagner/pico/pico-sdk/src/rp2_common/pico_stdio/stdio.c.o
                0x10003fcc                stdio_init_all
 .text.__wrap_putchar
                0x10003fd4       0x98 CMakeFiles/mpu6500.dir/home/vagner/pico/pico-sdk/src/rp2_common/pico_stdio/stdio.c.o
                0x10003fd4                stdio_putchar
                0x10003fd4                __wrap_putchar
 .text.__wrap_puts
                0x1000406c       0x3c CMakeFiles/mpu6500.dir/home/vagner/pico/pico-sdk/src/rp2_common/pico_stdio/stdio.c.o
                0x1000406c                __wrap_puts
                0x1000406c                stdio_puts
 .text.__wrap_vprintf
                0x100040a8       0xd4 CMakeFiles/mpu6500.dir/home/vagner/pico/pico-sdk/src/rp2_common/pico_stdio/stdio.c.o
                0x100040a8                __wrap_vprintf
                0x100040a8                stdio_vprintf
 .text.__wrap_printf
                0x1000417c       0x18 CMakeFiles/mpu6500.dir/home/vagner/pico/pico-sdk/src/rp2_common/pico_stdio/stdio.c.o
                0x1000417c                stdio_printf
                0x1000417c                __wrap_printf
 .text.resetd_init
                0x10004194        0x4 CMakeFiles/mpu6500.dir/home/vagner/pico/pico-sdk/src/rp2_common/pico_stdio_usb/reset_interface.c.o
 .text.resetd_reset
                0x10004198        0xc CMakeFiles/mpu6500.dir/home/vagner/pico/pico-sdk/src/rp2_common/pico_stdio_usb/reset_interface.c.o
 .text.resetd_open
                0x100041a4       0x28 CMakeFiles/mpu6500.dir/home/vagner/pico/pico-sdk/src/rp2_common/pico_stdio_usb/reset_interface.c.o
 .text.resetd_xfer_cb
                0x100041cc        0x4 CMakeFiles/mpu6500.dir/home/vagner/pico/pico-sdk/src/rp2_common/pico_stdio_usb/reset_interface.c.o
 .text.resetd_control_xfer_cb
                0x100041d0       0x5c CMakeFiles/mpu6500.dir/home/vagner/pico/pico-sdk/src/rp2_common/pico_stdio_usb/reset_interface.c.o
 .text.tud_descriptor_bos_cb
                0x1000422c        0x8 CMakeFiles/mpu6500.dir/home/vagner/pico/pico-sdk/src/rp2_common/pico_stdio_usb/reset_interface.c.o
                0x1000422c                tud_descriptor_bos_cb
 .text.tud_vendor_control_xfer_cb
                0x10004234       0x34 CMakeFiles/mpu6500.dir/home/vagner/pico/pico-sdk/src/rp2_common/pico_stdio_usb/reset_interface.c.o
                0x10004234                tud_vendor_control_xfer_cb
 .text.usbd_app_driver_get_cb
                0x10004268        0xc CMakeFiles/mpu6500.dir/home/vagner/pico/pico-sdk/src/rp2_common/pico_stdio_usb/reset_interface.c.o
                0x10004268                usbd_app_driver_get_cb
 .text.tud_cdc_line_coding_cb
                0x10004274       0x2c CMakeFiles/mpu6500.dir/home/vagner/pico/pico-sdk/src/rp2_common/pico_stdio_usb/reset_interface.c.o
                0x10004274                tud_cdc_line_coding_cb
 .text.stdio_usb_set_chars_available_callback
                0x100042a0       0x14 CMakeFiles/mpu6500.dir/home/vagner/pico/pico-sdk/src/rp2_common/pico_stdio_usb/stdio_usb.c.o
                0x100042a0                stdio_usb_set_chars_available_callback
 .text.usb_irq  0x100042b4       0x10 CMakeFiles/mpu6500.dir/home/vagner/pico/pico-sdk/src/rp2_common/pico_stdio_usb/stdio_usb.c.o
 .text.timer_task
                0x100042c4       0x64 CMakeFiles/mpu6500.dir/home/vagner/pico/pico-sdk/src/rp2_common/pico_stdio_usb/stdio_usb.c.o
 .text.stdio_usb_in_chars
                0x10004328       0x90 CMakeFiles/mpu6500.dir/home/vagner/pico/pico-sdk/src/rp2_common/pico_stdio_usb/stdio_usb.c.o
                0x10004328                stdio_usb_in_chars
 .text.stdio_usb_out_flush
                0x100043b8       0x50 CMakeFiles/mpu6500.dir/home/vagner/pico/pico-sdk/src/rp2_common/pico_stdio_usb/stdio_usb.c.o
 .text.stdio_usb_out_chars
                0x10004408      0x104 CMakeFiles/mpu6500.dir/home/vagner/pico/pico-sdk/src/rp2_common/pico_stdio_usb/stdio_usb.c.o
 .text.low_priority_worker_irq
                0x1000450c       0xcc CMakeFiles/mpu6500.dir/home/vagner/pico/pico-sdk/src/rp2_common/pico_stdio_usb/stdio_usb.c.o
 .text.stdio_usb_init
                0x100045d8       0xe8 CMakeFiles/mpu6500.dir/home/vagner/pico/pico-sdk/src/rp2_common/pico_stdio_usb/stdio_usb.c.o
                0x100045d8                stdio_usb_init
 .text.tud_descriptor_device_cb
                0x100046c0        0x8 CMakeFiles/mpu6500.dir/home/vagner/pico/pico-sdk/src/rp2_common/pico_stdio_usb/stdio_usb_descriptors.c.o
                0x100046c0                tud_descriptor_device_cb
 .text.tud_descriptor_configuration_cb
                0x100046c8        0x8 CMakeFiles/mpu6500.dir/home/vagner/pico/pico-sdk/src/rp2_common/pico_stdio_usb/stdio_usb_descriptors.c.o
                0x100046c8                tud_descriptor_configuration_cb
 .text.tud_descriptor_string_cb
                0x100046d0       0x78 CMakeFiles/mpu6500.dir/home/vagner/pico/pico-sdk/src/rp2_common/pico_stdio_usb/stdio_usb_descriptors.c.o
                0x100046d0                tud_descriptor_string_cb
 .text.startup._retrieve_unique_id_on_boot
                0x10004748       0x10 CMakeFiles/mpu6500.dir/home/vagner/pico/pico-sdk/src/rp2_common/pico_unique_id/unique_id.c.o
 .text.pico_get_unique_board_id_string
                0x10004758      0x1a8 CMakeFiles/mpu6500.dir/home/vagner/pico/pico-sdk/src/rp2_common/pico_unique_id/unique_id.c.o
                0x10004758                pico_get_unique_board_id_string
 .text.flash_get_unique_id
                0x10004900       0x3c CMakeFiles/mpu6500.dir/home/vagner/pico/pico-sdk/src/rp2_common/hardware_flash/flash.c.o
                0x10004900                flash_get_unique_id
 .text.dcd_init
                0x1000493c       0x8c CMakeFiles/mpu6500.dir/home/vagner/pico/pico-sdk/lib/tinyusb/src/portable/raspberrypi/rp2040/dcd_rp2040.c.o
                0x1000493c                dcd_init
 .text.dcd_int_enable
                0x100049c8        0xc CMakeFiles/mpu6500.dir/home/vagner/pico/pico-sdk/lib/tinyusb/src/portable/raspberrypi/rp2040/dcd_rp2040.c.o
                0x100049c8                dcd_int_enable
 .text.dcd_set_address
                0x100049d4       0x14 CMakeFiles/mpu6500.dir/home/vagner/pico/pico-sdk/lib/tinyusb/src/portable/raspberrypi/rp2040/dcd_rp2040.c.o
                0x100049d4                dcd_set_address
 .text.dcd_sof_enable
                0x100049e8       0x1c CMakeFiles/mpu6500.dir/home/vagner/pico/pico-sdk/lib/tinyusb/src/portable/raspberrypi/rp2040/dcd_rp2040.c.o
                0x100049e8                dcd_sof_enable
 .text.dcd_edpt0_status_complete
                0x10004a04       0x1c CMakeFiles/mpu6500.dir/home/vagner/pico/pico-sdk/lib/tinyusb/src/portable/raspberrypi/rp2040/dcd_rp2040.c.o
                0x10004a04                dcd_edpt0_status_complete
 .text.dcd_edpt_open
                0x10004a20      0x108 CMakeFiles/mpu6500.dir/home/vagner/pico/pico-sdk/lib/tinyusb/src/portable/raspberrypi/rp2040/dcd_rp2040.c.o
                0x10004a20                dcd_edpt_open
 .text.dcd_edpt_close_all
                0x10004b28        0x8 CMakeFiles/mpu6500.dir/home/vagner/pico/pico-sdk/lib/tinyusb/src/portable/raspberrypi/rp2040/dcd_rp2040.c.o
                0x10004b28                dcd_edpt_close_all
 .text.dcd_edpt_xfer
                0x10004b30       0x24 CMakeFiles/mpu6500.dir/home/vagner/pico/pico-sdk/lib/tinyusb/src/portable/raspberrypi/rp2040/dcd_rp2040.c.o
                0x10004b30                dcd_edpt_xfer
 .text.dcd_edpt_stall
                0x10004b54       0x34 CMakeFiles/mpu6500.dir/home/vagner/pico/pico-sdk/lib/tinyusb/src/portable/raspberrypi/rp2040/dcd_rp2040.c.o
                0x10004b54                dcd_edpt_stall
 .text.dcd_edpt_clear_stall
                0x10004b88       0x30 CMakeFiles/mpu6500.dir/home/vagner/pico/pico-sdk/lib/tinyusb/src/portable/raspberrypi/rp2040/dcd_rp2040.c.o
                0x10004b88                dcd_edpt_clear_stall
 .text.rp2040_usb_init
                0x10004bb8       0x40 CMakeFiles/mpu6500.dir/home/vagner/pico/pico-sdk/lib/tinyusb/src/portable/raspberrypi/rp2040/rp2040_usb.c.o
                0x10004bb8                rp2040_usb_init
 .text.hw_endpoint_xfer_start
                0x10004bf8       0x40 CMakeFiles/mpu6500.dir/home/vagner/pico/pico-sdk/lib/tinyusb/src/portable/raspberrypi/rp2040/rp2040_usb.c.o
                0x10004bf8                hw_endpoint_xfer_start
 .text.tud_event_hook_cb
                0x10004c38        0x4 CMakeFiles/mpu6500.dir/home/vagner/pico/pico-sdk/lib/tinyusb/src/device/usbd.c.o
                0x10004c38                tud_event_hook_cb
 .text.tud_sof_cb
                0x10004c3c        0x4 CMakeFiles/mpu6500.dir/home/vagner/pico/pico-sdk/lib/tinyusb/src/device/usbd.c.o
                0x10004c3c                tud_sof_cb
 .text.tud_descriptor_device_qualifier_cb
                0x10004c40        0x4 CMakeFiles/mpu6500.dir/home/vagner/pico/pico-sdk/lib/tinyusb/src/device/usbd.c.o
                0x10004c40                tud_descriptor_device_qualifier_cb
 .text.tud_descriptor_other_speed_configuration_cb
                0x10004c44        0x4 CMakeFiles/mpu6500.dir/home/vagner/pico/pico-sdk/lib/tinyusb/src/device/usbd.c.o
                0x10004c44                tud_descriptor_other_speed_configuration_cb
 .text.tud_mount_cb
                0x10004c48        0x4 CMakeFiles/mpu6500.dir/home/vagner/pico/pico-sdk/lib/tinyusb/src/device/usbd.c.o
                0x10004c48                tud_mount_cb
 .text.tud_umount_cb
                0x10004c4c        0x4 CMakeFiles/mpu6500.dir/home/vagner/pico/pico-sdk/lib/tinyusb/src/device/usbd.c.o
                0x10004c4c                tud_umount_cb
 .text.tud_suspend_cb
                0x10004c50        0x4 CMakeFiles/mpu6500.dir/home/vagner/pico/pico-sdk/lib/tinyusb/src/device/usbd.c.o
                0x10004c50                tud_suspend_cb
 .text.tud_resume_cb
                0x10004c54        0x4 CMakeFiles/mpu6500.dir/home/vagner/pico/pico-sdk/lib/tinyusb/src/device/usbd.c.o
                0x10004c54                tud_resume_cb
 .text.tud_mounted
                0x10004c58       0x10 CMakeFiles/mpu6500.dir/home/vagner/pico/pico-sdk/lib/tinyusb/src/device/usbd.c.o
                0x10004c58                tud_mounted
 .text.tud_suspended
                0x10004c68       0x10 CMakeFiles/mpu6500.dir/home/vagner/pico/pico-sdk/lib/tinyusb/src/device/usbd.c.o
                0x10004c68                tud_suspended
 .text.tud_init
                0x10004c78       0xe4 CMakeFiles/mpu6500.dir/home/vagner/pico/pico-sdk/lib/tinyusb/src/device/usbd.c.o
                0x10004c78                tud_init
 .text.tud_task_ext
                0x10004d5c      0x800 CMakeFiles/mpu6500.dir/home/vagner/pico/pico-sdk/lib/tinyusb/src/device/usbd.c.o
                0x10004d5c                tud_task_ext
 .text.usbd_open_edpt_pair
                0x1000555c       0x9c CMakeFiles/mpu6500.dir/home/vagner/pico/pico-sdk/lib/tinyusb/src/device/usbd.c.o
                0x1000555c                usbd_open_edpt_pair
 .text.usbd_edpt_open
                0x100055f8       0x34 CMakeFiles/mpu6500.dir/home/vagner/pico/pico-sdk/lib/tinyusb/src/device/usbd.c.o
                0x100055f8                usbd_edpt_open
 .text.usbd_edpt_claim
                0x1000562c       0x28 CMakeFiles/mpu6500.dir/home/vagner/pico/pico-sdk/lib/tinyusb/src/device/usbd.c.o
                0x1000562c                usbd_edpt_claim
 .text.usbd_edpt_release
                0x10005654       0x28 CMakeFiles/mpu6500.dir/home/vagner/pico/pico-sdk/lib/tinyusb/src/device/usbd.c.o
                0x10005654                usbd_edpt_release
 .text.usbd_edpt_xfer
                0x1000567c       0x4c CMakeFiles/mpu6500.dir/home/vagner/pico/pico-sdk/lib/tinyusb/src/device/usbd.c.o
                0x1000567c                usbd_edpt_xfer
 .text.tud_control_status
                0x100056c8       0x2c CMakeFiles/mpu6500.dir/home/vagner/pico/pico-sdk/lib/tinyusb/src/device/usbd_control.c.o
                0x100056c8                tud_control_status
 .text.tud_control_xfer
                0x100056f4       0xac CMakeFiles/mpu6500.dir/home/vagner/pico/pico-sdk/lib/tinyusb/src/device/usbd_control.c.o
                0x100056f4                tud_control_xfer
 .text.usbd_control_reset
                0x100057a0       0x14 CMakeFiles/mpu6500.dir/home/vagner/pico/pico-sdk/lib/tinyusb/src/device/usbd_control.c.o
                0x100057a0                usbd_control_reset
 .text.usbd_control_set_complete_callback
                0x100057b4        0xc CMakeFiles/mpu6500.dir/home/vagner/pico/pico-sdk/lib/tinyusb/src/device/usbd_control.c.o
                0x100057b4                usbd_control_set_complete_callback
 .text.usbd_control_set_request
                0x100057c0       0x1c CMakeFiles/mpu6500.dir/home/vagner/pico/pico-sdk/lib/tinyusb/src/device/usbd_control.c.o
                0x100057c0                usbd_control_set_request
 .text.usbd_control_xfer_cb
                0x100057dc       0xec CMakeFiles/mpu6500.dir/home/vagner/pico/pico-sdk/lib/tinyusb/src/device/usbd_control.c.o
                0x100057dc                usbd_control_xfer_cb
 .text._prep_out_transaction.isra.0
                0x100058c8       0x5c CMakeFiles/mpu6500.dir/home/vagner/pico/pico-sdk/lib/tinyusb/src/class/cdc/cdc_device.c.o
 .text.tud_cdc_n_connected
                0x10005924       0x30 CMakeFiles/mpu6500.dir/home/vagner/pico/pico-sdk/lib/tinyusb/src/class/cdc/cdc_device.c.o
                0x10005924                tud_cdc_n_connected
 .text.tud_cdc_n_available
                0x10005954       0x18 CMakeFiles/mpu6500.dir/home/vagner/pico/pico-sdk/lib/tinyusb/src/class/cdc/cdc_device.c.o
                0x10005954                tud_cdc_n_available
 .text.tud_cdc_n_read
                0x1000596c       0x98 CMakeFiles/mpu6500.dir/home/vagner/pico/pico-sdk/lib/tinyusb/src/class/cdc/cdc_device.c.o
                0x1000596c                tud_cdc_n_read
 .text.tud_cdc_n_write_flush
                0x10005a04       0x78 CMakeFiles/mpu6500.dir/home/vagner/pico/pico-sdk/lib/tinyusb/src/class/cdc/cdc_device.c.o
                0x10005a04                tud_cdc_n_write_flush
 .text.tud_cdc_n_write
                0x10005a7c       0x40 CMakeFiles/mpu6500.dir/home/vagner/pico/pico-sdk/lib/tinyusb/src/class/cdc/cdc_device.c.o
                0x10005a7c                tud_cdc_n_write
 .text.tud_cdc_n_write_available
                0x10005abc       0x18 CMakeFiles/mpu6500.dir/home/vagner/pico/pico-sdk/lib/tinyusb/src/class/cdc/cdc_device.c.o
                0x10005abc                tud_cdc_n_write_available
 .text.cdcd_init
                0x10005ad4       0x7c CMakeFiles/mpu6500.dir/home/vagner/pico/pico-sdk/lib/tinyusb/src/class/cdc/cdc_device.c.o
                0x10005ad4                cdcd_init
 .text.cdcd_deinit
                0x10005b50       0x34 CMakeFiles/mpu6500.dir/home/vagner/pico/pico-sdk/lib/tinyusb/src/class/cdc/cdc_device.c.o
                0x10005b50                cdcd_deinit
 .text.cdcd_reset
                0x10005b84       0x4c CMakeFiles/mpu6500.dir/home/vagner/pico/pico-sdk/lib/tinyusb/src/class/cdc/cdc_device.c.o
                0x10005b84                cdcd_reset
 .text.cdcd_open
                0x10005bd0       0xb0 CMakeFiles/mpu6500.dir/home/vagner/pico/pico-sdk/lib/tinyusb/src/class/cdc/cdc_device.c.o
                0x10005bd0                cdcd_open
 .text.cdcd_control_xfer_cb
                0x10005c80       0xe4 CMakeFiles/mpu6500.dir/home/vagner/pico/pico-sdk/lib/tinyusb/src/class/cdc/cdc_device.c.o
                0x10005c80                cdcd_control_xfer_cb
 .text.cdcd_xfer_cb
                0x10005d64      0x100 CMakeFiles/mpu6500.dir/home/vagner/pico/pico-sdk/lib/tinyusb/src/class/cdc/cdc_device.c.o
                0x10005d64                cdcd_xfer_cb
 .text.vendord_init
                0x10005e64       0x5c CMakeFiles/mpu6500.dir/home/vagner/pico/pico-sdk/lib/tinyusb/src/class/vendor/vendor_device.c.o
                0x10005e64                vendord_init
 .text.vendord_deinit
                0x10005ec0       0x1c CMakeFiles/mpu6500.dir/home/vagner/pico/pico-sdk/lib/tinyusb/src/class/vendor/vendor_device.c.o
                0x10005ec0                vendord_deinit
 .text.vendord_reset
                0x10005edc       0x20 CMakeFiles/mpu6500.dir/home/vagner/pico/pico-sdk/lib/tinyusb/src/class/vendor/vendor_device.c.o
                0x10005edc                vendord_reset
 .text.vendord_open
                0x10005efc      0x138 CMakeFiles/mpu6500.dir/home/vagner/pico/pico-sdk/lib/tinyusb/src/class/vendor/vendor_device.c.o
                0x10005efc                vendord_open
 .text.vendord_xfer_cb
                0x10006034       0x9c CMakeFiles/mpu6500.dir/home/vagner/pico/pico-sdk/lib/tinyusb/src/class/vendor/vendor_device.c.o
                0x10006034                vendord_xfer_cb
 .text.tusb_init
                0x100060d0        0xc CMakeFiles/mpu6500.dir/home/vagner/pico/pico-sdk/lib/tinyusb/src/tusb.c.o
                0x100060d0                tusb_init
 .text.tu_edpt_claim
                0x100060dc       0x50 CMakeFiles/mpu6500.dir/home/vagner/pico/pico-sdk/lib/tinyusb/src/tusb.c.o
                0x100060dc                tu_edpt_claim
 .text.tu_edpt_release
                0x1000612c       0x38 CMakeFiles/mpu6500.dir/home/vagner/pico/pico-sdk/lib/tinyusb/src/tusb.c.o
                0x1000612c                tu_edpt_release
 .text.tu_edpt_validate
                0x10006164       0x7c CMakeFiles/mpu6500.dir/home/vagner/pico/pico-sdk/lib/tinyusb/src/tusb.c.o
                0x10006164                tu_edpt_validate
 .text.tu_edpt_bind_driver
                0x100061e0       0x34 CMakeFiles/mpu6500.dir/home/vagner/pico/pico-sdk/lib/tinyusb/src/tusb.c.o
                0x100061e0                tu_edpt_bind_driver
 .text.tu_edpt_stream_init
                0x10006214       0x6c CMakeFiles/mpu6500.dir/home/vagner/pico/pico-sdk/lib/tinyusb/src/tusb.c.o
                0x10006214                tu_edpt_stream_init
 .text.tu_edpt_stream_deinit
                0x10006280        0x4 CMakeFiles/mpu6500.dir/home/vagner/pico/pico-sdk/lib/tinyusb/src/tusb.c.o
                0x10006280                tu_edpt_stream_deinit
 .text.tu_edpt_stream_write_zlp_if_needed
                0x10006284       0x68 CMakeFiles/mpu6500.dir/home/vagner/pico/pico-sdk/lib/tinyusb/src/tusb.c.o
                0x10006284                tu_edpt_stream_write_zlp_if_needed
 .text.tu_edpt_stream_write_xfer
                0x100062ec       0x64 CMakeFiles/mpu6500.dir/home/vagner/pico/pico-sdk/lib/tinyusb/src/tusb.c.o
                0x100062ec                tu_edpt_stream_write_xfer
 .text.tu_edpt_stream_read_xfer
                0x10006350       0xdc CMakeFiles/mpu6500.dir/home/vagner/pico/pico-sdk/lib/tinyusb/src/tusb.c.o
                0x10006350                tu_edpt_stream_read_xfer
 .text.tu_fifo_config
                0x1000642c       0x6c CMakeFiles/mpu6500.dir/home/vagner/pico/pico-sdk/lib/tinyusb/src/common/tusb_fifo.c.o
                0x1000642c                tu_fifo_config
 .text.tu_fifo_count
                0x10006498       0x2c CMakeFiles/mpu6500.dir/home/vagner/pico/pico-sdk/lib/tinyusb/src/common/tusb_fifo.c.o
                0x10006498                tu_fifo_count
 .text.tu_fifo_empty
                0x100064c4       0x10 CMakeFiles/mpu6500.dir/home/vagner/pico/pico-sdk/lib/tinyusb/src/common/tusb_fifo.c.o
                0x100064c4                tu_fifo_empty
 .text.tu_fifo_remaining
                0x100064d4       0x2c CMakeFiles/mpu6500.dir/home/vagner/pico/pico-sdk/lib/tinyusb/src/common/tusb_fifo.c.o
                0x100064d4                tu_fifo_remaining
 .text.tu_fifo_read
                0x10006500       0x9c CMakeFiles/mpu6500.dir/home/vagner/pico/pico-sdk/lib/tinyusb/src/common/tusb_fifo.c.o
                0x10006500                tu_fifo_read
 .text.tu_fifo_read_n
                0x1000659c       0xe8 CMakeFiles/mpu6500.dir/home/vagner/pico/pico-sdk/lib/tinyusb/src/common/tusb_fifo.c.o
                0x1000659c                tu_fifo_read_n
 .text.tu_fifo_write
                0x10006684       0xa8 CMakeFiles/mpu6500.dir/home/vagner/pico/pico-sdk/lib/tinyusb/src/common/tusb_fifo.c.o
                0x10006684                tu_fifo_write
 .text.tu_fifo_write_n
                0x1000672c      0x178 CMakeFiles/mpu6500.dir/home/vagner/pico/pico-sdk/lib/tinyusb/src/common/tusb_fifo.c.o
                0x1000672c                tu_fifo_write_n
 .text.tu_fifo_clear
                0x100068a4       0x40 CMakeFiles/mpu6500.dir/home/vagner/pico/pico-sdk/lib/tinyusb/src/common/tusb_fifo.c.o
                0x100068a4                tu_fifo_clear
 .text.tu_fifo_set_overwritable
                0x100068e4       0x48 CMakeFiles/mpu6500.dir/home/vagner/pico/pico-sdk/lib/tinyusb/src/common/tusb_fifo.c.o
                0x100068e4                tu_fifo_set_overwritable
 .text.i2c_read_blocking_internal.constprop.0
                0x1000692c       0x98 CMakeFiles/mpu6500.dir/home/vagner/pico/pico-sdk/src/rp2_common/hardware_i2c/i2c.c.o
 .text.i2c_write_blocking_internal.constprop.0
                0x100069c4       0xd0 CMakeFiles/mpu6500.dir/home/vagner/pico/pico-sdk/src/rp2_common/hardware_i2c/i2c.c.o
 .text.i2c_set_baudrate
                0x10006a94       0xc0 CMakeFiles/mpu6500.dir/home/vagner/pico/pico-sdk/src/rp2_common/hardware_i2c/i2c.c.o
                0x10006a94                i2c_set_baudrate
 .text.i2c_init
                0x10006b54       0x50 CMakeFiles/mpu6500.dir/home/vagner/pico/pico-sdk/src/rp2_common/hardware_i2c/i2c.c.o
                0x10006b54                i2c_init
 .text.i2c_write_blocking
                0x10006ba4       0x14 CMakeFiles/mpu6500.dir/home/vagner/pico/pico-sdk/src/rp2_common/hardware_i2c/i2c.c.o
                0x10006ba4                i2c_write_blocking
 .text.i2c_read_blocking
                0x10006bb8       0x14 CMakeFiles/mpu6500.dir/home/vagner/pico/pico-sdk/src/rp2_common/hardware_i2c/i2c.c.o
                0x10006bb8                i2c_read_blocking
 .text          0x10006bcc       0x10 /usr/lib/gcc/arm-none-eabi/13.2.1/../../../arm-none-eabi/lib/thumb/v6-m/nofp/libg.a(libc_a-atexit.o)
                0x10006bcc                atexit
 .text          0x10006bdc       0x5c /usr/lib/gcc/arm-none-eabi/13.2.1/../../../arm-none-eabi/lib/thumb/v6-m/nofp/libg.a(libc_a-strlen-stub.o)
                0x10006bdc                strlen
 .text          0x10006c38       0x28 /usr/lib/gcc/arm-none-eabi/13.2.1/../../../arm-none-eabi/lib/thumb/v6-m/nofp/libg.a(libc_a-fini.o)
                0x10006c38                __libc_fini_array
 .text          0x10006c60       0x78 /usr/lib/gcc/arm-none-eabi/13.2.1/../../../arm-none-eabi/lib/thumb/v6-m/nofp/libg.a(libc_a-__atexit.o)
                0x10006c60                __register_exitproc
 .text.startup  0x10006cd8       0x18 /usr/lib/gcc/arm-none-eabi/13.2.1/../../../arm-none-eabi/lib/thumb/v6-m/nofp/libg.a(libc_a-__call_atexit.o)
 *(.fini)
 .fini          0x10006cf0        0x4 /usr/lib/gcc/arm-none-eabi/13.2.1/thumb/v6-m/nofp/crti.o
                0x10006cf0                _fini
 *fill*         0x10006cf4        0x4 
 .fini.__stub   0x10006cf8       0xc0 linker stubs
 *crtbegin.o(.ctors)
 *crtbegin?.o(.ctors)
 *(EXCLUDE_FILE(*crtend.o *crtend?.o) .ctors)
 *(SORT_BY_NAME(.ctors.*))
 *(.ctors)
 *crtbegin.o(.dtors)
 *crtbegin?.o(.dtors)
 *(EXCLUDE_FILE(*crtend.o *crtend?.o) .dtors)
 *(SORT_BY_NAME(.dtors.*))
 *(.dtors)
                0x10006db8                        . = ALIGN (0x4)
                0x10006db8                        PROVIDE (__preinit_array_start = .)
 *(SORT_BY_NAME(.preinit_array.*))
 .preinit_array.00100
                0x10006db8        0x4 CMakeFiles/mpu6500.dir/home/vagner/pico/pico-sdk/src/rp2_common/pico_runtime_init/runtime_init.c.o
                0x10006db8                __pre_init_runtime_init_early_resets
 .preinit_array.00101
                0x10006dbc        0x4 CMakeFiles/mpu6500.dir/home/vagner/pico/pico-sdk/src/rp2_common/pico_runtime_init/runtime_init.c.o
                0x10006dbc                __pre_init_runtime_init_usb_power_down
 .preinit_array.00275
                0x10006dc0        0x4 CMakeFiles/mpu6500.dir/home/vagner/pico/pico-sdk/src/rp2_common/pico_bit_ops/bit_ops_aeabi.S.o
 .preinit_array.00300
                0x10006dc4        0x4 CMakeFiles/mpu6500.dir/home/vagner/pico/pico-sdk/src/rp2_common/pico_mem_ops/mem_ops_aeabi.S.o
 .preinit_array.00350
                0x10006dc8        0x4 CMakeFiles/mpu6500.dir/home/vagner/pico/pico-sdk/src/rp2_common/pico_double/double_aeabi_rp2040.S.o
 .preinit_array.00350
                0x10006dcc        0x4 CMakeFiles/mpu6500.dir/home/vagner/pico/pico-sdk/src/rp2_common/pico_float/float_aeabi_rp2040.S.o
 .preinit_array.00500
                0x10006dd0        0x4 CMakeFiles/mpu6500.dir/home/vagner/pico/pico-sdk/src/rp2_common/pico_runtime_init/runtime_init.c.o
                0x10006dd0                __pre_init_runtime_init_clocks
 .preinit_array.00600
                0x10006dd4        0x4 CMakeFiles/mpu6500.dir/home/vagner/pico/pico-sdk/src/rp2_common/pico_runtime_init/runtime_init.c.o
                0x10006dd4                __pre_init_runtime_init_post_clock_resets
 .preinit_array.00700
                0x10006dd8        0x4 CMakeFiles/mpu6500.dir/home/vagner/pico/pico-sdk/src/rp2_common/pico_runtime_init/runtime_init.c.o
                0x10006dd8                __pre_init_runtime_init_rp2040_gpio_ie_disable
 .preinit_array.01000
                0x10006ddc        0x4 CMakeFiles/mpu6500.dir/home/vagner/pico/pico-sdk/src/rp2_common/pico_runtime_init/runtime_init.c.o
                0x10006ddc                __pre_init_runtime_init_spin_locks_reset
 .preinit_array.01100
                0x10006de0        0x4 CMakeFiles/mpu6500.dir/home/vagner/pico/pico-sdk/src/common/pico_sync/mutex.c.o
                0x10006de0                __pre_init_runtime_init_mutex
 .preinit_array.10080
                0x10006de4        0x4 CMakeFiles/mpu6500.dir/home/vagner/pico/pico-sdk/src/rp2_common/pico_runtime_init/runtime_init.c.o
                0x10006de4                __pre_init_runtime_init_install_ram_vector_table
 .preinit_array.11000
                0x10006de8        0x4 CMakeFiles/mpu6500.dir/home/vagner/pico/pico-sdk/src/common/pico_time/time.c.o
                0x10006de8                __pre_init_runtime_init_default_alarm_pool
 .preinit_array.YYYYY
                0x10006dec        0x4 CMakeFiles/mpu6500.dir/home/vagner/pico/pico-sdk/src/rp2_common/pico_runtime/runtime.c.o
                0x10006dec                __pre_init_first_per_core_initializer
 .preinit_array.ZZZZZ.01200
                0x10006df0        0x4 CMakeFiles/mpu6500.dir/home/vagner/pico/pico-sdk/src/rp2_common/hardware_irq/irq.c.o
                0x10006df0                __pre_init_runtime_init_per_core_irq_priorities
 *(.preinit_array)
                0x10006df4                        PROVIDE (__preinit_array_end = .)
                0x10006df4                        . = ALIGN (0x4)
                0x10006df4                        PROVIDE (__init_array_start = .)
 *(SORT_BY_NAME(.init_array.*))
 .init_array.00000
                0x10006df4        0x4 /usr/lib/gcc/arm-none-eabi/13.2.1/../../../arm-none-eabi/lib/thumb/v6-m/nofp/libg.a(libc_a-__call_atexit.o)
 *(.init_array)
 .init_array    0x10006df8        0x4 /usr/lib/gcc/arm-none-eabi/13.2.1/thumb/v6-m/nofp/crtbegin.o
 .init_array    0x10006dfc        0x4 CMakeFiles/mpu6500.dir/home/vagner/pico/pico-sdk/src/rp2_common/pico_unique_id/unique_id.c.o
                0x10006e00                        PROVIDE (__init_array_end = .)
                0x10006e00                        . = ALIGN (0x4)
                0x10006e00                        PROVIDE (__fini_array_start = .)
 *(SORT_BY_NAME(.fini_array.*))
 *(.fini_array)
                0x10006e00                        PROVIDE (__fini_array_end = .)
 *(.eh_frame*)
 .eh_frame      0x10006e00        0x0 /usr/lib/gcc/arm-none-eabi/13.2.1/thumb/v6-m/nofp/crtbegin.o
                0x10006e00                        . = ALIGN (0x4)

.glue_7         0x10006e00        0x0
 .glue_7        0x10006e00        0x0 linker stubs

.glue_7t        0x10006e00        0x0
 .glue_7t       0x10006e00        0x0 linker stubs

.vfp11_veneer   0x10006e00        0x0
 .vfp11_veneer  0x10006e00        0x0 linker stubs

.v4_bx          0x10006e00        0x0
 .v4_bx         0x10006e00        0x0 linker stubs

.iplt           0x10006e00        0x0
 .iplt          0x10006e00        0x0 /usr/lib/gcc/arm-none-eabi/13.2.1/thumb/v6-m/nofp/crtbegin.o

.rodata         0x10006e00      0x674
 *(EXCLUDE_FILE(*libm.a: *libc.a:*lib_a-mem*.o *libgcc.a:) .rodata*)
 .rodata.main.str1.4
                0x10006e00      0x1c4 CMakeFiles/mpu6500.dir/src/main.c.o
                                 0x51 (size before relaxing)
 .rodata.__bi_75.0
                0x10006fc4        0x8 CMakeFiles/mpu6500.dir/src/main.c.o
 .rodata.panic.str1.4
                0x10006fcc       0x12 CMakeFiles/mpu6500.dir/home/vagner/pico/pico-sdk/src/rp2_common/pico_platform_panic/panic.c.o
 .rodata.spin_lock_claim_unused.str1.4
                0x10006fcc       0x1b CMakeFiles/mpu6500.dir/home/vagner/pico/pico-sdk/src/rp2_common/hardware_sync/sync.c.o
 .rodata.user_irq_claim_unused.str1.4
                0x10006fcc       0x1b CMakeFiles/mpu6500.dir/home/vagner/pico/pico-sdk/src/rp2_common/hardware_irq/irq.c.o
 .rodata.timer_hardware_alarm_claim.str1.4
                0x10006fcc       0x22 CMakeFiles/mpu6500.dir/home/vagner/pico/pico-sdk/src/rp2_common/hardware_timer/timer.c.o
 .rodata.hard_assertion_failure.str1.4
                0x10006fcc        0xc CMakeFiles/mpu6500.dir/home/vagner/pico/pico-sdk/src/rp2_common/pico_runtime/runtime.c.o
 .rodata.str1.4
                0x10006fcc       0x3c CMakeFiles/mpu6500.dir/home/vagner/pico/pico-sdk/src/rp2_common/pico_standard_binary_info/standard_binary_info.c.o
 .rodata.__bi_84
                0x10006fcc        0xc CMakeFiles/mpu6500.dir/home/vagner/pico/pico-sdk/src/rp2_common/pico_standard_binary_info/standard_binary_info.c.o
 .rodata.__bi_78
                0x10006fd8        0xc CMakeFiles/mpu6500.dir/home/vagner/pico/pico-sdk/src/rp2_common/pico_standard_binary_info/standard_binary_info.c.o
 .rodata.__bi_54
                0x10006fe4        0xc CMakeFiles/mpu6500.dir/home/vagner/pico/pico-sdk/src/rp2_common/pico_standard_binary_info/standard_binary_info.c.o
 .rodata.__bi_48
                0x10006ff0        0xc CMakeFiles/mpu6500.dir/home/vagner/pico/pico-sdk/src/rp2_common/pico_standard_binary_info/standard_binary_info.c.o
 .rodata.__bi_42
                0x10006ffc        0xc CMakeFiles/mpu6500.dir/home/vagner/pico/pico-sdk/src/rp2_common/pico_standard_binary_info/standard_binary_info.c.o
 .rodata.__bi_34
                0x10007008        0xc CMakeFiles/mpu6500.dir/home/vagner/pico/pico-sdk/src/rp2_common/pico_standard_binary_info/standard_binary_info.c.o
 .rodata.__bi_26
                0x10007014        0xc CMakeFiles/mpu6500.dir/home/vagner/pico/pico-sdk/src/rp2_common/pico_standard_binary_info/standard_binary_info.c.o
 .rodata._ftoa.str1.4
                0x10007020       0x15 CMakeFiles/mpu6500.dir/home/vagner/pico/pico-sdk/src/rp2_common/pico_printf/printf.c.o
 .rodata._vsnprintf
                0x10007020      0x19c CMakeFiles/mpu6500.dir/home/vagner/pico/pico-sdk/src/rp2_common/pico_printf/printf.c.o
 *fill*         0x100071bc        0x4 
 .rodata.pow10.0
                0x100071c0       0x50 CMakeFiles/mpu6500.dir/home/vagner/pico/pico-sdk/src/rp2_common/pico_printf/printf.c.o
 .rodata.crlf_str.0
                0x10007210        0x2 CMakeFiles/mpu6500.dir/home/vagner/pico/pico-sdk/src/rp2_common/pico_stdio/stdio.c.o
 *fill*         0x10007212        0x2 
 .rodata._resetd_driver
                0x10007214       0x20 CMakeFiles/mpu6500.dir/home/vagner/pico/pico-sdk/src/rp2_common/pico_stdio_usb/reset_interface.c.o
 .rodata.desc_ms_os_20
                0x10007234       0xa6 CMakeFiles/mpu6500.dir/home/vagner/pico/pico-sdk/src/rp2_common/pico_stdio_usb/reset_interface.c.o
 *fill*         0x100072da        0x2 
 .rodata.desc_bos
                0x100072dc       0x21 CMakeFiles/mpu6500.dir/home/vagner/pico/pico-sdk/src/rp2_common/pico_stdio_usb/reset_interface.c.o
                0x100072dc                desc_bos
 .rodata.str1.4
                0x100072fd       0x13 CMakeFiles/mpu6500.dir/home/vagner/pico/pico-sdk/src/rp2_common/pico_stdio_usb/stdio_usb.c.o
 *fill*         0x100072fd        0x3 
 .rodata.__bi_197.0
                0x10007300        0xc CMakeFiles/mpu6500.dir/home/vagner/pico/pico-sdk/src/rp2_common/pico_stdio_usb/stdio_usb.c.o
 .rodata.str1.4
                0x1000730c       0x2a CMakeFiles/mpu6500.dir/home/vagner/pico/pico-sdk/src/rp2_common/pico_stdio_usb/stdio_usb_descriptors.c.o
 .rodata.usbd_desc_str
                0x1000730c       0x18 CMakeFiles/mpu6500.dir/home/vagner/pico/pico-sdk/src/rp2_common/pico_stdio_usb/stdio_usb_descriptors.c.o
 .rodata.usbd_desc_cfg
                0x10007324       0x54 CMakeFiles/mpu6500.dir/home/vagner/pico/pico-sdk/src/rp2_common/pico_stdio_usb/stdio_usb_descriptors.c.o
 .rodata.usbd_desc_device
                0x10007378       0x12 CMakeFiles/mpu6500.dir/home/vagner/pico/pico-sdk/src/rp2_common/pico_stdio_usb/stdio_usb_descriptors.c.o
 .rodata.str1.4
                0x1000738a       0x14 CMakeFiles/mpu6500.dir/home/vagner/pico/pico-sdk/lib/tinyusb/src/portable/raspberrypi/rp2040/dcd_rp2040.c.o
 .rodata.str1.4
                0x1000738a       0x48 CMakeFiles/mpu6500.dir/home/vagner/pico/pico-sdk/lib/tinyusb/src/portable/raspberrypi/rp2040/rp2040_usb.c.o
 *fill*         0x1000738a        0x2 
 .rodata.tud_task_ext
                0x1000738c       0x8c CMakeFiles/mpu6500.dir/home/vagner/pico/pico-sdk/lib/tinyusb/src/device/usbd.c.o
 .rodata        0x10007418       0x1c CMakeFiles/mpu6500.dir/home/vagner/pico/pico-sdk/lib/tinyusb/src/device/usbd.c.o
 .rodata._usbd_driver
                0x10007434       0x40 CMakeFiles/mpu6500.dir/home/vagner/pico/pico-sdk/lib/tinyusb/src/device/usbd.c.o
                0x10007474                        . = ALIGN (0x4)
 *(SORT_BY_ALIGNMENT(SORT_BY_NAME(.flashdata*)))
                0x10007474                        . = ALIGN (0x4)

.ARM.extab
 *(.ARM.extab* .gnu.linkonce.armextab.*)
                0x10007474                        __exidx_start = .

.ARM.exidx
 *(.ARM.exidx* .gnu.linkonce.armexidx.*)
                0x10007474                        __exidx_end = .
                0x10007474                        . = ALIGN (0x4)
                0x10007474                        __binary_info_start = .

.binary_info    0x10007474       0x24
 *(.binary_info.keep.*)
 .binary_info.keep.__bi_ptr75
                0x10007474        0x4 CMakeFiles/mpu6500.dir/src/main.c.o
 .binary_info.keep.__bi_ptr84
                0x10007478        0x4 CMakeFiles/mpu6500.dir/home/vagner/pico/pico-sdk/src/rp2_common/pico_standard_binary_info/standard_binary_info.c.o
 .binary_info.keep.__bi_ptr78
                0x1000747c        0x4 CMakeFiles/mpu6500.dir/home/vagner/pico/pico-sdk/src/rp2_common/pico_standard_binary_info/standard_binary_info.c.o
 .binary_info.keep.__bi_ptr54
                0x10007480        0x4 CMakeFiles/mpu6500.dir/home/vagner/pico/pico-sdk/src/rp2_common/pico_standard_binary_info/standard_binary_info.c.o
 .binary_info.keep.__bi_ptr48
                0x10007484        0x4 CMakeFiles/mpu6500.dir/home/vagner/pico/pico-sdk/src/rp2_common/pico_standard_binary_info/standard_binary_info.c.o
 .binary_info.keep.__bi_ptr42
                0x10007488        0x4 CMakeFiles/mpu6500.dir/home/vagner/pico/pico-sdk/src/rp2_common/pico_standard_binary_info/standard_binary_info.c.o
 .binary_info.keep.__bi_ptr34
                0x1000748c        0x4 CMakeFiles/mpu6500.dir/home/vagner/pico/pico-sdk/src/rp2_common/pico_standard_binary_info/standard_binary_info.c.o
 .binary_info.keep.__bi_ptr26
                0x10007490        0x4 CMakeFiles/mpu6500.dir/home/vagner/pico/pico-sdk/src/rp2_common/pico_standard_binary_info/standard_binary_info.c.o
 *(.binary_info.*)
 .binary_info.__bi_ptr197
                0x10007494        0x4 CMakeFiles/mpu6500.dir/home/vagner/pico/pico-sdk/src/rp2_common/pico_stdio_usb/stdio_usb.c.o
                0x10007498                        __binary_info_end = .

.rel.dyn        0x10007498        0x0
 .rel.iplt      0x10007498        0x0 /usr/lib/gcc/arm-none-eabi/13.2.1/thumb/v6-m/nofp/crtbegin.o
                0x10007498                        . = ALIGN (0x4)

.ram_vector_table
                0x20000000       0xc0
 *(.ram_vector_table)
 .ram_vector_table
                0x20000000       0xc0 CMakeFiles/mpu6500.dir/home/vagner/pico/pico-sdk/src/rp2_common/pico_runtime_init/runtime_init.c.o
                0x20000000                ram_vector_table

.uninitialized_data
                0x200000c0        0x0
                0x200000c0                        . = ALIGN (0x4)
 *(.uninitialized_data*)

.data           0x200000c0      0xfa8 load address 0x10007498
                0x200000c0                        __data_start__ = .
 *(vtable)
 *(.time_critical*)
 .time_critical.mutex_try_enter
                0x200000c0       0x40 CMakeFiles/mpu6500.dir/home/vagner/pico/pico-sdk/src/common/pico_sync/mutex.c.o
                0x200000c0                mutex_try_enter
 .time_critical.mutex_try_enter_block_until
                0x20000100       0x9c CMakeFiles/mpu6500.dir/home/vagner/pico/pico-sdk/src/common/pico_sync/mutex.c.o
                0x20000100                mutex_try_enter_block_until
 .time_critical.mutex_enter_timeout_ms
                0x2000019c       0x90 CMakeFiles/mpu6500.dir/home/vagner/pico/pico-sdk/src/common/pico_sync/mutex.c.o
                0x2000019c                mutex_enter_timeout_ms
 .time_critical.mutex_exit
                0x2000022c       0x28 CMakeFiles/mpu6500.dir/home/vagner/pico/pico-sdk/src/common/pico_sync/mutex.c.o
                0x2000022c                mutex_exit
 .time_critical.flash_init_boot2_copyout
                0x20000254       0x30 CMakeFiles/mpu6500.dir/home/vagner/pico/pico-sdk/src/rp2_common/hardware_flash/flash.c.o
 .time_critical.flash_enable_xip_via_boot2
                0x20000284        0xc CMakeFiles/mpu6500.dir/home/vagner/pico/pico-sdk/src/rp2_common/hardware_flash/flash.c.o
 .time_critical.flash_cs_force
                0x20000290       0x38 CMakeFiles/mpu6500.dir/home/vagner/pico/pico-sdk/src/rp2_common/hardware_flash/flash.c.o
 .time_critical.flash_do_cmd
                0x200002c8       0xc0 CMakeFiles/mpu6500.dir/home/vagner/pico/pico-sdk/src/rp2_common/hardware_flash/flash.c.o
                0x200002c8                flash_do_cmd
 .time_critical.reset_non_control_endpoints
                0x20000388       0x68 CMakeFiles/mpu6500.dir/home/vagner/pico/pico-sdk/lib/tinyusb/src/portable/raspberrypi/rp2040/dcd_rp2040.c.o
 .time_critical.hw_handle_buff_status
                0x200003f0       0xb0 CMakeFiles/mpu6500.dir/home/vagner/pico/pico-sdk/lib/tinyusb/src/portable/raspberrypi/rp2040/dcd_rp2040.c.o
 .time_critical.dcd_rp2040_irq
                0x200004a0      0x578 CMakeFiles/mpu6500.dir/home/vagner/pico/pico-sdk/lib/tinyusb/src/portable/raspberrypi/rp2040/dcd_rp2040.c.o
 .time_critical.prepare_ep_buffer
                0x20000a18       0xe0 CMakeFiles/mpu6500.dir/home/vagner/pico/pico-sdk/lib/tinyusb/src/portable/raspberrypi/rp2040/rp2040_usb.c.o
 .time_critical.sync_ep_buffer
                0x20000af8       0xa8 CMakeFiles/mpu6500.dir/home/vagner/pico/pico-sdk/lib/tinyusb/src/portable/raspberrypi/rp2040/rp2040_usb.c.o
 .time_critical._hw_endpoint_xfer_sync
                0x20000ba0       0x28 CMakeFiles/mpu6500.dir/home/vagner/pico/pico-sdk/lib/tinyusb/src/portable/raspberrypi/rp2040/rp2040_usb.c.o
 .time_critical.e15_is_bulkin_ep
                0x20000bc8       0x28 CMakeFiles/mpu6500.dir/home/vagner/pico/pico-sdk/lib/tinyusb/src/portable/raspberrypi/rp2040/rp2040_usb.c.o
 .time_critical.e15_is_critical_frame_period
                0x20000bf0       0x34 CMakeFiles/mpu6500.dir/home/vagner/pico/pico-sdk/lib/tinyusb/src/portable/raspberrypi/rp2040/rp2040_usb.c.o
 .time_critical.hw_endpoint_reset_transfer
                0x20000c24        0xc CMakeFiles/mpu6500.dir/home/vagner/pico/pico-sdk/lib/tinyusb/src/portable/raspberrypi/rp2040/rp2040_usb.c.o
                0x20000c24                hw_endpoint_reset_transfer
 .time_critical._hw_endpoint_buffer_control_update32
                0x20000c30       0x50 CMakeFiles/mpu6500.dir/home/vagner/pico/pico-sdk/lib/tinyusb/src/portable/raspberrypi/rp2040/rp2040_usb.c.o
                0x20000c30                _hw_endpoint_buffer_control_update32
 .time_critical.hw_endpoint_start_next_buffer
                0x20000c80       0x6c CMakeFiles/mpu6500.dir/home/vagner/pico/pico-sdk/lib/tinyusb/src/portable/raspberrypi/rp2040/rp2040_usb.c.o
                0x20000c80                hw_endpoint_start_next_buffer
 .time_critical.hw_endpoint_xfer_continue
                0x20000cec       0x40 CMakeFiles/mpu6500.dir/home/vagner/pico/pico-sdk/lib/tinyusb/src/portable/raspberrypi/rp2040/rp2040_usb.c.o
                0x20000cec                hw_endpoint_xfer_continue
 .time_critical.tinyusb
                0x20000d2c      0x1e4 CMakeFiles/mpu6500.dir/home/vagner/pico/pico-sdk/lib/tinyusb/src/device/usbd.c.o
                0x20000d2c                dcd_event_handler
 *(.text*)
 .text          0x20000f10        0x4 /usr/lib/gcc/arm-none-eabi/13.2.1/thumb/v6-m/nofp/libgcc.a(_dvmd_tls.o)
                0x20000f10                __aeabi_ldiv0
                0x20000f10                __aeabi_idiv0
 *fill*         0x20000f14        0x4 
 .text.__stub   0x20000f18       0x80 linker stubs
                0x20000f98                        . = ALIGN (0x4)
 *(.rodata*)
                0x20000f98                        . = ALIGN (0x4)
 *(.data*)
 .data.striped_spin_lock_num
                0x20000f98        0x1 CMakeFiles/mpu6500.dir/home/vagner/pico/pico-sdk/src/rp2_common/hardware_sync/sync.c.o
 *fill*         0x20000f99        0x3 
 .data          0x20000f9c       0x48 CMakeFiles/mpu6500.dir/home/vagner/pico/pico-sdk/src/rp2_common/hardware_irq/irq_handler_chain.S.o
                0x20000f9c                irq_handler_chain_slots
                0x20000fcc                irq_handler_chain_first_slot
                0x20000fd6                irq_handler_chain_remove_tail
 .data.default_alarm_pool
                0x20000fe4       0x18 CMakeFiles/mpu6500.dir/home/vagner/pico/pico-sdk/src/common/pico_time/time.c.o
 *fill*         0x20000ffc        0x4 
 .data.aeabi_bits_funcs
                0x20001000       0x10 CMakeFiles/mpu6500.dir/home/vagner/pico/pico-sdk/src/rp2_common/pico_bit_ops/bit_ops_aeabi.S.o
                0x20001000                aeabi_bits_funcs
                0x20001010                aeabi_bits_funcs_end
 .data.aeabi_mem_funcs
                0x20001010       0x10 CMakeFiles/mpu6500.dir/home/vagner/pico/pico-sdk/src/rp2_common/pico_mem_ops/mem_ops_aeabi.S.o
                0x20001010                aeabi_mem_funcs
                0x20001020                aeabi_mem_funcs_end
 .data.stdio_usb
                0x20001020       0x18 CMakeFiles/mpu6500.dir/home/vagner/pico/pico-sdk/src/rp2_common/pico_stdio_usb/stdio_usb.c.o
                0x20001020                stdio_usb
 .data._usbd_qdef
                0x20001038       0x1c CMakeFiles/mpu6500.dir/home/vagner/pico/pico-sdk/lib/tinyusb/src/device/usbd.c.o
                0x20001038                _usbd_qdef
 .data._usbd_rhport
                0x20001054        0x1 CMakeFiles/mpu6500.dir/home/vagner/pico/pico-sdk/lib/tinyusb/src/device/usbd.c.o
 *fill*         0x20001055        0x3 
 .data.i2c0_inst
                0x20001058        0x8 CMakeFiles/mpu6500.dir/home/vagner/pico/pico-sdk/src/rp2_common/hardware_i2c/i2c.c.o
                0x20001058                i2c0_inst
                0x20001060                        . = ALIGN (0x4)
 *(.after_data.*)
                0x20001060                        . = ALIGN (0x4)
                0x20001060                        PROVIDE (__mutex_array_start = .)
 *(SORT_BY_NAME(.mutex_array.*))
 *(.mutex_array)
 .mutex_array   0x20001060        0x8 CMakeFiles/mpu6500.dir/home/vagner/pico/pico-sdk/src/rp2_common/pico_stdio/stdio.c.o
                0x20001068                        PROVIDE (__mutex_array_end = .)
                0x20001068                        . = ALIGN (0x4)
 *(.jcr)
                0x20001068                        . = ALIGN (0x4)

.tm_clone_table
                0x20001068        0x0 load address 0x10008440
 .tm_clone_table
                0x20001068        0x0 /usr/lib/gcc/arm-none-eabi/13.2.1/thumb/v6-m/nofp/crtbegin.o
 .tm_clone_table
                0x20001068        0x0 /usr/lib/gcc/arm-none-eabi/13.2.1/thumb/v6-m/nofp/crtend.o

.igot.plt       0x20001068        0x0 load address 0x10008440
 .igot.plt      0x20001068        0x0 /usr/lib/gcc/arm-none-eabi/13.2.1/thumb/v6-m/nofp/crtbegin.o

.tdata          0x20001068        0x0 load address 0x10008440
                0x20001068                        . = ALIGN (0x4)
 *(.tdata .tdata.* .gnu.linkonce.td.*)
                0x20001068                        __tdata_end = .
                0x20001068                        PROVIDE (__data_end__ = .)
                0x10007498                        __etext = LOADADDR (.data)

.tbss           0x20001068        0x0 load address 0x10008440
                0x20001068                        . = ALIGN (0x4)
                0x20001068                        __bss_start__ = .
                0x20001068                        __tls_base = .
 *(.tbss .tbss.* .gnu.linkonce.tb.*)
 *(.tcommon)
                0x20001068                        __tls_end = .

.bss            0x20001068     0x1210 load address 0x10008440
                0x20001068                        . = ALIGN (0x4)
                0x20001068                        __tbss_end = .
 *(SORT_BY_ALIGNMENT(SORT_BY_NAME(.bss*)))
 .bss.default_alarm_pool_entries
                0x20001068      0x180 CMakeFiles/mpu6500.dir/home/vagner/pico/pico-sdk/src/common/pico_time/time.c.o
 .bss.last_avail_time.1
                0x200011e8        0x8 CMakeFiles/mpu6500.dir/home/vagner/pico/pico-sdk/src/rp2_common/pico_stdio_usb/stdio_usb.c.o
 .bss.sd_table  0x200011f0      0x100 CMakeFiles/mpu6500.dir/home/vagner/pico/pico-sdk/src/rp2_common/pico_double/double_init_rom_rp2040.c.o
                0x200011f0                sd_table
 .bss.sf_table  0x200012f0      0x100 CMakeFiles/mpu6500.dir/home/vagner/pico/pico-sdk/src/rp2_common/pico_float/float_init_rom_rp2040.c.o
                0x200012f0                sf_table
 .bss           0x200013f0       0x1c /usr/lib/gcc/arm-none-eabi/13.2.1/thumb/v6-m/nofp/crtbegin.o
 .bss           0x2000140c      0x190 /usr/lib/gcc/arm-none-eabi/13.2.1/../../../arm-none-eabi/lib/thumb/v6-m/nofp/libg.a(libc_a-__atexit.o)
                0x2000140c                __atexit0
 .bss           0x2000159c        0x4 /usr/lib/gcc/arm-none-eabi/13.2.1/../../../arm-none-eabi/lib/thumb/v6-m/nofp/libg.a(libc_a-__call_atexit.o)
                0x2000159c                __atexit
 .bss._app_driver
                0x200015a0        0x4 CMakeFiles/mpu6500.dir/home/vagner/pico/pico-sdk/lib/tinyusb/src/device/usbd.c.o
 .bss._cdcd_fifo_cfg
                0x200015a4        0x1 CMakeFiles/mpu6500.dir/home/vagner/pico/pico-sdk/lib/tinyusb/src/class/cdc/cdc_device.c.o
 *fill*         0x200015a5        0x3 
 .bss._cdcd_itf
                0x200015a8      0x2c8 CMakeFiles/mpu6500.dir/home/vagner/pico/pico-sdk/lib/tinyusb/src/class/cdc/cdc_device.c.o
 .bss._ctrl_xfer
                0x20001870       0x14 CMakeFiles/mpu6500.dir/home/vagner/pico/pico-sdk/lib/tinyusb/src/device/usbd_control.c.o
 .bss._ubsd_mutexdef
                0x20001884        0x8 CMakeFiles/mpu6500.dir/home/vagner/pico/pico-sdk/lib/tinyusb/src/device/usbd.c.o
 .bss._usbd_ctrl_buf
                0x2000188c       0x40 CMakeFiles/mpu6500.dir/home/vagner/pico/pico-sdk/lib/tinyusb/src/device/usbd_control.c.o
 .bss._usbd_dev
                0x200018cc       0x54 CMakeFiles/mpu6500.dir/home/vagner/pico/pico-sdk/lib/tinyusb/src/device/usbd.c.o
 .bss._usbd_mutex
                0x20001920        0x4 CMakeFiles/mpu6500.dir/home/vagner/pico/pico-sdk/lib/tinyusb/src/device/usbd.c.o
 .bss._usbd_q   0x20001924        0x4 CMakeFiles/mpu6500.dir/home/vagner/pico/pico-sdk/lib/tinyusb/src/device/usbd.c.o
 .bss._usbd_qdef_buf
                0x20001928       0xc0 CMakeFiles/mpu6500.dir/home/vagner/pico/pico-sdk/lib/tinyusb/src/device/usbd.c.o
                0x20001928                _usbd_qdef_buf
 .bss._vendord_itf
                0x200019e8      0x2cc CMakeFiles/mpu6500.dir/home/vagner/pico/pico-sdk/lib/tinyusb/src/class/vendor/vendor_device.c.o
 .bss.boot2_copyout
                0x20001cb4      0x100 CMakeFiles/mpu6500.dir/home/vagner/pico/pico-sdk/src/rp2_common/hardware_flash/flash.c.o
 .bss.chars_available_callback
                0x20001db4        0x4 CMakeFiles/mpu6500.dir/home/vagner/pico/pico-sdk/src/rp2_common/pico_stdio_usb/stdio_usb.c.o
 .bss.chars_available_param
                0x20001db8        0x4 CMakeFiles/mpu6500.dir/home/vagner/pico/pico-sdk/src/rp2_common/pico_stdio_usb/stdio_usb.c.o
 .bss.claimed   0x20001dbc        0x4 CMakeFiles/mpu6500.dir/home/vagner/pico/pico-sdk/src/rp2_common/hardware_sync/sync.c.o
 .bss.claimed   0x20001dc0        0x1 CMakeFiles/mpu6500.dir/home/vagner/pico/pico-sdk/src/rp2_common/hardware_timer/timer.c.o
 *fill*         0x20001dc1        0x3 
 .bss.configured_freq
                0x20001dc4       0x28 CMakeFiles/mpu6500.dir/home/vagner/pico/pico-sdk/src/rp2_common/hardware_clocks/clocks.c.o
 .bss.desc_str.0
                0x20001dec       0x28 CMakeFiles/mpu6500.dir/home/vagner/pico/pico-sdk/src/rp2_common/pico_stdio_usb/stdio_usb_descriptors.c.o
 .bss.drivers   0x20001e14        0x4 CMakeFiles/mpu6500.dir/home/vagner/pico/pico-sdk/src/rp2_common/pico_stdio/stdio.c.o
 .bss.e15_last_sof
                0x20001e18        0x4 CMakeFiles/mpu6500.dir/home/vagner/pico/pico-sdk/lib/tinyusb/src/portable/raspberrypi/rp2040/rp2040_usb.c.o
                0x20001e18                e15_last_sof
 .bss.filter    0x20001e1c        0x4 CMakeFiles/mpu6500.dir/home/vagner/pico/pico-sdk/src/rp2_common/pico_stdio/stdio.c.o
 .bss.hw_endpoints
                0x20001e20      0x400 CMakeFiles/mpu6500.dir/home/vagner/pico/pico-sdk/lib/tinyusb/src/portable/raspberrypi/rp2040/dcd_rp2040.c.o
 .bss.lazy_vsnprintf
                0x20002220        0x4 CMakeFiles/mpu6500.dir/home/vagner/pico/pico-sdk/src/rp2_common/pico_printf/printf.c.o
 .bss.load_value
                0x20002224        0x4 CMakeFiles/mpu6500.dir/home/vagner/pico/pico-sdk/src/rp2_common/hardware_watchdog/watchdog.c.o
 .bss.next_buffer_ptr
                0x20002228        0x4 CMakeFiles/mpu6500.dir/home/vagner/pico/pico-sdk/lib/tinyusb/src/portable/raspberrypi/rp2040/dcd_rp2040.c.o
 .bss.one_shot_timer_crit_sec
                0x2000222c        0x8 CMakeFiles/mpu6500.dir/home/vagner/pico/pico-sdk/src/rp2_common/pico_stdio_usb/stdio_usb.c.o
 .bss.pools     0x20002234       0x10 CMakeFiles/mpu6500.dir/home/vagner/pico/pico-sdk/src/common/pico_time/time.c.o
 .bss.retrieved_id
                0x20002244        0x8 CMakeFiles/mpu6500.dir/home/vagner/pico/pico-sdk/src/rp2_common/pico_unique_id/unique_id.c.o
 .bss.sf_clz_func
                0x2000224c        0x4 CMakeFiles/mpu6500.dir/home/vagner/pico/pico-sdk/src/rp2_common/pico_double/double_init_rom_rp2040.c.o
                0x2000224c                sf_clz_func
 .bss.sleep_notifier
                0x20002250        0x4 CMakeFiles/mpu6500.dir/home/vagner/pico/pico-sdk/src/common/pico_time/time.c.o
 .bss.stdio_usb_mutex
                0x20002254        0x8 CMakeFiles/mpu6500.dir/home/vagner/pico/pico-sdk/src/rp2_common/pico_stdio_usb/stdio_usb.c.o
 .bss.usbd_serial_str
                0x2000225c       0x11 CMakeFiles/mpu6500.dir/home/vagner/pico/pico-sdk/src/rp2_common/pico_stdio_usb/stdio_usb_descriptors.c.o
 .bss._app_driver_count
                0x2000226d        0x1 CMakeFiles/mpu6500.dir/home/vagner/pico/pico-sdk/lib/tinyusb/src/device/usbd.c.o
 .bss._sof_enable
                0x2000226e        0x1 CMakeFiles/mpu6500.dir/home/vagner/pico/pico-sdk/lib/tinyusb/src/portable/raspberrypi/rp2040/dcd_rp2040.c.o
 .bss._usbd_queued_setup
                0x2000226f        0x1 CMakeFiles/mpu6500.dir/home/vagner/pico/pico-sdk/lib/tinyusb/src/device/usbd.c.o
 .bss.boot2_copyout_valid
                0x20002270        0x1 CMakeFiles/mpu6500.dir/home/vagner/pico/pico-sdk/src/rp2_common/hardware_flash/flash.c.o
 .bss.irq_handler_chain_free_slot_head
                0x20002271        0x1 CMakeFiles/mpu6500.dir/home/vagner/pico/pico-sdk/src/rp2_common/hardware_irq/irq.c.o
 .bss.itf_num   0x20002272        0x1 CMakeFiles/mpu6500.dir/home/vagner/pico/pico-sdk/src/rp2_common/pico_stdio_usb/reset_interface.c.o
 .bss.low_priority_irq_num
                0x20002273        0x1 CMakeFiles/mpu6500.dir/home/vagner/pico/pico-sdk/src/rp2_common/pico_stdio_usb/stdio_usb.c.o
 .bss.one_shot_timer_pending
                0x20002274        0x1 CMakeFiles/mpu6500.dir/home/vagner/pico/pico-sdk/src/rp2_common/pico_stdio_usb/stdio_usb.c.o
 .bss.user_irq_claimed
                0x20002275        0x1 CMakeFiles/mpu6500.dir/home/vagner/pico/pico-sdk/src/rp2_common/hardware_irq/irq.c.o
 *(COMMON)
                0x20002278                        . = ALIGN (0x4)
 *fill*         0x20002276        0x2 
                0x20002278                        __bss_end__ = .

.heap           0x20002278      0x800 load address 0x10008440
                0x20002278                        __end__ = .
                0x20002278                        end = __end__
 *(.heap*)
 .heap          0x20002278      0x800 CMakeFiles/mpu6500.dir/home/vagner/pico/pico-sdk/src/rp2_common/pico_crt0/crt0.S.o
                0x20040000                        __HeapLimit = (ORIGIN (RAM) + LENGTH (RAM))

.scratch_x      0x20040000        0x0 load address 0x10008440
                0x20040000                        __scratch_x_start__ = .
 *(.scratch_x.*)
                0x20040000                        . = ALIGN (0x4)
                0x20040000                        __scratch_x_end__ = .
                0x10008440                        __scratch_x_source__ = LOADADDR (.scratch_x)

.scratch_y      0x20041000        0x0 load address 0x10008440
                0x20041000                        __scratch_y_start__ = .
 *(.scratch_y.*)
                0x20041000                        . = ALIGN (0x4)
                0x20041000                        __scratch_y_end__ = .
                0x10008440                        __scratch_y_source__ = LOADADDR (.scratch_y)

.stack1_dummy
 *(.stack1*)

.stack_dummy    0x20041000      0x800
 *(.stack*)
 .stack         0x20041000      0x800 CMakeFiles/mpu6500.dir/home/vagner/pico/pico-sdk/src/rp2_common/pico_crt0/crt0.S.o

.flash_end      0x10008440        0x0
 *(.embedded_end_block*)
                0x10008440                        PROVIDE (__flash_binary_end = .)
                0x20040000                        __StackLimit = (ORIGIN (RAM) + LENGTH (RAM))
                0x20041000                        __StackOneTop = (ORIGIN (SCRATCH_X) + LENGTH (SCRATCH_X))
                0x20042000                        __StackTop = (ORIGIN (SCRATCH_Y) + LENGTH (SCRATCH_Y))
                0x20041000                        __StackOneBottom = (__StackOneTop - SIZEOF (.stack1_dummy))
                0x20041800                        __StackBottom = (__StackTop - SIZEOF (.stack_dummy))
                0x20042000                        PROVIDE (__stack = __StackTop)
                [!provide]                        PROVIDE (__heap_start = __end__)
                [!provide]                        PROVIDE (__heap_end = __HeapLimit)
                [!provide]                        PROVIDE (__tls_align = MAX (ALIGNOF (.tdata), ALIGNOF (.tbss)))
                [!provide]                        PROVIDE (__tls_size_align = (((__tls_size + __tls_align) - 0x1) & ~ ((__tls_align - 0x1))))
                [!provide]                        PROVIDE (__arm32_tls_tcb_offset = MAX (0x8, __tls_align))
                [!provide]                        PROVIDE (_end = __end__)
                [!provide]                        PROVIDE (__llvm_libc_heap_limit = __HeapLimit)
                0x00000001                        ASSERT ((__StackLimit >= __HeapLimit), region RAM overflowed)
                0x00000001                        ASSERT (((__binary_info_header_end - __logical_binary_start) <= 0x100), Binary info must be in first 256 bytes of the binary)
LOAD CMakeFiles/mpu6500.dir/src/main.c.o
LOAD CMakeFiles/mpu6500.dir/home/vagner/pico/pico-sdk/src/rp2_common/pico_stdlib/stdlib.c.o
LOAD CMakeFiles/mpu6500.dir/home/vagner/pico/pico-sdk/src/rp2_common/hardware_gpio/gpio.c.o
LOAD CMakeFiles/mpu6500.dir/home/vagner/pico/pico-sdk/src/rp2040/pico_platform/platform.c.o
LOAD CMakeFiles/mpu6500.dir/home/vagner/pico/pico-sdk/src/rp2_common/pico_platform_panic/panic.c.o
LOAD CMakeFiles/mpu6500.dir/home/vagner/pico/pico-sdk/src/common/hardware_claim/claim.c.o
LOAD CMakeFiles/mpu6500.dir/home/vagner/pico/pico-sdk/src/rp2_common/hardware_sync/sync.c.o
LOAD CMakeFiles/mpu6500.dir/home/vagner/pico/pico-sdk/src/rp2_common/hardware_sync_spin_lock/sync_spin_lock.c.o
LOAD CMakeFiles/mpu6500.dir/home/vagner/pico/pico-sdk/src/rp2_common/hardware_irq/irq.c.o
LOAD CMakeFiles/mpu6500.dir/home/vagner/pico/pico-sdk/src/rp2_common/hardware_irq/irq_handler_chain.S.o
LOAD CMakeFiles/mpu6500.dir/home/vagner/pico/pico-sdk/src/common/pico_sync/sem.c.o
LOAD CMakeFiles/mpu6500.dir/home/vagner/pico/pico-sdk/src/common/pico_sync/lock_core.c.o
LOAD CMakeFiles/mpu6500.dir/home/vagner/pico/pico-sdk/src/common/pico_sync/mutex.c.o
LOAD CMakeFiles/mpu6500.dir/home/vagner/pico/pico-sdk/src/common/pico_sync/critical_section.c.o
LOAD CMakeFiles/mpu6500.dir/home/vagner/pico/pico-sdk/src/common/pico_time/time.c.o
LOAD CMakeFiles/mpu6500.dir/home/vagner/pico/pico-sdk/src/common/pico_time/timeout_helper.c.o
LOAD CMakeFiles/mpu6500.dir/home/vagner/pico/pico-sdk/src/rp2_common/hardware_timer/timer.c.o
LOAD CMakeFiles/mpu6500.dir/home/vagner/pico/pico-sdk/src/common/pico_util/datetime.c.o
LOAD CMakeFiles/mpu6500.dir/home/vagner/pico/pico-sdk/src/common/pico_util/pheap.c.o
LOAD CMakeFiles/mpu6500.dir/home/vagner/pico/pico-sdk/src/common/pico_util/queue.c.o
LOAD CMakeFiles/mpu6500.dir/home/vagner/pico/pico-sdk/src/rp2_common/hardware_uart/uart.c.o
LOAD CMakeFiles/mpu6500.dir/home/vagner/pico/pico-sdk/src/rp2_common/hardware_clocks/clocks.c.o
LOAD CMakeFiles/mpu6500.dir/home/vagner/pico/pico-sdk/src/rp2_common/hardware_pll/pll.c.o
LOAD CMakeFiles/mpu6500.dir/home/vagner/pico/pico-sdk/src/rp2_common/hardware_vreg/vreg.c.o
LOAD CMakeFiles/mpu6500.dir/home/vagner/pico/pico-sdk/src/rp2_common/hardware_watchdog/watchdog.c.o
LOAD CMakeFiles/mpu6500.dir/home/vagner/pico/pico-sdk/src/rp2_common/hardware_ticks/ticks.c.o
LOAD CMakeFiles/mpu6500.dir/home/vagner/pico/pico-sdk/src/rp2_common/pico_bootrom/bootrom.c.o
LOAD CMakeFiles/mpu6500.dir/home/vagner/pico/pico-sdk/src/rp2_common/pico_bootrom/bootrom_lock.c.o
LOAD CMakeFiles/mpu6500.dir/home/vagner/pico/pico-sdk/src/rp2_common/hardware_boot_lock/boot_lock.c.o
LOAD CMakeFiles/mpu6500.dir/home/vagner/pico/pico-sdk/src/rp2_common/pico_flash/flash.c.o
LOAD CMakeFiles/mpu6500.dir/home/vagner/pico/pico-sdk/src/rp2_common/hardware_xosc/xosc.c.o
LOAD CMakeFiles/mpu6500.dir/home/vagner/pico/pico-sdk/src/rp2_common/hardware_divider/divider.S.o
LOAD CMakeFiles/mpu6500.dir/home/vagner/pico/pico-sdk/src/rp2_common/pico_runtime/runtime.c.o
LOAD CMakeFiles/mpu6500.dir/home/vagner/pico/pico-sdk/src/rp2_common/pico_runtime_init/runtime_init.c.o
LOAD CMakeFiles/mpu6500.dir/home/vagner/pico/pico-sdk/src/rp2_common/pico_runtime_init/runtime_init_clocks.c.o
LOAD CMakeFiles/mpu6500.dir/home/vagner/pico/pico-sdk/src/rp2_common/pico_runtime_init/runtime_init_stack_guard.c.o
LOAD CMakeFiles/mpu6500.dir/home/vagner/pico/pico-sdk/src/rp2_common/pico_bit_ops/bit_ops_aeabi.S.o
LOAD CMakeFiles/mpu6500.dir/home/vagner/pico/pico-sdk/src/rp2_common/pico_divider/divider_hardware.S.o
LOAD CMakeFiles/mpu6500.dir/home/vagner/pico/pico-sdk/src/rp2_common/pico_double/double_aeabi_rp2040.S.o
LOAD CMakeFiles/mpu6500.dir/home/vagner/pico/pico-sdk/src/rp2_common/pico_double/double_init_rom_rp2040.c.o
LOAD CMakeFiles/mpu6500.dir/home/vagner/pico/pico-sdk/src/rp2_common/pico_double/double_math.c.o
LOAD CMakeFiles/mpu6500.dir/home/vagner/pico/pico-sdk/src/rp2_common/pico_double/double_v1_rom_shim_rp2040.S.o
LOAD CMakeFiles/mpu6500.dir/home/vagner/pico/pico-sdk/src/rp2_common/pico_int64_ops/pico_int64_ops_aeabi.S.o
LOAD CMakeFiles/mpu6500.dir/home/vagner/pico/pico-sdk/src/rp2_common/pico_float/float_aeabi_rp2040.S.o
LOAD CMakeFiles/mpu6500.dir/home/vagner/pico/pico-sdk/src/rp2_common/pico_float/float_init_rom_rp2040.c.o
LOAD CMakeFiles/mpu6500.dir/home/vagner/pico/pico-sdk/src/rp2_common/pico_float/float_math.c.o
LOAD CMakeFiles/mpu6500.dir/home/vagner/pico/pico-sdk/src/rp2_common/pico_float/float_v1_rom_shim_rp2040.S.o
LOAD CMakeFiles/mpu6500.dir/home/vagner/pico/pico-sdk/src/rp2_common/pico_malloc/malloc.c.o
LOAD CMakeFiles/mpu6500.dir/home/vagner/pico/pico-sdk/src/rp2_common/pico_mem_ops/mem_ops_aeabi.S.o
LOAD CMakeFiles/mpu6500.dir/home/vagner/pico/pico-sdk/src/rp2_common/pico_atomic/atomic.c.o
LOAD CMakeFiles/mpu6500.dir/home/vagner/pico/pico-sdk/src/rp2_common/pico_cxx_options/new_delete.cpp.o
LOAD CMakeFiles/mpu6500.dir/home/vagner/pico/pico-sdk/src/rp2_common/pico_standard_binary_info/standard_binary_info.c.o
LOAD CMakeFiles/mpu6500.dir/home/vagner/pico/pico-sdk/src/rp2_common/pico_printf/printf.c.o
LOAD CMakeFiles/mpu6500.dir/home/vagner/pico/pico-sdk/src/rp2_common/pico_crt0/crt0.S.o
LOAD CMakeFiles/mpu6500.dir/home/vagner/pico/pico-sdk/src/rp2_common/pico_clib_interface/newlib_interface.c.o
LOAD CMakeFiles/mpu6500.dir/home/vagner/pico/pico-sdk/src/rp2_common/pico_stdio/stdio.c.o
LOAD CMakeFiles/mpu6500.dir/home/vagner/pico/pico-sdk/src/rp2_common/pico_stdio_usb/reset_interface.c.o
LOAD CMakeFiles/mpu6500.dir/home/vagner/pico/pico-sdk/src/rp2_common/pico_stdio_usb/stdio_usb.c.o
LOAD CMakeFiles/mpu6500.dir/home/vagner/pico/pico-sdk/src/rp2_common/pico_stdio_usb/stdio_usb_descriptors.c.o
LOAD CMakeFiles/mpu6500.dir/home/vagner/pico/pico-sdk/src/rp2_common/pico_unique_id/unique_id.c.o
LOAD CMakeFiles/mpu6500.dir/home/vagner/pico/pico-sdk/src/rp2_common/hardware_flash/flash.c.o
LOAD CMakeFiles/mpu6500.dir/home/vagner/pico/pico-sdk/src/rp2_common/hardware_xip_cache/xip_cache.c.o
LOAD CMakeFiles/mpu6500.dir/home/vagner/pico/pico-sdk/lib/tinyusb/src/portable/raspberrypi/rp2040/dcd_rp2040.c.o
LOAD CMakeFiles/mpu6500.dir/home/vagner/pico/pico-sdk/lib/tinyusb/src/portable/raspberrypi/rp2040/rp2040_usb.c.o
LOAD CMakeFiles/mpu6500.dir/home/vagner/pico/pico-sdk/lib/tinyusb/src/device/usbd.c.o
LOAD CMakeFiles/mpu6500.dir/home/vagner/pico/pico-sdk/lib/tinyusb/src/device/usbd_control.c.o
LOAD CMakeFiles/mpu6500.dir/home/vagner/pico/pico-sdk/lib/tinyusb/src/class/audio/audio_device.c.o
LOAD CMakeFiles/mpu6500.dir/home/vagner/pico/pico-sdk/lib/tinyusb/src/class/cdc/cdc_device.c.o
LOAD CMakeFiles/mpu6500.dir/home/vagner/pico/pico-sdk/lib/tinyusb/src/class/dfu/dfu_device.c.o
LOAD CMakeFiles/mpu6500.dir/home/vagner/pico/pico-sdk/lib/tinyusb/src/class/dfu/dfu_rt_device.c.o
LOAD CMakeFiles/mpu6500.dir/home/vagner/pico/pico-sdk/lib/tinyusb/src/class/hid/hid_device.c.o
LOAD CMakeFiles/mpu6500.dir/home/vagner/pico/pico-sdk/lib/tinyusb/src/class/midi/midi_device.c.o
LOAD CMakeFiles/mpu6500.dir/home/vagner/pico/pico-sdk/lib/tinyusb/src/class/msc/msc_device.c.o
LOAD CMakeFiles/mpu6500.dir/home/vagner/pico/pico-sdk/lib/tinyusb/src/class/net/ecm_rndis_device.c.o
LOAD CMakeFiles/mpu6500.dir/home/vagner/pico/pico-sdk/lib/tinyusb/src/class/net/ncm_device.c.o
LOAD CMakeFiles/mpu6500.dir/home/vagner/pico/pico-sdk/lib/tinyusb/src/class/usbtmc/usbtmc_device.c.o
LOAD CMakeFiles/mpu6500.dir/home/vagner/pico/pico-sdk/lib/tinyusb/src/class/vendor/vendor_device.c.o
LOAD CMakeFiles/mpu6500.dir/home/vagner/pico/pico-sdk/lib/tinyusb/src/class/video/video_device.c.o
LOAD CMakeFiles/mpu6500.dir/home/vagner/pico/pico-sdk/lib/tinyusb/src/tusb.c.o
LOAD CMakeFiles/mpu6500.dir/home/vagner/pico/pico-sdk/lib/tinyusb/src/common/tusb_fifo.c.o
LOAD CMakeFiles/mpu6500.dir/home/vagner/pico/pico-sdk/src/rp2_common/pico_fix/rp2040_usb_device_enumeration/rp2040_usb_device_enumeration.c.o
LOAD CMakeFiles/mpu6500.dir/home/vagner/pico/pico-sdk/src/rp2_common/hardware_i2c/i2c.c.o
LOAD pico-sdk/src/rp2040/boot_stage2/CMakeFiles/bs2_default_library.dir/bs2_default_padded_checksummed.S.o
LOAD /usr/lib/gcc/arm-none-eabi/13.2.1/../../../arm-none-eabi/lib/thumb/v6-m/nofp/libstdc++.a
LOAD /usr/lib/gcc/arm-none-eabi/13.2.1/../../../arm-none-eabi/lib/thumb/v6-m/nofp/libm.a
START GROUP
LOAD /usr/lib/gcc/arm-none-eabi/13.2.1/thumb/v6-m/nofp/libgcc.a
LOAD /usr/lib/gcc/arm-none-eabi/13.2.1/../../../arm-none-eabi/lib/thumb/v6-m/nofp/libg.a
LOAD /usr/lib/gcc/arm-none-eabi/13.2.1/../../../arm-none-eabi/lib/thumb/v6-m/nofp/libc.a
END GROUP
START GROUP
LOAD /usr/lib/gcc/arm-none-eabi/13.2.1/thumb/v6-m/nofp/libgcc.a
LOAD /usr/lib/gcc/arm-none-eabi/13.2.1/../../../arm-none-eabi/lib/thumb/v6-m/nofp/libc.a
LOAD /usr/lib/gcc/arm-none-eabi/13.2.1/../../../arm-none-eabi/lib/thumb/v6-m/nofp/libnosys.a
END GROUP
LOAD /usr/lib/gcc/arm-none-eabi/13.2.1/thumb/v6-m/nofp/crtend.o
LOAD /usr/lib/gcc/arm-none-eabi/13.2.1/thumb/v6-m/nofp/crtn.o
OUTPUT(mpu6500.elf elf32-littlearm)
LOAD linker stubs

.ARM.attributes
                0x00000000       0x28
 .ARM.attributes
                0x00000000       0x1e /usr/lib/gcc/arm-none-eabi/13.2.1/thumb/v6-m/nofp/crti.o
 .ARM.attributes
                0x0000001e       0x2c /usr/lib/gcc/arm-none-eabi/13.2.1/thumb/v6-m/nofp/crtbegin.o
 .ARM.attributes